Archive member included to satisfy reference by file (symbol)

/home/aghosh01/tmp/QuadcopterCodebase/Athena/arm-none-eabi-gcc_5_4_BE/gcc-arm-none-eabi-5_4-2017q1_BE_LINUX/bin/../lib/gcc/arm-none-eabi/5.4.1/../../../../arm-none-eabi/lib/armv7e-m/fpu/libc.a(lib_a-exit.o)
                              /home/aghosh01/tmp/QuadcopterCodebase/Athena/arm-none-eabi-gcc_5_4_BE/gcc-arm-none-eabi-5_4-2017q1_BE_LINUX/bin/../lib/gcc/arm-none-eabi/5.4.1/../../../../arm-none-eabi/lib/armv7e-m/fpu/crt0.o (exit)
/home/aghosh01/tmp/QuadcopterCodebase/Athena/arm-none-eabi-gcc_5_4_BE/gcc-arm-none-eabi-5_4-2017q1_BE_LINUX/bin/../lib/gcc/arm-none-eabi/5.4.1/../../../../arm-none-eabi/lib/armv7e-m/fpu/libc.a(lib_a-impure.o)
                              /home/aghosh01/tmp/QuadcopterCodebase/Athena/arm-none-eabi-gcc_5_4_BE/gcc-arm-none-eabi-5_4-2017q1_BE_LINUX/bin/../lib/gcc/arm-none-eabi/5.4.1/../../../../arm-none-eabi/lib/armv7e-m/fpu/libc.a(lib_a-exit.o) (_global_impure_ptr)
/home/aghosh01/tmp/QuadcopterCodebase/Athena/arm-none-eabi-gcc_5_4_BE/gcc-arm-none-eabi-5_4-2017q1_BE_LINUX/bin/../lib/gcc/arm-none-eabi/5.4.1/../../../../arm-none-eabi/lib/armv7e-m/fpu/libc.a(lib_a-init.o)
                              /home/aghosh01/tmp/QuadcopterCodebase/Athena/arm-none-eabi-gcc_5_4_BE/gcc-arm-none-eabi-5_4-2017q1_BE_LINUX/bin/../lib/gcc/arm-none-eabi/5.4.1/../../../../arm-none-eabi/lib/armv7e-m/fpu/crt0.o (__libc_init_array)
/home/aghosh01/tmp/QuadcopterCodebase/Athena/arm-none-eabi-gcc_5_4_BE/gcc-arm-none-eabi-5_4-2017q1_BE_LINUX/bin/../lib/gcc/arm-none-eabi/5.4.1/../../../../arm-none-eabi/lib/armv7e-m/fpu/libc.a(lib_a-memset.o)
                              /home/aghosh01/tmp/QuadcopterCodebase/Athena/arm-none-eabi-gcc_5_4_BE/gcc-arm-none-eabi-5_4-2017q1_BE_LINUX/bin/../lib/gcc/arm-none-eabi/5.4.1/../../../../arm-none-eabi/lib/armv7e-m/fpu/crt0.o (memset)
/home/aghosh01/tmp/QuadcopterCodebase/Athena/arm-none-eabi-gcc_5_4_BE/gcc-arm-none-eabi-5_4-2017q1_BE_LINUX/bin/../lib/gcc/arm-none-eabi/5.4.1/../../../../arm-none-eabi/lib/armv7e-m/fpu/libc.a(lib_a-__call_atexit.o)
                              /home/aghosh01/tmp/QuadcopterCodebase/Athena/arm-none-eabi-gcc_5_4_BE/gcc-arm-none-eabi-5_4-2017q1_BE_LINUX/bin/../lib/gcc/arm-none-eabi/5.4.1/../../../../arm-none-eabi/lib/armv7e-m/fpu/libc.a(lib_a-exit.o) (__call_exitprocs)
/home/aghosh01/tmp/QuadcopterCodebase/Athena/arm-none-eabi-gcc_5_4_BE/gcc-arm-none-eabi-5_4-2017q1_BE_LINUX/bin/../lib/gcc/arm-none-eabi/5.4.1/../../../../arm-none-eabi/lib/armv7e-m/fpu/libc.a(lib_a-atexit.o)
                              /home/aghosh01/tmp/QuadcopterCodebase/Athena/arm-none-eabi-gcc_5_4_BE/gcc-arm-none-eabi-5_4-2017q1_BE_LINUX/bin/../lib/gcc/arm-none-eabi/5.4.1/../../../../arm-none-eabi/lib/armv7e-m/fpu/libc.a(lib_a-__call_atexit.o) (atexit)
/home/aghosh01/tmp/QuadcopterCodebase/Athena/arm-none-eabi-gcc_5_4_BE/gcc-arm-none-eabi-5_4-2017q1_BE_LINUX/bin/../lib/gcc/arm-none-eabi/5.4.1/../../../../arm-none-eabi/lib/armv7e-m/fpu/libc.a(lib_a-fini.o)
                              /home/aghosh01/tmp/QuadcopterCodebase/Athena/arm-none-eabi-gcc_5_4_BE/gcc-arm-none-eabi-5_4-2017q1_BE_LINUX/bin/../lib/gcc/arm-none-eabi/5.4.1/../../../../arm-none-eabi/lib/armv7e-m/fpu/libc.a(lib_a-__call_atexit.o) (__libc_fini_array)
/home/aghosh01/tmp/QuadcopterCodebase/Athena/arm-none-eabi-gcc_5_4_BE/gcc-arm-none-eabi-5_4-2017q1_BE_LINUX/bin/../lib/gcc/arm-none-eabi/5.4.1/../../../../arm-none-eabi/lib/armv7e-m/fpu/libc.a(lib_a-__atexit.o)
                              /home/aghosh01/tmp/QuadcopterCodebase/Athena/arm-none-eabi-gcc_5_4_BE/gcc-arm-none-eabi-5_4-2017q1_BE_LINUX/bin/../lib/gcc/arm-none-eabi/5.4.1/../../../../arm-none-eabi/lib/armv7e-m/fpu/libc.a(lib_a-atexit.o) (__register_exitproc)
/home/aghosh01/tmp/QuadcopterCodebase/Athena/arm-none-eabi-gcc_5_4_BE/gcc-arm-none-eabi-5_4-2017q1_BE_LINUX/bin/../lib/gcc/arm-none-eabi/5.4.1/../../../../arm-none-eabi/lib/armv7e-m/fpu/libm.a(lib_a-sf_cos.o)
                              user_source/quaternion.o (cosf)
/home/aghosh01/tmp/QuadcopterCodebase/Athena/arm-none-eabi-gcc_5_4_BE/gcc-arm-none-eabi-5_4-2017q1_BE_LINUX/bin/../lib/gcc/arm-none-eabi/5.4.1/../../../../arm-none-eabi/lib/armv7e-m/fpu/libm.a(lib_a-sf_sin.o)
                              user_source/quaternion.o (sinf)
/home/aghosh01/tmp/QuadcopterCodebase/Athena/arm-none-eabi-gcc_5_4_BE/gcc-arm-none-eabi-5_4-2017q1_BE_LINUX/bin/../lib/gcc/arm-none-eabi/5.4.1/../../../../arm-none-eabi/lib/armv7e-m/fpu/libm.a(lib_a-wf_asin.o)
                              user_source/quaternion.o (asinf)
/home/aghosh01/tmp/QuadcopterCodebase/Athena/arm-none-eabi-gcc_5_4_BE/gcc-arm-none-eabi-5_4-2017q1_BE_LINUX/bin/../lib/gcc/arm-none-eabi/5.4.1/../../../../arm-none-eabi/lib/armv7e-m/fpu/libm.a(lib_a-wf_atan2.o)
                              user_source/quaternion.o (atan2f)
[...]
Memory Configuration

Name             Origin             Length             Attributes
FLASH            0x0000000008000000 0x0000000000040000 xr
RAM              0x0000000020000000 0x000000000000a000 xrw
CCMRAM           0x0000000010000000 0x0000000000002000 rw
*default*        0x0000000000000000 0xffffffffffffffff

Linker script and memory map

LOAD /home/aghosh01/tmp/QuadcopterCodebase/Athena/arm-none-eabi-gcc_5_4_BE/gcc-arm-none-eabi-5_4-2017q1_BE_LINUX/bin/../lib/gcc/arm-none-eabi/5.4.1/armv7e-m/fpu/crti.o
LOAD /home/aghosh01/tmp/QuadcopterCodebase/Athena/arm-none-eabi-gcc_5_4_BE/gcc-arm-none-eabi-5_4-2017q1_BE_LINUX/bin/../lib/gcc/arm-none-eabi/5.4.1/armv7e-m/fpu/crtbegin.o
LOAD /home/aghosh01/tmp/QuadcopterCodebase/Athena/arm-none-eabi-gcc_5_4_BE/gcc-arm-none-eabi-5_4-2017q1_BE_LINUX/bin/../lib/gcc/arm-none-eabi/5.4.1/../../../../arm-none-eabi/lib/armv7e-m/fpu/crt0.o
                0x000000002000a000                _estack = 0x2000a000
                0x0000000000002000                _Min_Heap_Size = 0x2000
                0x0000000000001000                _Min_Stack_Size = 0x1000

.isr_vector     0x0000000008000000      0x188
                0x0000000008000000                . = ALIGN (0x4)
 *(.isr_vector)
 .isr_vector    0x0000000008000000      0x188 user_source/hal_interface/startup_stm32f303xc.o
                0x0000000008000000                g_pfnVectors
                0x0000000008000188                . = ALIGN (0x4)

.text           0x0000000008000190     0x80ec
                0x0000000008000190                . = ALIGN (0x4)
 *(.text)
 .text          0x0000000008000190       0x5c /home/aghosh01/tmp/QuadcopterCodebase/Athena/arm-none-eabi-gcc_5_4_BE/gcc-arm-none-eabi-5_4-2017q1_BE_LINUX/bin/../lib/gcc/arm-none-eabi/5.4.1/armv7e-m/fpu/crtbegin.o
 .text          0x00000000080001ec      0x134 /home/aghosh01/tmp/QuadcopterCodebase/Athena/arm-none-eabi-gcc_5_4_BE/gcc-arm-none-eabi-5_4-2017q1_BE_LINUX/bin/../lib/gcc/arm-none-eabi/5.4.1/../../../../arm-none-eabi/lib/armv7e-m/fpu/libc.a(lib_a-memcpy.o)
                0x00000000080001ec                memcpy
 .text          0x0000000008000320      0x370 /home/aghosh01/tmp/QuadcopterCodebase/Athena/arm-none-eabi-gcc_5_4_BE/gcc-arm-none-eabi-5_4-2017q1_BE_LINUX/bin/../lib/gcc/arm-none-eabi/5.4.1/armv7e-m/fpu/libgcc.a(_arm_addsubdf3.o)
                0x0000000008000320                __aeabi_drsub
                0x0000000008000328                __aeabi_dsub
                0x0000000008000328                __subdf3
                0x000000000800032c                __adddf3
                0x000000000800032c                __aeabi_dadd
                0x00000000080005a4                __aeabi_ui2d
                0x00000000080005a4                __floatunsidf
                0x00000000080005c4                __floatsidf
                0x00000000080005c4                __aeabi_i2d
                0x00000000080005e8                __extendsfdf2
                0x00000000080005e8                __aeabi_f2d
                0x0000000008000624                __aeabi_ul2d
                0x0000000008000624                __floatundidf
                0x0000000008000634                __floatdidf
                0x0000000008000634                __aeabi_l2d
 .text          0x0000000008000690      0x424 /home/aghosh01/tmp/QuadcopterCodebase/Athena/arm-none-eabi-gcc_5_4_BE/gcc-arm-none-eabi-5_4-2017q1_BE_LINUX/bin/../lib/gcc/arm-none-eabi/5.4.1/armv7e-m/fpu/libgcc.a(_arm_muldivdf3.o)
                0x0000000008000690                __aeabi_dmul
                0x0000000008000690                __muldf3
                0x00000000080008e4                __aeabi_ddiv
                0x00000000080008e4                __divdf3
 .text          0x0000000008000ab4       0xa0 /home/aghosh01/tmp/QuadcopterCodebase/Athena/arm-none-eabi-gcc_5_4_BE/gcc-arm-none-eabi-5_4-2017q1_BE_LINUX/bin/../lib/gcc/arm-none-eabi/5.4.1/armv7e-m/fpu/libgcc.a(_arm_truncdfsf2.o)
                0x0000000008000ab4                __aeabi_d2f
                0x0000000008000ab4                __truncdfsf2
 *(.text*)
 .text.memset   0x0000000008000b54       0x9c /home/aghosh01/tmp/QuadcopterCodebase/Athena/arm-none-eabi-gcc_5_4_BE/gcc-arm-none-eabi-5_4-2017q1_BE_LINUX/bin/../lib/gcc/arm-none-eabi/5.4.1/../../../../arm-none-eabi/lib/armv7e-m/fpu/libc.a(lib_a-memset.o)
                0x0000000008000b54                memset
 .text.startup.register_fini
                0x0000000008000bf0       0x14 /home/aghosh01/tmp/QuadcopterCodebase/Athena/arm-none-eabi-gcc_5_4_BE/gcc-arm-none-eabi-5_4-2017q1_BE_LINUX/bin/../lib/gcc/arm-none-eabi/5.4.1/../../../../arm-none-eabi/lib/armv7e-m/fpu/libc.a(lib_a-__call_atexit.o)
 .text.atexit   0x0000000008000c04        0xc /home/aghosh01/tmp/QuadcopterCodebase/Athena/arm-none-eabi-gcc_5_4_BE/gcc-arm-none-eabi-5_4-2017q1_BE_LINUX/bin/../lib/gcc/arm-none-eabi/5.4.1/../../../../arm-none-eabi/lib/armv7e-m/fpu/libc.a(lib_a-atexit.o)
                0x0000000008000c04                atexit
 .text.__libc_fini_array
                0x0000000008000c10       0x28 /home/aghosh01/tmp/QuadcopterCodebase/Athena/arm-none-eabi-gcc_5_4_BE/gcc-arm-none-eabi-5_4-2017q1_BE_LINUX/bin/../lib/gcc/arm-none-eabi/5.4.1/../../../../arm-none-eabi/lib/armv7e-m/fpu/libc.a(lib_a-fini.o)
                0x0000000008000c10                __libc_fini_array
 .text.__register_exitproc
                0x0000000008000c38       0xa4 /home/aghosh01/tmp/QuadcopterCodebase/Athena/arm-none-eabi-gcc_5_4_BE/gcc-arm-none-eabi-5_4-2017q1_BE_LINUX/bin/../lib/gcc/arm-none-eabi/5.4.1/../../../../arm-none-eabi/lib/armv7e-m/fpu/libc.a(lib_a-__atexit.o)
                0x0000000008000c38                __register_exitproc
 .text.HAL_MspInit
                0x0000000008000cdc        0x4 ../../Athena/arch/stm32/f3/src/stm32f3xx_hal.o
                0x0000000008000cdc                HAL_MspInit
 .text.HAL_InitTick
                0x0000000008000ce0       0x2c ../../Athena/arch/stm32/f3/src/stm32f3xx_hal.o
                0x0000000008000ce0                HAL_InitTick
 .text.HAL_Init
                0x0000000008000d0c       0x24 ../../Athena/arch/stm32/f3/src/stm32f3xx_hal.o
                0x0000000008000d0c                HAL_Init
 .text.HAL_IncTick
                0x0000000008000d30       0x10 ../../Athena/arch/stm32/f3/src/stm32f3xx_hal.o
                0x0000000008000d30                HAL_IncTick
 .text.HAL_GetTick
                0x0000000008000d40        0xc ../../Athena/arch/stm32/f3/src/stm32f3xx_hal.o
                0x0000000008000d40                HAL_GetTick
 .text.HAL_GPIO_Init
                0x0000000008000d4c      0x1d8 ../../Athena/arch/stm32/f3/src/stm32f3xx_hal_gpio.o
                0x0000000008000d4c                HAL_GPIO_Init
 .text.HAL_GPIO_WritePin
                0x0000000008000f24        0xc ../../Athena/arch/stm32/f3/src/stm32f3xx_hal_gpio.o
                0x0000000008000f24                HAL_GPIO_WritePin
 .text.TIM_OC5_SetConfig
                0x0000000008000f30       0x70 ../../Athena/arch/stm32/f3/src/stm32f3xx_hal_tim_ex.o
 .text.TIM_OC6_SetConfig
                0x0000000008000fa0       0x70 ../../Athena/arch/stm32/f3/src/stm32f3xx_hal_tim_ex.o
 .text.HAL_TIM_PWM_ConfigChannel
                0x0000000008001010      0x128 ../../Athena/arch/stm32/f3/src/stm32f3xx_hal_tim_ex.o
                0x0000000008001010                HAL_TIM_PWM_ConfigChannel
 .text.HAL_TIMEx_CommutationCallback
                0x0000000008001138        0x4 ../../Athena/arch/stm32/f3/src/stm32f3xx_hal_tim_ex.o
                0x0000000008001138                HAL_TIMEx_CommutationCallback
 .text.HAL_TIMEx_BreakCallback
                0x000000000800113c        0x4 ../../Athena/arch/stm32/f3/src/stm32f3xx_hal_tim_ex.o
                0x000000000800113c                HAL_TIMEx_BreakCallback
 .text.HAL_NVIC_SetPriorityGrouping
                0x0000000008001140       0x24 ../../Athena/arch/stm32/f3/src/stm32f3xx_hal_cortex.o
                0x0000000008001140                HAL_NVIC_SetPriorityGrouping
 .text.HAL_NVIC_SetPriority
                0x0000000008001164       0x70 ../../Athena/arch/stm32/f3/src/stm32f3xx_hal_cortex.o
                0x0000000008001164                HAL_NVIC_SetPriority
 .text.HAL_NVIC_EnableIRQ
                0x00000000080011d4       0x18 ../../Athena/arch/stm32/f3/src/stm32f3xx_hal_cortex.o
                0x00000000080011d4                HAL_NVIC_EnableIRQ
 .text.HAL_NVIC_DisableIRQ
                0x00000000080011ec       0x1c ../../Athena/arch/stm32/f3/src/stm32f3xx_hal_cortex.o
                0x00000000080011ec                HAL_NVIC_DisableIRQ
 .text.HAL_SYSTICK_Config
                0x0000000008001208       0x34 ../../Athena/arch/stm32/f3/src/stm32f3xx_hal_cortex.o
                0x0000000008001208                HAL_SYSTICK_Config
 .text.TIM_SlaveTimer_SetConfig
                0x000000000800123c       0xb4 ../../Athena/arch/stm32/f3/src/stm32f3xx_hal_tim.o
 .text.HAL_TIM_PWM_Start
                0x00000000080012f0       0x60 ../../Athena/arch/stm32/f3/src/stm32f3xx_hal_tim.o
                0x00000000080012f0                HAL_TIM_PWM_Start
 .text.HAL_TIM_IC_Start
                0x0000000008001350       0x24 ../../Athena/arch/stm32/f3/src/stm32f3xx_hal_tim.o
                0x0000000008001350                HAL_TIM_IC_Start
 .text.HAL_TIM_IC_Start_IT
                0x0000000008001374       0x68 ../../Athena/arch/stm32/f3/src/stm32f3xx_hal_tim.o
                0x0000000008001374                HAL_TIM_IC_Start_IT
 .text.HAL_TIM_SlaveConfigSynchronization
                0x00000000080013dc       0x40 ../../Athena/arch/stm32/f3/src/stm32f3xx_hal_tim.o
                0x00000000080013dc                HAL_TIM_SlaveConfigSynchronization
 .text.HAL_TIM_ReadCapturedValue
                0x000000000800141c       0x60 ../../Athena/arch/stm32/f3/src/stm32f3xx_hal_tim.o
                0x000000000800141c                HAL_TIM_ReadCapturedValue
 .text.HAL_TIM_PeriodElapsedCallback
                0x000000000800147c        0x4 ../../Athena/arch/stm32/f3/src/stm32f3xx_hal_tim.o
                0x000000000800147c                HAL_TIM_PeriodElapsedCallback
 .text.HAL_TIM_OC_DelayElapsedCallback
                0x0000000008001480        0x4 ../../Athena/arch/stm32/f3/src/stm32f3xx_hal_tim.o
                0x0000000008001480                HAL_TIM_OC_DelayElapsedCallback
 .text.HAL_TIM_PWM_PulseFinishedCallback
                0x0000000008001484        0x4 ../../Athena/arch/stm32/f3/src/stm32f3xx_hal_tim.o
                0x0000000008001484                HAL_TIM_PWM_PulseFinishedCallback
 .text.HAL_TIM_TriggerCallback
                0x0000000008001488        0x4 ../../Athena/arch/stm32/f3/src/stm32f3xx_hal_tim.o
                0x0000000008001488                HAL_TIM_TriggerCallback
 .text.HAL_TIM_IRQHandler
                0x000000000800148c      0x154 ../../Athena/arch/stm32/f3/src/stm32f3xx_hal_tim.o
                0x000000000800148c                HAL_TIM_IRQHandler
 .text.TIM_Base_SetConfig
                0x00000000080015e0       0xd8 ../../Athena/arch/stm32/f3/src/stm32f3xx_hal_tim.o
                0x00000000080015e0                TIM_Base_SetConfig
 .text.HAL_TIM_PWM_Init
                0x00000000080016b8       0x38 ../../Athena/arch/stm32/f3/src/stm32f3xx_hal_tim.o
                0x00000000080016b8                HAL_TIM_PWM_Init
 .text.HAL_TIM_IC_Init
                0x00000000080016f0       0x38 ../../Athena/arch/stm32/f3/src/stm32f3xx_hal_tim.o
                0x00000000080016f0                HAL_TIM_IC_Init
 .text.TIM_OC1_SetConfig
                0x0000000008001728       0x80 ../../Athena/arch/stm32/f3/src/stm32f3xx_hal_tim.o
                0x0000000008001728                TIM_OC1_SetConfig
 .text.TIM_OC2_SetConfig
                0x00000000080017a8       0x84 ../../Athena/arch/stm32/f3/src/stm32f3xx_hal_tim.o
                0x00000000080017a8                TIM_OC2_SetConfig
 .text.TIM_OC3_SetConfig
                0x000000000800182c       0x80 ../../Athena/arch/stm32/f3/src/stm32f3xx_hal_tim.o
                0x000000000800182c                TIM_OC3_SetConfig
 .text.TIM_OC4_SetConfig
                0x00000000080018ac       0x70 ../../Athena/arch/stm32/f3/src/stm32f3xx_hal_tim.o
                0x00000000080018ac                TIM_OC4_SetConfig
 .text.TIM_TI1_SetConfig
                0x000000000800191c       0x68 ../../Athena/arch/stm32/f3/src/stm32f3xx_hal_tim.o
                0x000000000800191c                TIM_TI1_SetConfig
 .text.HAL_TIM_IC_ConfigChannel
                0x0000000008001984      0x138 ../../Athena/arch/stm32/f3/src/stm32f3xx_hal_tim.o
                0x0000000008001984                HAL_TIM_IC_ConfigChannel
 .text.HAL_UART_MspDeInit
                0x0000000008001abc        0x4 ../../Athena/arch/stm32/f3/src/stm32f3xx_hal_uart.o
                0x0000000008001abc                HAL_UART_MspDeInit
 .text.HAL_UART_DeInit
                0x0000000008001ac0       0x38 ../../Athena/arch/stm32/f3/src/stm32f3xx_hal_uart.o
                0x0000000008001ac0                HAL_UART_DeInit
 .text.UART_SetConfig
                0x0000000008001af8      0x270 ../../Athena/arch/stm32/f3/src/stm32f3xx_hal_uart.o
                0x0000000008001af8                UART_SetConfig
 .text.UART_AdvFeatureConfig
                0x0000000008001d68       0xb0 ../../Athena/arch/stm32/f3/src/stm32f3xx_hal_uart.o
                0x0000000008001d68                UART_AdvFeatureConfig
 .text.UART_WaitOnFlagUntilTimeout
                0x0000000008001e18       0x68 ../../Athena/arch/stm32/f3/src/stm32f3xx_hal_uart.o
                0x0000000008001e18                UART_WaitOnFlagUntilTimeout
 .text.UART_CheckIdleState
                0x0000000008001e80       0x70 ../../Athena/arch/stm32/f3/src/stm32f3xx_hal_uart.o
                0x0000000008001e80                UART_CheckIdleState
 .text.HAL_UART_Init
                0x0000000008001ef0       0x6c ../../Athena/arch/stm32/f3/src/stm32f3xx_hal_uart.o
                0x0000000008001ef0                HAL_UART_Init
 .text.SPI_WaitFlagStateUntilTimeout.part.1
                0x0000000008001f5c       0x54 ../../Athena/arch/stm32/f3/src/stm32f3xx_hal_spi.o
 .text.SPI_WaitFifoStateUntilTimeout.constprop.10
                0x0000000008001fb0       0x48 ../../Athena/arch/stm32/f3/src/stm32f3xx_hal_spi.o
 .text.SPI_WaitFlagStateUntilTimeout.constprop.11
                0x0000000008001ff8       0x30 ../../Athena/arch/stm32/f3/src/stm32f3xx_hal_spi.o
 .text.SPI_EndRxTxTransaction
                0x0000000008002028       0x34 ../../Athena/arch/stm32/f3/src/stm32f3xx_hal_spi.o
 .text.HAL_SPI_TransmitReceive.part.4
                0x000000000800205c      0x2ac ../../Athena/arch/stm32/f3/src/stm32f3xx_hal_spi.o
 .text.HAL_SPI_Init
                0x0000000008002308       0xe4 ../../Athena/arch/stm32/f3/src/stm32f3xx_hal_spi.o
                0x0000000008002308                HAL_SPI_Init
 .text.HAL_SPI_TransmitReceive
                0x00000000080023ec       0x18 ../../Athena/arch/stm32/f3/src/stm32f3xx_hal_spi.o
                0x00000000080023ec                HAL_SPI_TransmitReceive
 .text.HAL_RCC_OscConfig
                0x0000000008002404      0x5ac ../../Athena/arch/stm32/f3/src/stm32f3xx_hal_rcc.o
                0x0000000008002404                HAL_RCC_OscConfig
 .text.HAL_RCC_GetSysClockFreq
                0x00000000080029b0       0x6c ../../Athena/arch/stm32/f3/src/stm32f3xx_hal_rcc.o
                0x00000000080029b0                HAL_RCC_GetSysClockFreq
 .text.HAL_RCC_ClockConfig
                0x0000000008002a1c      0x18c ../../Athena/arch/stm32/f3/src/stm32f3xx_hal_rcc.o
                0x0000000008002a1c                HAL_RCC_ClockConfig
 .text.HAL_RCC_GetPCLK1Freq
                0x0000000008002ba8       0x30 ../../Athena/arch/stm32/f3/src/stm32f3xx_hal_rcc.o
                0x0000000008002ba8                HAL_RCC_GetPCLK1Freq
 .text.HAL_RCC_GetPCLK2Freq
                0x0000000008002bd8       0x30 ../../Athena/arch/stm32/f3/src/stm32f3xx_hal_rcc.o
                0x0000000008002bd8                HAL_RCC_GetPCLK2Freq
 .text.SystemInit
                0x0000000008002c08       0x70 ../../Athena/arch/stm32/f3/src/CMSIS/system_stm32f3xx.o
                0x0000000008002c08                SystemInit
 .text.SystemCoreClockUpdate
                0x0000000008002c78       0x60 ../../Athena/arch/stm32/f3/src/CMSIS/system_stm32f3xx.o
                0x0000000008002c78                SystemCoreClockUpdate
 .text.Reset_Handler
                0x0000000008002cd8       0x44 user_source/hal_interface/startup_stm32f303xc.o
                0x0000000008002cd8                Reset_Handler
 .text.Default_Handler
                0x0000000008002d1c        0x2 user_source/hal_interface/startup_stm32f303xc.o
                0x0000000008002d1c                RTC_Alarm_IRQHandler
                0x0000000008002d1c                TIM8_TRG_COM_IRQHandler
                0x0000000008002d1c                DebugMon_Handler
                0x0000000008002d1c                HardFault_Handler
                0x0000000008002d1c                USB_HP_IRQHandler
                0x0000000008002d1c                PVD_IRQHandler
                0x0000000008002d1c                TAMP_STAMP_IRQHandler
                0x0000000008002d1c                NMI_Handler
                0x0000000008002d1c                EXTI3_IRQHandler
                0x0000000008002d1c                USB_HP_CAN_TX_IRQHandler
                0x0000000008002d1c                EXTI0_IRQHandler
                0x0000000008002d1c                I2C2_EV_IRQHandler
                0x0000000008002d1c                FPU_IRQHandler
                0x0000000008002d1c                TIM1_UP_TIM16_IRQHandler
                0x0000000008002d1c                UsageFault_Handler
                0x0000000008002d1c                ADC1_2_IRQHandler
                0x0000000008002d1c                SPI1_IRQHandler
                0x0000000008002d1c                CAN_SCE_IRQHandler
                0x0000000008002d1c                TIM6_DAC_IRQHandler
                0x0000000008002d1c                TIM8_UP_IRQHandler
                0x0000000008002d1c                DMA2_Channel2_IRQHandler
                0x0000000008002d1c                DMA1_Channel4_IRQHandler
                0x0000000008002d1c                USART3_IRQHandler
                0x0000000008002d1c                DMA1_Channel7_IRQHandler
                0x0000000008002d1c                UART5_IRQHandler
                0x0000000008002d1c                ADC3_IRQHandler
                0x0000000008002d1c                CAN_RX1_IRQHandler
                0x0000000008002d1c                DMA2_Channel1_IRQHandler
                0x0000000008002d1c                I2C1_EV_IRQHandler
                0x0000000008002d1c                DMA1_Channel6_IRQHandler
                0x0000000008002d1c                UART4_IRQHandler
                0x0000000008002d1c                DMA2_Channel4_IRQHandler
                0x0000000008002d1c                RCC_IRQHandler
                0x0000000008002d1c                DMA1_Channel1_IRQHandler
                0x0000000008002d1c                Default_Handler
                0x0000000008002d1c                USBWakeUp_RMP_IRQHandler
                0x0000000008002d1c                EXTI15_10_IRQHandler
                0x0000000008002d1c                TIM7_IRQHandler
                0x0000000008002d1c                EXTI9_5_IRQHandler
                0x0000000008002d1c                RTC_WKUP_IRQHandler
                0x0000000008002d1c                SPI2_IRQHandler
                0x0000000008002d1c                USB_LP_CAN_RX0_IRQHandler
                0x0000000008002d1c                MemManage_Handler
                0x0000000008002d1c                DMA2_Channel5_IRQHandler
                0x0000000008002d1c                DMA1_Channel5_IRQHandler
                0x0000000008002d1c                USB_LP_IRQHandler
                0x0000000008002d1c                EXTI4_IRQHandler
                0x0000000008002d1c                TIM1_TRG_COM_TIM17_IRQHandler
                0x0000000008002d1c                DMA1_Channel3_IRQHandler
                0x0000000008002d1c                ADC4_IRQHandler
                0x0000000008002d1c                WWDG_IRQHandler
                0x0000000008002d1c                COMP7_IRQHandler
                0x0000000008002d1c                COMP1_2_3_IRQHandler
                0x0000000008002d1c                EXTI1_IRQHandler
                0x0000000008002d1c                USART2_IRQHandler
                0x0000000008002d1c                COMP4_5_6_IRQHandler
                0x0000000008002d1c                I2C2_ER_IRQHandler
                0x0000000008002d1c                DMA1_Channel2_IRQHandler
                0x0000000008002d1c                TIM8_BRK_IRQHandler
                0x0000000008002d1c                FLASH_IRQHandler
                0x0000000008002d1c                BusFault_Handler
                0x0000000008002d1c                SPI3_IRQHandler
                0x0000000008002d1c                I2C1_ER_IRQHandler
                0x0000000008002d1c                USBWakeUp_IRQHandler
                0x0000000008002d1c                DMA2_Channel3_IRQHandler
                0x0000000008002d1c                EXTI2_TSC_IRQHandler
 *fill*         0x0000000008002d1e        0x2 
 .text.SysInitTask
                0x0000000008002d20       0x8c f3discovery.o
                0x0000000008002d20                SysInitTask
 .text.SysTick_Handler
                0x0000000008002dac       0x1c f3discovery.o
                0x0000000008002dac                SysTick_Handler
 .text.startup.main
                0x0000000008002dc8       0x7c f3discovery.o
                0x0000000008002dc8                main
 .text.initAltCtlLaw
                0x0000000008002e44       0x44 user_source/alternateControlLaw.o
                0x0000000008002e44                initAltCtlLaw
 .text.setAltCtrlMode_stabilizer
                0x0000000008002e88        0xc user_source/alternateControlLaw.o
                0x0000000008002e88                setAltCtrlMode_stabilizer
 .text.readIMU  0x0000000008002e94       0x40 user_source/alternateControlLaw.o
                0x0000000008002e94                readIMU
 .text.updateUserCmds
                0x0000000008002ed4      0x128 user_source/alternateControlLaw.o
                0x0000000008002ed4                updateUserCmds
 .text.calcBodyRateCmds
                0x0000000008002ffc       0xf4 user_source/alternateControlLaw.o
                0x0000000008002ffc                calcBodyRateCmds
 .text.bodyRateLoop
                0x00000000080030f0      0x1b0 user_source/alternateControlLaw.o
                0x00000000080030f0                bodyRateLoop
 .text.rt_telemetry_send_blocking.isra.0.constprop.1
                0x00000000080032a0       0xc4 user_source/rt_telemetry.o
 .text.rt_telemetry_init_channel
                0x0000000008003364       0x4c user_source/rt_telemetry.o
                0x0000000008003364                rt_telemetry_init_channel
 .text.send_telem_msg_n_floats_blocking
                0x00000000080033b0       0x68 user_source/rt_telemetry.o
                0x00000000080033b0                send_telem_msg_n_floats_blocking
 .text.create_telem_msg_n_floats
                0x0000000008003418       0x40 user_source/message_defs.o
                0x0000000008003418                create_telem_msg_n_floats
 .text.unlikely.prvCopyDataToQueue
                0x0000000008003458       0x74 user_source/queue.o
 .text.unlikely.prvCopyDataFromQueue
                0x00000000080034cc       0x28 user_source/queue.o
 .text.prvUnlockQueue
                0x00000000080034f4       0x94 user_source/queue.o
 .text.xQueueGenericReset
                0x0000000008003588       0x90 user_source/queue.o
                0x0000000008003588                xQueueGenericReset
 .text.xQueueGenericCreate
                0x0000000008003618       0x4c user_source/queue.o
                0x0000000008003618                xQueueGenericCreate
 .text.xQueueGenericSend
                0x0000000008003664      0x180 user_source/queue.o
                0x0000000008003664                xQueueGenericSend
 .text.xQueueGenericReceive
                0x00000000080037e4      0x1a8 user_source/queue.o
                0x00000000080037e4                xQueueGenericReceive
 .text.pwmMonitorTask
                0x000000000800398c       0x10 user_source/pwm_input.o
 .text.pwmInputTask
                0x000000000800399c      0x31c user_source/pwm_input.o
 .text.do_rc_channel_calibration.constprop.3
                0x0000000008003cb8      0x2c4 user_source/pwm_input.o
 .text.setup_pwmInputProcessor
                0x0000000008003f7c       0xa4 user_source/pwm_input.o
                0x0000000008003f7c                setup_pwmInputProcessor
 .text.pwmInputReady
                0x0000000008004020        0xc user_source/pwm_input.o
                0x0000000008004020                pwmInputReady
 .text.pwmInputIsValid
                0x000000000800402c        0xc user_source/pwm_input.o
                0x000000000800402c                pwmInputIsValid
 .text.getPwmInput
                0x0000000008004038       0x1c user_source/pwm_input.o
                0x0000000008004038                getPwmInput
 .text.scale_vector.constprop.2
                0x0000000008004054       0x88 user_source/complementary_filter.o
 .text.roll_accel.isra.1
                0x00000000080040dc       0x68 user_source/complementary_filter.o
 .text.pitch_accel.isra.0
                0x0000000008004144       0x34 user_source/complementary_filter.o
 .text.init_complementary_filter
                0x0000000008004178       0x68 user_source/complementary_filter.o
                0x0000000008004178                init_complementary_filter
 .text.update_complementary_filter
                0x00000000080041e0      0x1c4 user_source/complementary_filter.o
                0x00000000080041e0                update_complementary_filter
 .text.serialport_init
                0x00000000080043a4       0x50 user_source/serial_comms_highlevel.o
                0x00000000080043a4                serialport_init
 .text.serialport_send_data_buffer
                0x00000000080043f4      0x118 user_source/serial_comms_highlevel.o
                0x00000000080043f4                serialport_send_data_buffer
 .text.serialport_send_data_buffer_blocking
                0x000000000800450c       0x20 user_source/serial_comms_highlevel.o
                0x000000000800450c                serialport_send_data_buffer_blocking
 .text.serialport_highlevel_tx_isr
                0x000000000800452c       0x40 user_source/serial_comms_highlevel.o
                0x000000000800452c                serialport_highlevel_tx_isr
 .text.serialport_highlevel_rx_isr
                0x000000000800456c       0x30 user_source/serial_comms_highlevel.o
                0x000000000800456c                serialport_highlevel_rx_isr
 .text.vListInitialise
                0x000000000800459c       0x18 user_source/list.o
                0x000000000800459c                vListInitialise
 .text.vListInitialiseItem
                0x00000000080045b4        0x8 user_source/list.o
                0x00000000080045b4                vListInitialiseItem
 .text.vListInsertEnd
                0x00000000080045bc       0x20 user_source/list.o
                0x00000000080045bc                vListInsertEnd
 .text.vListInsert
                0x00000000080045dc       0x34 user_source/list.o
                0x00000000080045dc                vListInsert
 .text.uxListRemove
                0x0000000008004610       0x28 user_source/list.o
                0x0000000008004610                uxListRemove
 .text.prvResetNextTaskUnblockTime.part.1
                0x0000000008004638       0x14 user_source/tasks.o
 .text.prvAddCurrentTaskToDelayedList
                0x000000000800464c       0x70 user_source/tasks.o
 .text.vTaskSetTimeOutState.part.6
                0x00000000080046bc       0x14 user_source/tasks.o
 .text.xTaskCreate
                0x00000000080046d0      0x1a8 user_source/tasks.o
                0x00000000080046d0                xTaskCreate
 .text.vTaskStartScheduler
                0x0000000008004878       0x70 user_source/tasks.o
                0x0000000008004878                vTaskStartScheduler
 .text.vTaskSuspendAll
                0x00000000080048e8       0x14 user_source/tasks.o
                0x00000000080048e8                vTaskSuspendAll
 .text.xTaskIncrementTick
                0x00000000080048fc      0x100 user_source/tasks.o
                0x00000000080048fc                xTaskIncrementTick
 .text.xTaskResumeAll
                0x00000000080049fc       0xe8 user_source/tasks.o
                0x00000000080049fc                xTaskResumeAll
 .text.vTaskDelay
                0x0000000008004ae4       0x50 user_source/tasks.o
                0x0000000008004ae4                vTaskDelay
 .text.prvIdleTask
                0x0000000008004b34       0x88 user_source/tasks.o
 .text.vTaskSwitchContext
                0x0000000008004bbc       0x5c user_source/tasks.o
                0x0000000008004bbc                vTaskSwitchContext
 .text.vTaskPlaceOnEventList
                0x0000000008004c18       0x34 user_source/tasks.o
                0x0000000008004c18                vTaskPlaceOnEventList
 .text.xTaskRemoveFromEventList
                0x0000000008004c4c       0x78 user_source/tasks.o
                0x0000000008004c4c                xTaskRemoveFromEventList
 .text.vTaskSetTimeOutState
                0x0000000008004cc4       0x1c user_source/tasks.o
                0x0000000008004cc4                vTaskSetTimeOutState
 .text.xTaskCheckForTimeOut
                0x0000000008004ce0       0x84 user_source/tasks.o
                0x0000000008004ce0                xTaskCheckForTimeOut
 .text.vTaskMissedYield
                0x0000000008004d64       0x10 user_source/tasks.o
                0x0000000008004d64                vTaskMissedYield
 .text.xTaskGetSchedulerState
                0x0000000008004d74       0x20 user_source/tasks.o
                0x0000000008004d74                xTaskGetSchedulerState
 .text.vTaskPriorityInherit
                0x0000000008004d94       0x94 user_source/tasks.o
                0x0000000008004d94                vTaskPriorityInherit
 .text.xTaskPriorityDisinherit
                0x0000000008004e28       0xa4 user_source/tasks.o
                0x0000000008004e28                xTaskPriorityDisinherit
 .text.pvTaskIncrementMutexHeldCount
                0x0000000008004ecc       0x18 user_source/tasks.o
                0x0000000008004ecc                pvTaskIncrementMutexHeldCount
 .text.init_pwm
                0x0000000008004ee4       0xac user_source/hal_interface/pwm.o
                0x0000000008004ee4                init_pwm
 .text.set_pwm  0x0000000008004f90       0x6c user_source/hal_interface/pwm.o
                0x0000000008004f90                set_pwm
 .text.pwmReadyForNewCmd
                0x0000000008004ffc       0x10 user_source/hal_interface/pwm.o
                0x0000000008004ffc                pwmReadyForNewCmd
 .text.TIM1_CC_IRQHandler
                0x000000000800500c       0x1c user_source/hal_interface/pwm.o
                0x000000000800500c                TIM1_CC_IRQHandler
 .text.HAL_UART_MspInit
                0x0000000008005028       0xec user_source/hal_interface/cube_hal_msp.o
                0x0000000008005028                HAL_UART_MspInit
 .text.HAL_TIM_PWM_MspInit
                0x0000000008005114       0x60 user_source/hal_interface/cube_hal_msp.o
                0x0000000008005114                HAL_TIM_PWM_MspInit
 .text.HAL_SPI_MspInit
                0x0000000008005174       0x94 user_source/hal_interface/cube_hal_msp.o
                0x0000000008005174                HAL_SPI_MspInit
 .text.HAL_TIM_IC_MspInit
                0x0000000008005208      0x1b4 user_source/hal_interface/cube_hal_msp.o
                0x0000000008005208                HAL_TIM_IC_MspInit
 .text.cpu_init
                0x00000000080053bc       0x54 user_source/hal_interface/cpu_hal_interface.o
                0x00000000080053bc                cpu_init
 .text.HAL_TIM_IC_CaptureCallback
                0x0000000008005410      0x15c user_source/hal_interface/pwm_input_hal.o
                0x0000000008005410                HAL_TIM_IC_CaptureCallback
 .text.TIM2_IRQHandler
                0x000000000800556c        0xc user_source/hal_interface/pwm_input_hal.o
                0x000000000800556c                TIM2_IRQHandler
 .text.TIM3_IRQHandler
                0x0000000008005578        0xc user_source/hal_interface/pwm_input_hal.o
                0x0000000008005578                TIM3_IRQHandler
 .text.TIM4_IRQHandler
                0x0000000008005584        0xc user_source/hal_interface/pwm_input_hal.o
                0x0000000008005584                TIM4_IRQHandler
 .text.TIM8_CC_IRQHandler
                0x0000000008005590        0xc user_source/hal_interface/pwm_input_hal.o
                0x0000000008005590                TIM8_CC_IRQHandler
 .text.TIM1_BRK_TIM15_IRQHandler
                0x000000000800559c        0xc user_source/hal_interface/pwm_input_hal.o
                0x000000000800559c                TIM1_BRK_TIM15_IRQHandler
 .text.pwm_input_hal_init
                0x00000000080055a8      0x45c user_source/hal_interface/pwm_input_hal.o
                0x00000000080055a8                pwm_input_hal_init
 .text.get_rc_state
                0x0000000008005a04       0xc0 user_source/hal_interface/pwm_input_hal.o
                0x0000000008005a04                get_rc_state
 .text.rc_input_watchdog_callback
                0x0000000008005ac4       0x50 user_source/hal_interface/pwm_input_hal.o
                0x0000000008005ac4                rc_input_watchdog_callback
 .text.board_button_init
                0x0000000008005b14       0x40 user_source/hal_interface/board_button.o
                0x0000000008005b14                board_button_init
 .text._sbrk    0x0000000008005b54       0x4c user_source/hal_interface/newlib_stubs.o
                0x0000000008005b54                _sbrk
 .text.board_led_init
                0x0000000008005ba0       0x44 user_source/hal_interface/board_led.o
                0x0000000008005ba0                board_led_init
 .text.board_led_on
                0x0000000008005be4       0x24 user_source/hal_interface/board_led.o
                0x0000000008005be4                board_led_on
 .text.board_led_off
                0x0000000008005c08       0x24 user_source/hal_interface/board_led.o
                0x0000000008005c08                board_led_off
 .text.USART1_IRQHandler
                0x0000000008005c2c       0xf4 user_source/hal_interface/serial_comms_highlevel_hal.o
                0x0000000008005c2c                USART1_IRQHandler
 .text.serialport_hal_init
                0x0000000008005d20       0x84 user_source/hal_interface/serial_comms_highlevel_hal.o
                0x0000000008005d20                serialport_hal_init
 .text.serialport_hal_enable_tx_isr
                0x0000000008005da4       0x14 user_source/hal_interface/serial_comms_highlevel_hal.o
                0x0000000008005da4                serialport_hal_enable_tx_isr
 .text.serialport_hal_disable_tx_isr
                0x0000000008005db8       0x14 user_source/hal_interface/serial_comms_highlevel_hal.o
                0x0000000008005db8                serialport_hal_disable_tx_isr
 .text.serialport_send_byte
                0x0000000008005dcc       0x28 user_source/hal_interface/serial_comms_highlevel_hal.o
                0x0000000008005dcc                serialport_send_byte
 .text.serialport_receive_byte
                0x0000000008005df4       0x20 user_source/hal_interface/serial_comms_highlevel_hal.o
                0x0000000008005df4                serialport_receive_byte
 .text.spi_write_to_mpu9250_register
                0x0000000008005e14       0x4c user_source/hal_interface/imu_def_mpu9250spi.o
 .text.mpu9250_write_register
                0x0000000008005e60        0x4 user_source/hal_interface/imu_def_mpu9250spi.o
 .text.mpu9250_setGyroScale
                0x0000000008005e64       0x8c user_source/hal_interface/imu_def_mpu9250spi.o
 .text.mpu9250_setAccScale
                0x0000000008005ef0       0x8c user_source/hal_interface/imu_def_mpu9250spi.o
 .text.spi_read_from_mpu9250_register
                0x0000000008005f7c       0x84 user_source/hal_interface/imu_def_mpu9250spi.o
 .text.mpu9250_readAllData
                0x0000000008006000       0x94 user_source/hal_interface/imu_def_mpu9250spi.o
 .text.mpu9250_read_register
                0x0000000008006094        0x8 user_source/hal_interface/imu_def_mpu9250spi.o
 .text.mpu9250_init
                0x000000000800609c       0x54 user_source/hal_interface/imu_def_mpu9250spi.o
 .text.prvTaskExitError
                0x00000000080060f0       0x30 user_source/hal_interface/port.o
 .text.prvPortStartFirstTask
                0x0000000008006120       0x20 user_source/hal_interface/port.o
 .text.vPortEnableVFP
                0x0000000008006140       0x14 user_source/hal_interface/port.o
 .text.pxPortInitialiseStack
                0x0000000008006154       0x2c user_source/hal_interface/port.o
                0x0000000008006154                pxPortInitialiseStack
 .text.SVC_Handler
                0x0000000008006180       0x24 user_source/hal_interface/port.o
                0x0000000008006180                SVC_Handler
 .text.vPortEnterCritical
                0x00000000080061a4       0x44 user_source/hal_interface/port.o
                0x00000000080061a4                vPortEnterCritical
 .text.vPortExitCritical
                0x00000000080061e8       0x28 user_source/hal_interface/port.o
                0x00000000080061e8                vPortExitCritical
 .text.PendSV_Handler
                0x0000000008006210       0x64 user_source/hal_interface/port.o
                0x0000000008006210                PendSV_Handler
 .text.xPortSysTickHandler
                0x0000000008006274       0x2c user_source/hal_interface/port.o
                0x0000000008006274                xPortSysTickHandler
 .text.vPortSetupTimerInterrupt
                0x00000000080062a0       0x2c user_source/hal_interface/port.o
                0x00000000080062a0                vPortSetupTimerInterrupt
 .text.xPortStartScheduler
                0x00000000080062cc       0xe8 user_source/hal_interface/port.o
                0x00000000080062cc                xPortStartScheduler
 .text.imu_hal_init
                0x00000000080063b4      0x114 user_source/hal_interface/imu_hal.o
                0x00000000080063b4                imu_hal_init
 .text.imu_readScaled
                0x00000000080064c8      0x180 user_source/hal_interface/imu_hal.o
                0x00000000080064c8                imu_readScaled
 .text.esc_init
                0x0000000008006648        0x4 user_source/hal_interface/pwm_esc.o
                0x0000000008006648                esc_init
 .text.esc1_start
                0x000000000800664c        0xc user_source/hal_interface/pwm_esc.o
                0x000000000800664c                esc1_start
 .text.esc2_start
                0x0000000008006658        0xc user_source/hal_interface/pwm_esc.o
                0x0000000008006658                esc2_start
 .text.esc3_start
                0x0000000008006664        0xc user_source/hal_interface/pwm_esc.o
                0x0000000008006664                esc3_start
 .text.esc4_start
                0x0000000008006670        0xc user_source/hal_interface/pwm_esc.o
                0x0000000008006670                esc4_start
 .text.esc1_setDuty
                0x000000000800667c       0x1c user_source/hal_interface/pwm_esc.o
                0x000000000800667c                esc1_setDuty
 .text.esc2_setDuty
                0x0000000008006698       0x1c user_source/hal_interface/pwm_esc.o
                0x0000000008006698                esc2_setDuty
 .text.esc3_setDuty
                0x00000000080066b4       0x1c user_source/hal_interface/pwm_esc.o
                0x00000000080066b4                esc3_setDuty
 .text.esc4_setDuty
                0x00000000080066d0       0x1c user_source/hal_interface/pwm_esc.o
                0x00000000080066d0                esc4_setDuty
 .text.sys_timerInit
                0x00000000080066ec       0x10 user_source/hal_interface/sys_timer.o
                0x00000000080066ec                sys_timerInit
 .text.sys_timerUpdate
                0x00000000080066fc       0x3c user_source/hal_interface/sys_timer.o
                0x00000000080066fc                sys_timerUpdate
 .text.sys_timerSeconds
                0x0000000008006738       0x50 user_source/hal_interface/sys_timer.o
                0x0000000008006738                sys_timerSeconds
 .text.pvPortMalloc
                0x0000000008006788       0x18 user_source/hal_interface/heap_3.o
                0x0000000008006788                pvPortMalloc
 .text.vPortFree
                0x00000000080067a0       0x1c user_source/hal_interface/heap_3.o
                0x00000000080067a0                vPortFree
 .text.spi_write_to_l3gd20_register
                0x00000000080067bc       0x4c user_source/hal_interface/imu_def_l3gd20spi.o
 .text.l3gd20_setGyroScale
                0x0000000008006808       0x54 user_source/hal_interface/imu_def_l3gd20spi.o
 .text.l3gd20_write_register
                0x000000000800685c        0x4 user_source/hal_interface/imu_def_l3gd20spi.o
 .text.spi_read_from_l3gd20_register
                0x0000000008006860       0x8c user_source/hal_interface/imu_def_l3gd20spi.o
 .text.l3gd20_readAllData
                0x00000000080068ec       0x60 user_source/hal_interface/imu_def_l3gd20spi.o
 .text.l3gd20_read_register
                0x000000000800694c        0x8 user_source/hal_interface/imu_def_l3gd20spi.o
 .text.l3gd20_init
                0x0000000008006954       0x4c user_source/hal_interface/imu_def_l3gd20spi.o
 .text.cosf     0x00000000080069a0       0x90 /home/aghosh01/tmp/QuadcopterCodebase/Athena/arm-none-eabi-gcc_5_4_BE/gcc-arm-none-eabi-5_4-2017q1_BE_LINUX/bin/../lib/gcc/arm-none-eabi/5.4.1/../../../../arm-none-eabi/lib/armv7e-m/fpu/libm.a(lib_a-sf_cos.o)
                0x00000000080069a0                cosf
 .text.asinf    0x0000000008006a30       0xc0 /home/aghosh01/tmp/QuadcopterCodebase/Athena/arm-none-eabi-gcc_5_4_BE/gcc-arm-none-eabi-5_4-2017q1_BE_LINUX/bin/../lib/gcc/arm-none-eabi/5.4.1/../../../../arm-none-eabi/lib/armv7e-m/fpu/libm.a(lib_a-wf_asin.o)
                0x0000000008006a30                asinf
 .text.sqrtf    0x0000000008006af0       0xac /home/aghosh01/tmp/QuadcopterCodebase/Athena/arm-none-eabi-gcc_5_4_BE/gcc-arm-none-eabi-5_4-2017q1_BE_LINUX/bin/../lib/gcc/arm-none-eabi/5.4.1/../../../../arm-none-eabi/lib/armv7e-m/fpu/libm.a(lib_a-wf_sqrt.o)
                0x0000000008006af0                sqrtf
 .text.__ieee754_asinf
                0x0000000008006b9c      0x1f8 /home/aghosh01/tmp/QuadcopterCodebase/Athena/arm-none-eabi-gcc_5_4_BE/gcc-arm-none-eabi-5_4-2017q1_BE_LINUX/bin/../lib/gcc/arm-none-eabi/5.4.1/../../../../arm-none-eabi/lib/armv7e-m/fpu/libm.a(lib_a-ef_asin.o)
                0x0000000008006b9c                __ieee754_asinf
 .text.__ieee754_rem_pio2f
                0x0000000008006d94      0x298 /home/aghosh01/tmp/QuadcopterCodebase/Athena/arm-none-eabi-gcc_5_4_BE/gcc-arm-none-eabi-5_4-2017q1_BE_LINUX/bin/../lib/gcc/arm-none-eabi/5.4.1/../../../../arm-none-eabi/lib/armv7e-m/fpu/libm.a(lib_a-ef_rem_pio2.o)
                0x0000000008006d94                __ieee754_rem_pio2f
 .text.__ieee754_sqrtf
                0x000000000800702c       0xa4 /home/aghosh01/tmp/QuadcopterCodebase/Athena/arm-none-eabi-gcc_5_4_BE/gcc-arm-none-eabi-5_4-2017q1_BE_LINUX/bin/../lib/gcc/arm-none-eabi/5.4.1/../../../../arm-none-eabi/lib/armv7e-m/fpu/libm.a(lib_a-ef_sqrt.o)
                0x000000000800702c                __ieee754_sqrtf
 .text.__kernel_cosf
                0x00000000080070d0      0x104 /home/aghosh01/tmp/QuadcopterCodebase/Athena/arm-none-eabi-gcc_5_4_BE/gcc-arm-none-eabi-5_4-2017q1_BE_LINUX/bin/../lib/gcc/arm-none-eabi/5.4.1/../../../../arm-none-eabi/lib/armv7e-m/fpu/libm.a(lib_a-kf_cos.o)
                0x00000000080070d0                __kernel_cosf
 .text.__kernel_rem_pio2f
                0x00000000080071d4      0x630 /home/aghosh01/tmp/QuadcopterCodebase/Athena/arm-none-eabi-gcc_5_4_BE/gcc-arm-none-eabi-5_4-2017q1_BE_LINUX/bin/../lib/gcc/arm-none-eabi/5.4.1/../../../../arm-none-eabi/lib/armv7e-m/fpu/libm.a(lib_a-kf_rem_pio2.o)
                0x00000000080071d4                __kernel_rem_pio2f
 .text.__kernel_sinf
                0x0000000008007804       0x90 /home/aghosh01/tmp/QuadcopterCodebase/Athena/arm-none-eabi-gcc_5_4_BE/gcc-arm-none-eabi-5_4-2017q1_BE_LINUX/bin/../lib/gcc/arm-none-eabi/5.4.1/../../../../arm-none-eabi/lib/armv7e-m/fpu/libm.a(lib_a-kf_sin.o)
                0x0000000008007804                __kernel_sinf
 .text.matherr  0x0000000008007894        0x4 /home/aghosh01/tmp/QuadcopterCodebase/Athena/arm-none-eabi-gcc_5_4_BE/gcc-arm-none-eabi-5_4-2017q1_BE_LINUX/bin/../lib/gcc/arm-none-eabi/5.4.1/../../../../arm-none-eabi/lib/armv7e-m/fpu/libm.a(lib_a-s_matherr.o)
                0x0000000008007894                matherr
 .text.nan      0x0000000008007898       0x10 /home/aghosh01/tmp/QuadcopterCodebase/Athena/arm-none-eabi-gcc_5_4_BE/gcc-arm-none-eabi-5_4-2017q1_BE_LINUX/bin/../lib/gcc/arm-none-eabi/5.4.1/../../../../arm-none-eabi/lib/armv7e-m/fpu/libm.a(lib_a-s_nan.o)
                0x0000000008007898                nan
 .text.fabsf    0x00000000080078a8       0x10 /home/aghosh01/tmp/QuadcopterCodebase/Athena/arm-none-eabi-gcc_5_4_BE/gcc-arm-none-eabi-5_4-2017q1_BE_LINUX/bin/../lib/gcc/arm-none-eabi/5.4.1/../../../../arm-none-eabi/lib/armv7e-m/fpu/libm.a(lib_a-sf_fabs.o)
                0x00000000080078a8                fabsf
 .text.floorf   0x00000000080078b8       0x90 /home/aghosh01/tmp/QuadcopterCodebase/Athena/arm-none-eabi-gcc_5_4_BE/gcc-arm-none-eabi-5_4-2017q1_BE_LINUX/bin/../lib/gcc/arm-none-eabi/5.4.1/../../../../arm-none-eabi/lib/armv7e-m/fpu/libm.a(lib_a-sf_floor.o)
                0x00000000080078b8                floorf
 .text.scalbnf  0x0000000008007948       0xd0 /home/aghosh01/tmp/QuadcopterCodebase/Athena/arm-none-eabi-gcc_5_4_BE/gcc-arm-none-eabi-5_4-2017q1_BE_LINUX/bin/../lib/gcc/arm-none-eabi/5.4.1/../../../../arm-none-eabi/lib/armv7e-m/fpu/libm.a(lib_a-sf_scalbn.o)
                0x0000000008007948                scalbnf
 .text.copysignf
                0x0000000008007a18       0x18 /home/aghosh01/tmp/QuadcopterCodebase/Athena/arm-none-eabi-gcc_5_4_BE/gcc-arm-none-eabi-5_4-2017q1_BE_LINUX/bin/../lib/gcc/arm-none-eabi/5.4.1/../../../../arm-none-eabi/lib/armv7e-m/fpu/libm.a(lib_a-sf_copysign.o)
                0x0000000008007a18                copysignf
 .text.__errno  0x0000000008007a30        0xc /home/aghosh01/tmp/QuadcopterCodebase/Athena/arm-none-eabi-gcc_5_4_BE/gcc-arm-none-eabi-5_4-2017q1_BE_LINUX/bin/../lib/gcc/arm-none-eabi/5.4.1/../../../../arm-none-eabi/lib/armv7e-m/fpu/libc.a(lib_a-errno.o)
                0x0000000008007a30                __errno
 .text.malloc   0x0000000008007a3c       0x10 /home/aghosh01/tmp/QuadcopterCodebase/Athena/arm-none-eabi-gcc_5_4_BE/gcc-arm-none-eabi-5_4-2017q1_BE_LINUX/bin/../lib/gcc/arm-none-eabi/5.4.1/../../../../arm-none-eabi/lib/armv7e-m/fpu/libc.a(lib_a-malloc.o)
                0x0000000008007a3c                malloc
 .text.free     0x0000000008007a4c       0x10 /home/aghosh01/tmp/QuadcopterCodebase/Athena/arm-none-eabi-gcc_5_4_BE/gcc-arm-none-eabi-5_4-2017q1_BE_LINUX/bin/../lib/gcc/arm-none-eabi/5.4.1/../../../../arm-none-eabi/lib/armv7e-m/fpu/libc.a(lib_a-malloc.o)
                0x0000000008007a4c                free
 .text._malloc_r
                0x0000000008007a5c      0x570 /home/aghosh01/tmp/QuadcopterCodebase/Athena/arm-none-eabi-gcc_5_4_BE/gcc-arm-none-eabi-5_4-2017q1_BE_LINUX/bin/../lib/gcc/arm-none-eabi/5.4.1/../../../../arm-none-eabi/lib/armv7e-m/fpu/libc.a(lib_a-mallocr.o)
                0x0000000008007a5c                _malloc_r
 .text.__malloc_lock
                0x0000000008007fcc        0x4 /home/aghosh01/tmp/QuadcopterCodebase/Athena/arm-none-eabi-gcc_5_4_BE/gcc-arm-none-eabi-5_4-2017q1_BE_LINUX/bin/../lib/gcc/arm-none-eabi/5.4.1/../../../../arm-none-eabi/lib/armv7e-m/fpu/libc.a(lib_a-mlock.o)
                0x0000000008007fcc                __malloc_lock
 .text.__malloc_unlock
                0x0000000008007fd0        0x4 /home/aghosh01/tmp/QuadcopterCodebase/Athena/arm-none-eabi-gcc_5_4_BE/gcc-arm-none-eabi-5_4-2017q1_BE_LINUX/bin/../lib/gcc/arm-none-eabi/5.4.1/../../../../arm-none-eabi/lib/armv7e-m/fpu/libc.a(lib_a-mlock.o)
                0x0000000008007fd0                __malloc_unlock
 .text._sbrk_r  0x0000000008007fd4       0x24 /home/aghosh01/tmp/QuadcopterCodebase/Athena/arm-none-eabi-gcc_5_4_BE/gcc-arm-none-eabi-5_4-2017q1_BE_LINUX/bin/../lib/gcc/arm-none-eabi/5.4.1/../../../../arm-none-eabi/lib/armv7e-m/fpu/libc.a(lib_a-sbrkr.o)
                0x0000000008007fd4                _sbrk_r
 .text._malloc_trim_r
                0x0000000008007ff8       0x9c /home/aghosh01/tmp/QuadcopterCodebase/Athena/arm-none-eabi-gcc_5_4_BE/gcc-arm-none-eabi-5_4-2017q1_BE_LINUX/bin/../lib/gcc/arm-none-eabi/5.4.1/../../../../arm-none-eabi/lib/armv7e-m/fpu/libc.a(lib_a-freer.o)
                0x0000000008007ff8                _malloc_trim_r
 .text._free_r  0x0000000008008094      0x1d0 /home/aghosh01/tmp/QuadcopterCodebase/Athena/arm-none-eabi-gcc_5_4_BE/gcc-arm-none-eabi-5_4-2017q1_BE_LINUX/bin/../lib/gcc/arm-none-eabi/5.4.1/../../../../arm-none-eabi/lib/armv7e-m/fpu/libc.a(lib_a-freer.o)
                0x0000000008008094                _free_r
 *(.glue_7)
 .glue_7        0x0000000008008264        0x0 linker stubs
 *(.glue_7t)
 .glue_7t       0x0000000008008264        0x0 linker stubs
 *(.eh_frame)
 .eh_frame      0x0000000008008264        0x0 /home/aghosh01/tmp/QuadcopterCodebase/Athena/arm-none-eabi-gcc_5_4_BE/gcc-arm-none-eabi-5_4-2017q1_BE_LINUX/bin/../lib/gcc/arm-none-eabi/5.4.1/armv7e-m/fpu/crtbegin.o
 *(.init)
 .init          0x0000000008008264        0x4 /home/aghosh01/tmp/QuadcopterCodebase/Athena/arm-none-eabi-gcc_5_4_BE/gcc-arm-none-eabi-5_4-2017q1_BE_LINUX/bin/../lib/gcc/arm-none-eabi/5.4.1/armv7e-m/fpu/crti.o
                0x0000000008008264                _init
 .init          0x0000000008008268        0x8 /home/aghosh01/tmp/QuadcopterCodebase/Athena/arm-none-eabi-gcc_5_4_BE/gcc-arm-none-eabi-5_4-2017q1_BE_LINUX/bin/../lib/gcc/arm-none-eabi/5.4.1/armv7e-m/fpu/crtn.o
 *(.fini)
 .fini          0x0000000008008270        0x4 /home/aghosh01/tmp/QuadcopterCodebase/Athena/arm-none-eabi-gcc_5_4_BE/gcc-arm-none-eabi-5_4-2017q1_BE_LINUX/bin/../lib/gcc/arm-none-eabi/5.4.1/armv7e-m/fpu/crti.o
                0x0000000008008270                _fini
 .fini          0x0000000008008274        0x8 /home/aghosh01/tmp/QuadcopterCodebase/Athena/arm-none-eabi-gcc_5_4_BE/gcc-arm-none-eabi-5_4-2017q1_BE_LINUX/bin/../lib/gcc/arm-none-eabi/5.4.1/armv7e-m/fpu/crtn.o
                0x000000000800827c                . = ALIGN (0x4)
                0x000000000800827c                _etext = .

.vfp11_veneer   0x000000000800827c        0x0
 .vfp11_veneer  0x000000000800827c        0x0 linker stubs

.v4_bx          0x000000000800827c        0x0
 .v4_bx         0x000000000800827c        0x0 linker stubs

.iplt           0x000000000800827c        0x0
 .iplt          0x000000000800827c        0x0 /home/aghosh01/tmp/QuadcopterCodebase/Athena/arm-none-eabi-gcc_5_4_BE/gcc-arm-none-eabi-5_4-2017q1_BE_LINUX/bin/../lib/gcc/arm-none-eabi/5.4.1/armv7e-m/fpu/crtbegin.o

.rodata         0x000000000800827c      0x480
                0x000000000800827c                . = ALIGN (0x4)
 *(.rodata)
 .rodata        0x000000000800827c        0x4 ../../Athena/arch/stm32/f3/src/stm32f3xx_hal_uart.o
 .rodata        0x0000000008008280       0x20 ../../Athena/arch/stm32/f3/src/stm32f3xx_hal_rcc.o
                0x0000000008008280                aPLLMULFactorTable
                0x0000000008008290                aPredivFactorTable
 .rodata        0x00000000080082a0       0x18 ../../Athena/arch/stm32/f3/src/CMSIS/system_stm32f3xx.o
                0x00000000080082a0                AHBPrescTable
                0x00000000080082b0                APBPrescTable
 *(.rodata*)
 .rodata._global_impure_ptr
                0x00000000080082b8        0x4 /home/aghosh01/tmp/QuadcopterCodebase/Athena/arm-none-eabi-gcc_5_4_BE/gcc-arm-none-eabi-5_4-2017q1_BE_LINUX/bin/../lib/gcc/arm-none-eabi/5.4.1/../../../../arm-none-eabi/lib/armv7e-m/fpu/libc.a(lib_a-impure.o)
                0x00000000080082b8                _global_impure_ptr
 .rodata.str1.4
                0x00000000080082bc       0x14 f3discovery.o
 .rodata.str1.4
                0x00000000080082d0       0x1d user_source/pwm_input.o
 *fill*         0x00000000080082ed        0x3 
 .rodata.str1.4
                0x00000000080082f0        0x5 user_source/tasks.o
 *fill*         0x00000000080082f5        0x3 
 .rodata.str1.4
                0x00000000080082f8       0x22 user_source/hal_interface/newlib_stubs.o
 *fill*         0x000000000800831a        0x2 
 .rodata.str1.4
                0x000000000800831c        0x6 /home/aghosh01/tmp/QuadcopterCodebase/Athena/arm-none-eabi-gcc_5_4_BE/gcc-arm-none-eabi-5_4-2017q1_BE_LINUX/bin/../lib/gcc/arm-none-eabi/5.4.1/../../../../arm-none-eabi/lib/armv7e-m/fpu/libm.a(lib_a-wf_asin.o)
                                          0x9 (size before relaxing)
 *fill*         0x0000000008008322        0x2 
 .rodata.str1.4
                0x0000000008008324        0x8 /home/aghosh01/tmp/QuadcopterCodebase/Athena/arm-none-eabi-gcc_5_4_BE/gcc-arm-none-eabi-5_4-2017q1_BE_LINUX/bin/../lib/gcc/arm-none-eabi/5.4.1/../../../../arm-none-eabi/lib/armv7e-m/fpu/libm.a(lib_a-wf_sqrt.o)
                                          0x6 (size before relaxing)
 .rodata.npio2_hw
                0x000000000800832c       0x80 /home/aghosh01/tmp/QuadcopterCodebase/Athena/arm-none-eabi-gcc_5_4_BE/gcc-arm-none-eabi-5_4-2017q1_BE_LINUX/bin/../lib/gcc/arm-none-eabi/5.4.1/../../../../arm-none-eabi/lib/armv7e-m/fpu/libm.a(lib_a-ef_rem_pio2.o)
 .rodata.two_over_pi
                0x00000000080083ac      0x318 /home/aghosh01/tmp/QuadcopterCodebase/Athena/arm-none-eabi-gcc_5_4_BE/gcc-arm-none-eabi-5_4-2017q1_BE_LINUX/bin/../lib/gcc/arm-none-eabi/5.4.1/../../../../arm-none-eabi/lib/armv7e-m/fpu/libm.a(lib_a-ef_rem_pio2.o)
 .rodata.init_jk
                0x00000000080086c4        0xc /home/aghosh01/tmp/QuadcopterCodebase/Athena/arm-none-eabi-gcc_5_4_BE/gcc-arm-none-eabi-5_4-2017q1_BE_LINUX/bin/../lib/gcc/arm-none-eabi/5.4.1/../../../../arm-none-eabi/lib/armv7e-m/fpu/libm.a(lib_a-kf_rem_pio2.o)
 .rodata.PIo2   0x00000000080086d0       0x2c /home/aghosh01/tmp/QuadcopterCodebase/Athena/arm-none-eabi-gcc_5_4_BE/gcc-arm-none-eabi-5_4-2017q1_BE_LINUX/bin/../lib/gcc/arm-none-eabi/5.4.1/../../../../arm-none-eabi/lib/armv7e-m/fpu/libm.a(lib_a-kf_rem_pio2.o)
                0x00000000080086fc                . = ALIGN (0x4)

.rel.dyn        0x00000000080086fc        0x0
 .rel.iplt      0x00000000080086fc        0x0 /home/aghosh01/tmp/QuadcopterCodebase/Athena/arm-none-eabi-gcc_5_4_BE/gcc-arm-none-eabi-5_4-2017q1_BE_LINUX/bin/../lib/gcc/arm-none-eabi/5.4.1/armv7e-m/fpu/crtbegin.o

.ARM.extab
 *(.ARM.extab* .gnu.linkonce.armextab.*)

.ARM            0x00000000080086fc        0x0
                0x00000000080086fc                __exidx_start = .
 *(.ARM.exidx*)
                0x00000000080086fc                __exidx_end = .

.preinit_array  0x00000000080086fc        0x0
                0x00000000080086fc                PROVIDE (__preinit_array_start, .)
 *(.preinit_array*)
                0x00000000080086fc                PROVIDE (__preinit_array_end, .)

.init_array     0x00000000080086fc        0x8
                0x00000000080086fc                PROVIDE (__init_array_start, .)
 *(SORT(.init_array.*))
 .init_array.00000
                0x00000000080086fc        0x4 /home/aghosh01/tmp/QuadcopterCodebase/Athena/arm-none-eabi-gcc_5_4_BE/gcc-arm-none-eabi-5_4-2017q1_BE_LINUX/bin/../lib/gcc/arm-none-eabi/5.4.1/../../../../arm-none-eabi/lib/armv7e-m/fpu/libc.a(lib_a-__call_atexit.o)
 *(.init_array*)
 .init_array    0x0000000008008700        0x4 /home/aghosh01/tmp/QuadcopterCodebase/Athena/arm-none-eabi-gcc_5_4_BE/gcc-arm-none-eabi-5_4-2017q1_BE_LINUX/bin/../lib/gcc/arm-none-eabi/5.4.1/armv7e-m/fpu/crtbegin.o
                0x0000000008008704                PROVIDE (__init_array_end, .)

.fini_array     0x0000000008008704        0x4
                0x0000000008008704                PROVIDE (__fini_array_start, .)
 *(SORT(.fini_array.*))
 *(.fini_array*)
 .fini_array    0x0000000008008704        0x4 /home/aghosh01/tmp/QuadcopterCodebase/Athena/arm-none-eabi-gcc_5_4_BE/gcc-arm-none-eabi-5_4-2017q1_BE_LINUX/bin/../lib/gcc/arm-none-eabi/5.4.1/armv7e-m/fpu/crtbegin.o
                0x0000000008008708                PROVIDE (__fini_array_end, .)
                0x0000000008008708                _sidata = LOADADDR (.data)

.data           0x0000000020000000      0x9a8 load address 0x0000000008008708
                0x0000000020000000                . = ALIGN (0x4)
                0x0000000020000000                _sdata = .
 *(.data)
 .data          0x0000000020000000        0x4 ../../Athena/arch/stm32/f3/src/CMSIS/system_stm32f3xx.o
                0x0000000020000000                SystemCoreClock
 .data          0x0000000020000004       0xb0 user_source/hal_interface/imu_def_mpu9250spi.o
                0x0000000020000004                mpu9250_spi
 .data          0x00000000200000b4        0x4 user_source/hal_interface/port.o
 .data          0x00000000200000b8       0xb0 user_source/hal_interface/imu_def_l3gd20spi.o
                0x00000000200000b8                l3gd20_spi
 *(.data*)
 .data.impure_data
                0x0000000020000168      0x428 /home/aghosh01/tmp/QuadcopterCodebase/Athena/arm-none-eabi-gcc_5_4_BE/gcc-arm-none-eabi-5_4-2017q1_BE_LINUX/bin/../lib/gcc/arm-none-eabi/5.4.1/../../../../arm-none-eabi/lib/armv7e-m/fpu/libc.a(lib_a-impure.o)
 .data._impure_ptr
                0x0000000020000590        0x4 /home/aghosh01/tmp/QuadcopterCodebase/Athena/arm-none-eabi-gcc_5_4_BE/gcc-arm-none-eabi-5_4-2017q1_BE_LINUX/bin/../lib/gcc/arm-none-eabi/5.4.1/../../../../arm-none-eabi/lib/armv7e-m/fpu/libc.a(lib_a-impure.o)
                0x0000000020000590                _impure_ptr
 .data.__fdlib_version
                0x0000000020000594        0x1 /home/aghosh01/tmp/QuadcopterCodebase/Athena/arm-none-eabi-gcc_5_4_BE/gcc-arm-none-eabi-5_4-2017q1_BE_LINUX/bin/../lib/gcc/arm-none-eabi/5.4.1/../../../../arm-none-eabi/lib/armv7e-m/fpu/libm.a(lib_a-s_lib_ver.o)
                0x0000000020000594                __fdlib_version
 *fill*         0x0000000020000595        0x3 
 .data.__malloc_av_
                0x0000000020000598      0x408 /home/aghosh01/tmp/QuadcopterCodebase/Athena/arm-none-eabi-gcc_5_4_BE/gcc-arm-none-eabi-5_4-2017q1_BE_LINUX/bin/../lib/gcc/arm-none-eabi/5.4.1/../../../../arm-none-eabi/lib/armv7e-m/fpu/libc.a(lib_a-mallocr.o)
                0x0000000020000598                __malloc_av_
 .data.__malloc_trim_threshold
                0x00000000200009a0        0x4 /home/aghosh01/tmp/QuadcopterCodebase/Athena/arm-none-eabi-gcc_5_4_BE/gcc-arm-none-eabi-5_4-2017q1_BE_LINUX/bin/../lib/gcc/arm-none-eabi/5.4.1/../../../../arm-none-eabi/lib/armv7e-m/fpu/libc.a(lib_a-mallocr.o)
                0x00000000200009a0                __malloc_trim_threshold
 .data.__malloc_sbrk_base
                0x00000000200009a4        0x4 /home/aghosh01/tmp/QuadcopterCodebase/Athena/arm-none-eabi-gcc_5_4_BE/gcc-arm-none-eabi-5_4-2017q1_BE_LINUX/bin/../lib/gcc/arm-none-eabi/5.4.1/../../../../arm-none-eabi/lib/armv7e-m/fpu/libc.a(lib_a-mallocr.o)
                0x00000000200009a4                __malloc_sbrk_base
                0x00000000200009a8                . = ALIGN (0x4)
                0x00000000200009a8                _edata = .
                0x00000000080090b0                _siccmram = LOADADDR (.ccmram)

.jcr            0x00000000200009a8        0x0 load address 0x00000000080090b0
 .jcr           0x00000000200009a8        0x0 /home/aghosh01/tmp/QuadcopterCodebase/Athena/arm-none-eabi-gcc_5_4_BE/gcc-arm-none-eabi-5_4-2017q1_BE_LINUX/bin/../lib/gcc/arm-none-eabi/5.4.1/armv7e-m/fpu/crtbegin.o

.igot.plt       0x00000000200009a8        0x0 load address 0x00000000080090b0
 .igot.plt      0x00000000200009a8        0x0 /home/aghosh01/tmp/QuadcopterCodebase/Athena/arm-none-eabi-gcc_5_4_BE/gcc-arm-none-eabi-5_4-2017q1_BE_LINUX/bin/../lib/gcc/arm-none-eabi/5.4.1/armv7e-m/fpu/crtbegin.o

.ccmram         0x0000000010000000        0x0 load address 0x00000000080090b0
                0x0000000010000000                . = ALIGN (0x4)
                0x0000000010000000                _sccmram = .
 *(.ccmram)
 *(.ccmram*)
                0x0000000010000000                . = ALIGN (0x4)
                0x0000000010000000                _eccmram = .
                0x0000000010000000                . = ALIGN (0x4)

.bss            0x00000000200009a8     0x1c6c
                0x00000000200009a8                _sbss = .
                0x00000000200009a8                __bss_start__ = _sbss
 *(.bss)
 .bss           0x00000000200009a8       0x1c /home/aghosh01/tmp/QuadcopterCodebase/Athena/arm-none-eabi-gcc_5_4_BE/gcc-arm-none-eabi-5_4-2017q1_BE_LINUX/bin/../lib/gcc/arm-none-eabi/5.4.1/armv7e-m/fpu/crtbegin.o
 *fill*         0x00000000200009c4        0x4 
 .bss           0x00000000200009c8       0xd8 user_source/alternateControlLaw.o
 .bss           0x0000000020000aa0       0x70 user_source/pwm_input.o
 .bss           0x0000000020000b10      0x12c user_source/tasks.o
                0x0000000020000b1c                pxCurrentTCB
 .bss           0x0000000020000c3c       0x60 user_source/hal_interface/pwm.o
 .bss           0x0000000020000c9c      0x234 user_source/hal_interface/pwm_input_hal.o
 .bss           0x0000000020000ed0       0x14 user_source/hal_interface/board_button.o
 .bss           0x0000000020000ee4        0x8 user_source/hal_interface/newlib_stubs.o
                0x0000000020000ee8                __env
 .bss           0x0000000020000eec       0x14 user_source/hal_interface/board_led.o
 .bss           0x0000000020000f00       0x70 user_source/hal_interface/serial_comms_highlevel_hal.o
 .bss           0x0000000020000f70       0x68 user_source/hal_interface/imu_def_mpu9250spi.o
 .bss           0x0000000020000fd8        0x8 user_source/hal_interface/port.o
 .bss           0x0000000020000fe0        0x8 user_source/hal_interface/sys_timer.o
 .bss           0x0000000020000fe8       0x68 user_source/hal_interface/imu_def_l3gd20spi.o
 *(.bss*)
 .bss.__malloc_max_total_mem
                0x0000000020001050        0x4 /home/aghosh01/tmp/QuadcopterCodebase/Athena/arm-none-eabi-gcc_5_4_BE/gcc-arm-none-eabi-5_4-2017q1_BE_LINUX/bin/../lib/gcc/arm-none-eabi/5.4.1/../../../../arm-none-eabi/lib/armv7e-m/fpu/libc.a(lib_a-mallocr.o)
                0x0000000020001050                __malloc_max_total_mem
 .bss.__malloc_max_sbrked_mem
                0x0000000020001054        0x4 /home/aghosh01/tmp/QuadcopterCodebase/Athena/arm-none-eabi-gcc_5_4_BE/gcc-arm-none-eabi-5_4-2017q1_BE_LINUX/bin/../lib/gcc/arm-none-eabi/5.4.1/../../../../arm-none-eabi/lib/armv7e-m/fpu/libc.a(lib_a-mallocr.o)
                0x0000000020001054                __malloc_max_sbrked_mem
 .bss.__malloc_top_pad
                0x0000000020001058        0x4 /home/aghosh01/tmp/QuadcopterCodebase/Athena/arm-none-eabi-gcc_5_4_BE/gcc-arm-none-eabi-5_4-2017q1_BE_LINUX/bin/../lib/gcc/arm-none-eabi/5.4.1/../../../../arm-none-eabi/lib/armv7e-m/fpu/libc.a(lib_a-mallocr.o)
                0x0000000020001058                __malloc_top_pad
 .bss.__malloc_current_mallinfo
                0x000000002000105c       0x28 /home/aghosh01/tmp/QuadcopterCodebase/Athena/arm-none-eabi-gcc_5_4_BE/gcc-arm-none-eabi-5_4-2017q1_BE_LINUX/bin/../lib/gcc/arm-none-eabi/5.4.1/../../../../arm-none-eabi/lib/armv7e-m/fpu/libc.a(lib_a-mallocr.o)
                0x000000002000105c                __malloc_current_mallinfo
 *(COMMON)
 COMMON         0x0000000020001084        0x4 ../../Athena/arch/stm32/f3/src/stm32f3xx_hal.o
                0x0000000020001084                uwTick
 COMMON         0x0000000020001088     0x1588 f3discovery.o
                0x0000000020001088                telem0
                0x00000000200015f0                vehicleState
                0x00000000200015fc                debug_uart1
 COMMON         0x0000000020002610        0x4 /home/aghosh01/tmp/QuadcopterCodebase/Athena/arm-none-eabi-gcc_5_4_BE/gcc-arm-none-eabi-5_4-2017q1_BE_LINUX/bin/../lib/gcc/arm-none-eabi/5.4.1/../../../../arm-none-eabi/lib/armv7e-m/fpu/libc.a(lib_a-reent.o)
                0x0000000020002610                errno
                0x0000000020002614                . = ALIGN (0x4)
                0x0000000020002614                _ebss = .
                0x0000000020002614                __bss_end__ = _ebss

._user_heap_stack
                0x0000000020002614     0x3000
                0x0000000020002614                . = ALIGN (0x4)
                [!provide]                        PROVIDE (end, .)
                [!provide]                        PROVIDE (_end, .)
                0x0000000020004614                . = (. + _Min_Heap_Size)
 *fill*         0x0000000020002614     0x2000 
                0x0000000020005614                . = (. + _Min_Stack_Size)
 *fill*         0x0000000020004614     0x1000 
                0x0000000020005614                . = ALIGN (0x4)

/DISCARD/
 libc.a(*)
 libm.a(*)
 libgcc.a(*)

.ARM.attributes
                0x0000000000000000       0x30
 *(.ARM.attributes)
 .ARM.attributes
                0x0000000000000000       0x22 /home/aghosh01/tmp/QuadcopterCodebase/Athena/arm-none-eabi-gcc_5_4_BE/gcc-arm-none-eabi-5_4-2017q1_BE_LINUX/bin/../lib/gcc/arm-none-eabi/5.4.1/armv7e-m/fpu/crti.o
 .ARM.attributes
                0x0000000000000022       0x34 /home/aghosh01/tmp/QuadcopterCodebase/Athena/arm-none-eabi-gcc_5_4_BE/gcc-arm-none-eabi-5_4-2017q1_BE_LINUX/bin/../lib/gcc/arm-none-eabi/5.4.1/armv7e-m/fpu/crtbegin.o
 .ARM.attributes
                0x0000000000000056       0x39 ../../Athena/arch/stm32/f3/src/stm32f3xx_hal.o
 .ARM.attributes
                0x000000000000008f       0x39 ../../Athena/arch/stm32/f3/src/stm32f3xx_hal_gpio.o
 .ARM.attributes
                0x00000000000000c8       0x39 ../../Athena/arch/stm32/f3/src/stm32f3xx_hal_tim_ex.o
 .ARM.attributes
                0x0000000000000101       0x39 ../../Athena/arch/stm32/f3/src/stm32f3xx_hal_cortex.o
 .ARM.attributes
                0x000000000000013a       0x39 ../../Athena/arch/stm32/f3/src/stm32f3xx_hal_tim.o
 .ARM.attributes
                0x0000000000000173       0x39 ../../Athena/arch/stm32/f3/src/stm32f3xx_hal_uart.o
 .ARM.attributes
                0x00000000000001ac       0x39 ../../Athena/arch/stm32/f3/src/stm32f3xx_hal_spi.o
 .ARM.attributes
                0x00000000000001e5       0x39 ../../Athena/arch/stm32/f3/src/stm32f3xx_hal_rcc.o
 .ARM.attributes
                0x000000000000021e       0x39 ../../Athena/arch/stm32/f3/src/CMSIS/system_stm32f3xx.o
 .ARM.attributes
                0x0000000000000257       0x21 user_source/hal_interface/startup_stm32f303xc.o
 .ARM.attributes
                0x0000000000000278       0x39 f3discovery.o
 .ARM.attributes
                0x00000000000002b1       0x39 user_source/alternateControlLaw.o
 .ARM.attributes
                0x00000000000002ea       0x39 user_source/rt_telemetry.o
 .ARM.attributes
                0x0000000000000323       0x39 user_source/message_defs.o
 .ARM.attributes
                0x000000000000035c       0x39 user_source/queue.o
 .ARM.attributes
                0x0000000000000395       0x39 user_source/pwm_input.o
 .ARM.attributes
                0x00000000000003ce       0x39 user_source/complementary_filter.o
 .ARM.attributes
                0x0000000000000407       0x39 user_source/serial_comms_highlevel.o
 .ARM.attributes
                0x0000000000000440       0x39 user_source/list.o
 .ARM.attributes
                0x0000000000000479       0x39 user_source/tasks.o
 .ARM.attributes
                0x00000000000004b2       0x39 user_source/hal_interface/pwm.o
 .ARM.attributes
                0x00000000000004eb       0x39 user_source/hal_interface/cube_hal_msp.o
 .ARM.attributes
                0x0000000000000524       0x39 user_source/hal_interface/cpu_hal_interface.o
 .ARM.attributes
                0x000000000000055d       0x39 user_source/hal_interface/pwm_input_hal.o
 .ARM.attributes
                0x0000000000000596       0x39 user_source/hal_interface/board_button.o
 .ARM.attributes
                0x00000000000005cf       0x39 user_source/hal_interface/newlib_stubs.o
 .ARM.attributes
                0x0000000000000608       0x39 user_source/hal_interface/board_led.o
 .ARM.attributes
                0x0000000000000641       0x39 user_source/hal_interface/serial_comms_highlevel_hal.o
 .ARM.attributes
                0x000000000000067a       0x39 user_source/hal_interface/imu_def_mpu9250spi.o
 .ARM.attributes
                0x00000000000006b3       0x39 user_source/hal_interface/port.o
 .ARM.attributes
                0x00000000000006ec       0x39 user_source/hal_interface/imu_hal.o
 .ARM.attributes
                0x0000000000000725       0x39 user_source/hal_interface/pwm_esc.o
 .ARM.attributes
                0x000000000000075e       0x39 user_source/hal_interface/sys_timer.o
 .ARM.attributes
                0x0000000000000797       0x39 user_source/hal_interface/heap_3.o
 .ARM.attributes
                0x00000000000007d0       0x39 user_source/hal_interface/imu_def_l3gd20spi.o
 .ARM.attributes
                0x0000000000000809       0x34 /home/aghosh01/tmp/QuadcopterCodebase/Athena/arm-none-eabi-gcc_5_4_BE/gcc-arm-none-eabi-5_4-2017q1_BE_LINUX/bin/../lib/gcc/arm-none-eabi/5.4.1/../../../../arm-none-eabi/lib/armv7e-m/fpu/libm.a(lib_a-sf_cos.o)
 .ARM.attributes
                0x000000000000083d       0x34 /home/aghosh01/tmp/QuadcopterCodebase/Athena/arm-none-eabi-gcc_5_4_BE/gcc-arm-none-eabi-5_4-2017q1_BE_LINUX/bin/../lib/gcc/arm-none-eabi/5.4.1/../../../../arm-none-eabi/lib/armv7e-m/fpu/libm.a(lib_a-wf_asin.o)
 .ARM.attributes
                0x0000000000000871       0x34 /home/aghosh01/tmp/QuadcopterCodebase/Athena/arm-none-eabi-gcc_5_4_BE/gcc-arm-none-eabi-5_4-2017q1_BE_LINUX/bin/../lib/gcc/arm-none-eabi/5.4.1/../../../../arm-none-eabi/lib/armv7e-m/fpu/libm.a(lib_a-wf_sqrt.o)
 .ARM.attributes
                0x00000000000008a5       0x34 /home/aghosh01/tmp/QuadcopterCodebase/Athena/arm-none-eabi-gcc_5_4_BE/gcc-arm-none-eabi-5_4-2017q1_BE_LINUX/bin/../lib/gcc/arm-none-eabi/5.4.1/../../../../arm-none-eabi/lib/armv7e-m/fpu/libm.a(lib_a-ef_asin.o)
 .ARM.attributes
                0x00000000000008d9       0x34 /home/aghosh01/tmp/QuadcopterCodebase/Athena/arm-none-eabi-gcc_5_4_BE/gcc-arm-none-eabi-5_4-2017q1_BE_LINUX/bin/../lib/gcc/arm-none-eabi/5.4.1/../../../../arm-none-eabi/lib/armv7e-m/fpu/libm.a(lib_a-ef_rem_pio2.o)
 .ARM.attributes
                0x000000000000090d       0x34 /home/aghosh01/tmp/QuadcopterCodebase/Athena/arm-none-eabi-gcc_5_4_BE/gcc-arm-none-eabi-5_4-2017q1_BE_LINUX/bin/../lib/gcc/arm-none-eabi/5.4.1/../../../../arm-none-eabi/lib/armv7e-m/fpu/libm.a(lib_a-ef_sqrt.o)
 .ARM.attributes
                0x0000000000000941       0x34 /home/aghosh01/tmp/QuadcopterCodebase/Athena/arm-none-eabi-gcc_5_4_BE/gcc-arm-none-eabi-5_4-2017q1_BE_LINUX/bin/../lib/gcc/arm-none-eabi/5.4.1/../../../../arm-none-eabi/lib/armv7e-m/fpu/libm.a(lib_a-kf_cos.o)
 .ARM.attributes
                0x0000000000000975       0x34 /home/aghosh01/tmp/QuadcopterCodebase/Athena/arm-none-eabi-gcc_5_4_BE/gcc-arm-none-eabi-5_4-2017q1_BE_LINUX/bin/../lib/gcc/arm-none-eabi/5.4.1/../../../../arm-none-eabi/lib/armv7e-m/fpu/libm.a(lib_a-kf_rem_pio2.o)
 .ARM.attributes
                0x00000000000009a9       0x34 /home/aghosh01/tmp/QuadcopterCodebase/Athena/arm-none-eabi-gcc_5_4_BE/gcc-arm-none-eabi-5_4-2017q1_BE_LINUX/bin/../lib/gcc/arm-none-eabi/5.4.1/../../../../arm-none-eabi/lib/armv7e-m/fpu/libm.a(lib_a-kf_sin.o)
 .ARM.attributes
                0x00000000000009dd       0x34 /home/aghosh01/tmp/QuadcopterCodebase/Athena/arm-none-eabi-gcc_5_4_BE/gcc-arm-none-eabi-5_4-2017q1_BE_LINUX/bin/../lib/gcc/arm-none-eabi/5.4.1/../../../../arm-none-eabi/lib/armv7e-m/fpu/libm.a(lib_a-s_lib_ver.o)
 .ARM.attributes
                0x0000000000000a11       0x34 /home/aghosh01/tmp/QuadcopterCodebase/Athena/arm-none-eabi-gcc_5_4_BE/gcc-arm-none-eabi-5_4-2017q1_BE_LINUX/bin/../lib/gcc/arm-none-eabi/5.4.1/../../../../arm-none-eabi/lib/armv7e-m/fpu/libm.a(lib_a-s_matherr.o)
 .ARM.attributes
                0x0000000000000a45       0x34 /home/aghosh01/tmp/QuadcopterCodebase/Athena/arm-none-eabi-gcc_5_4_BE/gcc-arm-none-eabi-5_4-2017q1_BE_LINUX/bin/../lib/gcc/arm-none-eabi/5.4.1/../../../../arm-none-eabi/lib/armv7e-m/fpu/libm.a(lib_a-s_nan.o)
 .ARM.attributes
                0x0000000000000a79       0x34 /home/aghosh01/tmp/QuadcopterCodebase/Athena/arm-none-eabi-gcc_5_4_BE/gcc-arm-none-eabi-5_4-2017q1_BE_LINUX/bin/../lib/gcc/arm-none-eabi/5.4.1/../../../../arm-none-eabi/lib/armv7e-m/fpu/libm.a(lib_a-sf_fabs.o)
 .ARM.attributes
                0x0000000000000aad       0x34 /home/aghosh01/tmp/QuadcopterCodebase/Athena/arm-none-eabi-gcc_5_4_BE/gcc-arm-none-eabi-5_4-2017q1_BE_LINUX/bin/../lib/gcc/arm-none-eabi/5.4.1/../../../../arm-none-eabi/lib/armv7e-m/fpu/libm.a(lib_a-sf_floor.o)
 .ARM.attributes
                0x0000000000000ae1       0x34 /home/aghosh01/tmp/QuadcopterCodebase/Athena/arm-none-eabi-gcc_5_4_BE/gcc-arm-none-eabi-5_4-2017q1_BE_LINUX/bin/../lib/gcc/arm-none-eabi/5.4.1/../../../../arm-none-eabi/lib/armv7e-m/fpu/libm.a(lib_a-sf_scalbn.o)
 .ARM.attributes
                0x0000000000000b15       0x34 /home/aghosh01/tmp/QuadcopterCodebase/Athena/arm-none-eabi-gcc_5_4_BE/gcc-arm-none-eabi-5_4-2017q1_BE_LINUX/bin/../lib/gcc/arm-none-eabi/5.4.1/../../../../arm-none-eabi/lib/armv7e-m/fpu/libm.a(lib_a-sf_copysign.o)
 .ARM.attributes
                0x0000000000000b49       0x34 /home/aghosh01/tmp/QuadcopterCodebase/Athena/arm-none-eabi-gcc_5_4_BE/gcc-arm-none-eabi-5_4-2017q1_BE_LINUX/bin/../lib/gcc/arm-none-eabi/5.4.1/../../../../arm-none-eabi/lib/armv7e-m/fpu/libc.a(lib_a-errno.o)
 .ARM.attributes
                0x0000000000000b7d       0x34 /home/aghosh01/tmp/QuadcopterCodebase/Athena/arm-none-eabi-gcc_5_4_BE/gcc-arm-none-eabi-5_4-2017q1_BE_LINUX/bin/../lib/gcc/arm-none-eabi/5.4.1/../../../../arm-none-eabi/lib/armv7e-m/fpu/libc.a(lib_a-malloc.o)
 .ARM.attributes
                0x0000000000000bb1       0x34 /home/aghosh01/tmp/QuadcopterCodebase/Athena/arm-none-eabi-gcc_5_4_BE/gcc-arm-none-eabi-5_4-2017q1_BE_LINUX/bin/../lib/gcc/arm-none-eabi/5.4.1/../../../../arm-none-eabi/lib/armv7e-m/fpu/libc.a(lib_a-mallocr.o)
 .ARM.attributes
                0x0000000000000be5       0x20 /home/aghosh01/tmp/QuadcopterCodebase/Athena/arm-none-eabi-gcc_5_4_BE/gcc-arm-none-eabi-5_4-2017q1_BE_LINUX/bin/../lib/gcc/arm-none-eabi/5.4.1/../../../../arm-none-eabi/lib/armv7e-m/fpu/libc.a(lib_a-memcpy.o)
 .ARM.attributes
                0x0000000000000c05       0x34 /home/aghosh01/tmp/QuadcopterCodebase/Athena/arm-none-eabi-gcc_5_4_BE/gcc-arm-none-eabi-5_4-2017q1_BE_LINUX/bin/../lib/gcc/arm-none-eabi/5.4.1/../../../../arm-none-eabi/lib/armv7e-m/fpu/libc.a(lib_a-mlock.o)
 .ARM.attributes
                0x0000000000000c39       0x34 /home/aghosh01/tmp/QuadcopterCodebase/Athena/arm-none-eabi-gcc_5_4_BE/gcc-arm-none-eabi-5_4-2017q1_BE_LINUX/bin/../lib/gcc/arm-none-eabi/5.4.1/../../../../arm-none-eabi/lib/armv7e-m/fpu/libc.a(lib_a-reent.o)
 .ARM.attributes
                0x0000000000000c6d       0x34 /home/aghosh01/tmp/QuadcopterCodebase/Athena/arm-none-eabi-gcc_5_4_BE/gcc-arm-none-eabi-5_4-2017q1_BE_LINUX/bin/../lib/gcc/arm-none-eabi/5.4.1/../../../../arm-none-eabi/lib/armv7e-m/fpu/libc.a(lib_a-sbrkr.o)
 .ARM.attributes
                0x0000000000000ca1       0x34 /home/aghosh01/tmp/QuadcopterCodebase/Athena/arm-none-eabi-gcc_5_4_BE/gcc-arm-none-eabi-5_4-2017q1_BE_LINUX/bin/../lib/gcc/arm-none-eabi/5.4.1/../../../../arm-none-eabi/lib/armv7e-m/fpu/libc.a(lib_a-freer.o)
 .ARM.attributes
                0x0000000000000cd5       0x22 /home/aghosh01/tmp/QuadcopterCodebase/Athena/arm-none-eabi-gcc_5_4_BE/gcc-arm-none-eabi-5_4-2017q1_BE_LINUX/bin/../lib/gcc/arm-none-eabi/5.4.1/armv7e-m/fpu/libgcc.a(_arm_addsubdf3.o)
 .ARM.attributes
                0x0000000000000cf7       0x22 /home/aghosh01/tmp/QuadcopterCodebase/Athena/arm-none-eabi-gcc_5_4_BE/gcc-arm-none-eabi-5_4-2017q1_BE_LINUX/bin/../lib/gcc/arm-none-eabi/5.4.1/armv7e-m/fpu/libgcc.a(_arm_muldivdf3.o)
 .ARM.attributes
                0x0000000000000d19       0x22 /home/aghosh01/tmp/QuadcopterCodebase/Athena/arm-none-eabi-gcc_5_4_BE/gcc-arm-none-eabi-5_4-2017q1_BE_LINUX/bin/../lib/gcc/arm-none-eabi/5.4.1/armv7e-m/fpu/libgcc.a(_arm_truncdfsf2.o)
 .ARM.attributes
                0x0000000000000d3b       0x22 /home/aghosh01/tmp/QuadcopterCodebase/Athena/arm-none-eabi-gcc_5_4_BE/gcc-arm-none-eabi-5_4-2017q1_BE_LINUX/bin/../lib/gcc/arm-none-eabi/5.4.1/armv7e-m/fpu/crtn.o
LOAD ../../Athena/arch/stm32/f3/src/stm32f3xx_hal_crc.o
LOAD ../../Athena/arch/stm32/f3/src/stm32f3xx_hal.o
LOAD ../../Athena/arch/stm32/f3/src/stm32f3xx_ll_hrtim.o
LOAD ../../Athena/arch/stm32/f3/src/stm32f3xx_hal_gpio.o
LOAD ../../Athena/arch/stm32/f3/src/stm32f3xx_hal_hrtim.o
LOAD ../../Athena/arch/stm32/f3/src/stm32f3xx_hal_nand.o
LOAD ../../Athena/arch/stm32/f3/src/stm32f3xx_hal_smartcard.o
LOAD ../../Athena/arch/stm32/f3/src/stm32f3xx_hal_irda.o
LOAD ../../Athena/arch/stm32/f3/src/stm32f3xx_hal_flash_ex.o
LOAD ../../Athena/arch/stm32/f3/src/stm32f3xx_hal_i2s.o
LOAD ../../Athena/arch/stm32/f3/src/stm32f3xx_hal_i2s_ex.o
LOAD ../../Athena/arch/stm32/f3/src/stm32f3xx_ll_dma.o
LOAD ../../Athena/arch/stm32/f3/src/stm32f3xx_hal_tim_ex.o
LOAD ../../Athena/arch/stm32/f3/src/stm32f3xx_hal_dma.o
LOAD ../../Athena/arch/stm32/f3/src/stm32f3xx_hal_flash.o
LOAD ../../Athena/arch/stm32/f3/src/stm32f3xx_hal_cortex.o
LOAD ../../Athena/arch/stm32/f3/src/stm32f3xx_hal_nor.o
LOAD ../../Athena/arch/stm32/f3/src/stm32f3xx_hal_uart_ex.o
LOAD ../../Athena/arch/stm32/f3/src/stm32f3xx_hal_tim.o
LOAD ../../Athena/arch/stm32/f3/src/stm32f3xx_hal_sram.o
LOAD ../../Athena/arch/stm32/f3/src/stm32f3xx_hal_dac_ex.o
LOAD ../../Athena/arch/stm32/f3/src/stm32f3xx_hal_uart.o
LOAD ../../Athena/arch/stm32/f3/src/stm32f3xx_hal_tsc.o
LOAD ../../Athena/arch/stm32/f3/src/stm32f3xx_hal_rtc_ex.o
LOAD ../../Athena/arch/stm32/f3/src/stm32f3xx_ll_adc.o
LOAD ../../Athena/arch/stm32/f3/src/stm32f3xx_hal_smbus.o
LOAD ../../Athena/arch/stm32/f3/src/stm32f3xx_hal_opamp_ex.o
LOAD ../../Athena/arch/stm32/f3/src/stm32f3xx_hal_wwdg.o
LOAD ../../Athena/arch/stm32/f3/src/stm32f3xx_hal_i2c_ex.o
LOAD ../../Athena/arch/stm32/f3/src/stm32f3xx_ll_rtc.o
LOAD ../../Athena/arch/stm32/f3/src/stm32f3xx_hal_spi_ex.o
LOAD ../../Athena/arch/stm32/f3/src/stm32f3xx_hal_rtc.o
LOAD ../../Athena/arch/stm32/f3/src/stm32f3xx_hal_sdadc.o
LOAD ../../Athena/arch/stm32/f3/src/stm32f3xx_hal_iwdg.o
LOAD ../../Athena/arch/stm32/f3/src/stm32f3xx_ll_crc.o
LOAD ../../Athena/arch/stm32/f3/src/stm32f3xx_hal_smartcard_ex.o
LOAD ../../Athena/arch/stm32/f3/src/stm32f3xx_hal_can.o
LOAD ../../Athena/arch/stm32/f3/src/stm32f3xx_ll_spi.o
LOAD ../../Athena/arch/stm32/f3/src/stm32f3xx_ll_comp.o
LOAD ../../Athena/arch/stm32/f3/src/stm32f3xx_hal_comp.o
LOAD ../../Athena/arch/stm32/f3/src/stm32f3xx_hal_spi.o
LOAD ../../Athena/arch/stm32/f3/src/stm32f3xx_ll_fmc.o
LOAD ../../Athena/arch/stm32/f3/src/stm32f3xx_hal_pwr_ex.o
LOAD ../../Athena/arch/stm32/f3/src/stm32f3xx_hal_cec.o
LOAD ../../Athena/arch/stm32/f3/src/stm32f3xx_hal_pcd_ex.o
LOAD ../../Athena/arch/stm32/f3/src/stm32f3xx_hal_pcd.o
LOAD ../../Athena/arch/stm32/f3/src/stm32f3xx_hal_adc_ex.o
LOAD ../../Athena/arch/stm32/f3/src/stm32f3xx_ll_pwr.o
LOAD ../../Athena/arch/stm32/f3/src/stm32f3xx_hal_pwr.o
LOAD ../../Athena/arch/stm32/f3/src/stm32f3xx_ll_dac.o
LOAD ../../Athena/arch/stm32/f3/src/stm32f3xx_hal_adc.o
LOAD ../../Athena/arch/stm32/f3/src/stm32f3xx_ll_opamp.o
LOAD ../../Athena/arch/stm32/f3/src/stm32f3xx_ll_utils.o
LOAD ../../Athena/arch/stm32/f3/src/stm32f3xx_hal_dac.o
LOAD ../../Athena/arch/stm32/f3/src/stm32f3xx_hal_opamp.o
LOAD ../../Athena/arch/stm32/f3/src/stm32f3xx_ll_i2c.o
LOAD ../../Athena/arch/stm32/f3/src/stm32f3xx_ll_usart.o
LOAD ../../Athena/arch/stm32/f3/src/stm32f3xx_hal_i2c.o
LOAD ../../Athena/arch/stm32/f3/src/stm32f3xx_hal_usart.o
LOAD ../../Athena/arch/stm32/f3/src/stm32f3xx_hal_rcc_ex.o
LOAD ../../Athena/arch/stm32/f3/src/stm32f3xx_hal_crc_ex.o
LOAD ../../Athena/arch/stm32/f3/src/stm32f3xx_ll_exti.o
LOAD ../../Athena/arch/stm32/f3/src/stm32f3xx_hal_pccard.o
LOAD ../../Athena/arch/stm32/f3/src/stm32f3xx_ll_rcc.o
LOAD ../../Athena/arch/stm32/f3/src/stm32f3xx_hal_rcc.o
LOAD ../../Athena/arch/stm32/f3/src/stm32f3xx_ll_tim.o
LOAD ../../Athena/arch/stm32/f3/src/stm32f3xx_ll_gpio.o
LOAD ../../Athena/arch/stm32/f3/src/CMSIS/system_stm32f3xx.o
LOAD user_source/hal_interface/startup_stm32f303xc.o
LOAD f3discovery.o
LOAD user_source/attitudeControl.o
LOAD user_source/event_groups.o
LOAD user_source/alternateControlLaw.o
LOAD user_source/quaternion.o
LOAD user_source/rt_telemetry.o
LOAD user_source/timers.o
LOAD user_source/vector3d.o
LOAD user_source/croutine.o
LOAD user_source/message_defs.o
LOAD user_source/vehicleMixer.o
LOAD user_source/foo.o
LOAD user_source/queue.o
LOAD user_source/pwm_input.o
LOAD user_source/complementary_filter.o
LOAD user_source/serial_comms_highlevel.o
LOAD user_source/consoleIO.o
LOAD user_source/imuProcessor.o
LOAD user_source/debug_ipc.o
LOAD user_source/list.o
LOAD user_source/system_shell.o
LOAD user_source/mpu_wrappers.o
LOAD user_source/nav_complementaryFiler.o
LOAD user_source/tasks.o
LOAD user_source/hal_interface/cmsis_os.o
LOAD user_source/hal_interface/pwm.o
LOAD user_source/hal_interface/cube_hal_msp.o
LOAD user_source/hal_interface/cpu_hal_interface.o
LOAD user_source/hal_interface/pwm_input_hal.o
LOAD user_source/hal_interface/board_button.o
LOAD user_source/hal_interface/newlib_stubs.o
LOAD user_source/hal_interface/board_led.o
LOAD user_source/hal_interface/serial_comms_highlevel_hal.o
LOAD user_source/hal_interface/imu_def_mpu9250spi.o
LOAD user_source/hal_interface/imu_def_lsm303i2c.o
LOAD user_source/hal_interface/port.o
LOAD user_source/hal_interface/imu_hal.o
LOAD user_source/hal_interface/pwm_esc.o
LOAD user_source/hal_interface/sys_timer.o
LOAD user_source/hal_interface/heap_3.o
LOAD user_source/hal_interface/imu_def_l3gd20spi.o
LOAD /home/aghosh01/tmp/QuadcopterCodebase/Athena/arm-none-eabi-gcc_5_4_BE/gcc-arm-none-eabi-5_4-2017q1_BE_LINUX/bin/../lib/gcc/arm-none-eabi/5.4.1/../../../../arm-none-eabi/lib/armv7e-m/fpu/libm.a
LOAD /home/aghosh01/tmp/QuadcopterCodebase/Athena/arm-none-eabi-gcc_5_4_BE/gcc-arm-none-eabi-5_4-2017q1_BE_LINUX/bin/../lib/gcc/arm-none-eabi/5.4.1/../../../../arm-none-eabi/lib/armv7e-m/fpu/libc.a
START GROUP
LOAD /home/aghosh01/tmp/QuadcopterCodebase/Athena/arm-none-eabi-gcc_5_4_BE/gcc-arm-none-eabi-5_4-2017q1_BE_LINUX/bin/../lib/gcc/arm-none-eabi/5.4.1/armv7e-m/fpu/libgcc.a
LOAD /home/aghosh01/tmp/QuadcopterCodebase/Athena/arm-none-eabi-gcc_5_4_BE/gcc-arm-none-eabi-5_4-2017q1_BE_LINUX/bin/../lib/gcc/arm-none-eabi/5.4.1/../../../../arm-none-eabi/lib/armv7e-m/fpu/libc.a
END GROUP
START GROUP
LOAD /home/aghosh01/tmp/QuadcopterCodebase/Athena/arm-none-eabi-gcc_5_4_BE/gcc-arm-none-eabi-5_4-2017q1_BE_LINUX/bin/../lib/gcc/arm-none-eabi/5.4.1/armv7e-m/fpu/libgcc.a
LOAD /home/aghosh01/tmp/QuadcopterCodebase/Athena/arm-none-eabi-gcc_5_4_BE/gcc-arm-none-eabi-5_4-2017q1_BE_LINUX/bin/../lib/gcc/arm-none-eabi/5.4.1/../../../../arm-none-eabi/lib/armv7e-m/fpu/libc.a
LOAD /home/aghosh01/tmp/QuadcopterCodebase/Athena/arm-none-eabi-gcc_5_4_BE/gcc-arm-none-eabi-5_4-2017q1_BE_LINUX/bin/../lib/gcc/arm-none-eabi/5.4.1/../../../../arm-none-eabi/lib/armv7e-m/fpu/libnosys.a
END GROUP
LOAD /home/aghosh01/tmp/QuadcopterCodebase/Athena/arm-none-eabi-gcc_5_4_BE/gcc-arm-none-eabi-5_4-2017q1_BE_LINUX/bin/../lib/gcc/arm-none-eabi/5.4.1/armv7e-m/fpu/crtend.o
LOAD /home/aghosh01/tmp/QuadcopterCodebase/Athena/arm-none-eabi-gcc_5_4_BE/gcc-arm-none-eabi-5_4-2017q1_BE_LINUX/bin/../lib/gcc/arm-none-eabi/5.4.1/armv7e-m/fpu/crtn.o
OUTPUT(f3discovery.elf elf32-littlearm)

.debug_info     0x0000000000000000    0x1c5a9
 .debug_info    0x0000000000000000      0x6ed ../../Athena/arch/stm32/f3/src/stm32f3xx_hal.o
 .debug_info    0x00000000000006ed      0x673 ../../Athena/arch/stm32/f3/src/stm32f3xx_hal_gpio.o
 .debug_info    0x0000000000000d60     0x14d4 ../../Athena/arch/stm32/f3/src/stm32f3xx_hal_tim_ex.o
 .debug_info    0x0000000000002234      0xe6d ../../Athena/arch/stm32/f3/src/stm32f3xx_hal_cortex.o
 .debug_info    0x00000000000030a1     0x3163 ../../Athena/arch/stm32/f3/src/stm32f3xx_hal_tim.o
 .debug_info    0x0000000000006204     0x18ee ../../Athena/arch/stm32/f3/src/stm32f3xx_hal_uart.o
 .debug_info    0x0000000000007af2     0x1fc4 ../../Athena/arch/stm32/f3/src/stm32f3xx_hal_spi.o
 .debug_info    0x0000000000009ab6     0x1341 ../../Athena/arch/stm32/f3/src/stm32f3xx_hal_rcc.o
 .debug_info    0x000000000000adf7      0x3f2 ../../Athena/arch/stm32/f3/src/CMSIS/system_stm32f3xx.o
 .debug_info    0x000000000000b1e9       0x8e user_source/hal_interface/startup_stm32f303xc.o
 .debug_info    0x000000000000b277      0xcb9 f3discovery.o
 .debug_info    0x000000000000bf30      0xd6d user_source/alternateControlLaw.o
 .debug_info    0x000000000000cc9d     0x10ba user_source/rt_telemetry.o
 .debug_info    0x000000000000dd57      0x6c4 user_source/message_defs.o
 .debug_info    0x000000000000e41b     0x1ae2 user_source/queue.o
 .debug_info    0x000000000000fefd      0xc1e user_source/pwm_input.o
 .debug_info    0x0000000000010b1b      0x655 user_source/complementary_filter.o
 .debug_info    0x0000000000011170      0x855 user_source/serial_comms_highlevel.o
 .debug_info    0x00000000000119c5      0x29f user_source/list.o
 .debug_info    0x0000000000011c64     0x2996 user_source/tasks.o
 .debug_info    0x00000000000145fa      0xab3 user_source/hal_interface/pwm.o
 .debug_info    0x00000000000150ad     0x1466 user_source/hal_interface/cube_hal_msp.o
 .debug_info    0x0000000000016513      0x30d user_source/hal_interface/cpu_hal_interface.o
 .debug_info    0x0000000000016820     0x13b7 user_source/hal_interface/pwm_input_hal.o
 .debug_info    0x0000000000017bd7      0x380 user_source/hal_interface/board_button.o
 .debug_info    0x0000000000017f57      0x8f7 user_source/hal_interface/newlib_stubs.o
 .debug_info    0x000000000001884e      0x471 user_source/hal_interface/board_led.o
 .debug_info    0x0000000000018cbf      0xb67 user_source/hal_interface/serial_comms_highlevel_hal.o
 .debug_info    0x0000000000019826      0xf47 user_source/hal_interface/imu_def_mpu9250spi.o
 .debug_info    0x000000000001a76d      0x529 user_source/hal_interface/port.o
 .debug_info    0x000000000001ac96      0x4e0 user_source/hal_interface/imu_hal.o
 .debug_info    0x000000000001b176      0x2d9 user_source/hal_interface/pwm_esc.o
 .debug_info    0x000000000001b44f      0x1d1 user_source/hal_interface/sys_timer.o
 .debug_info    0x000000000001b620      0x164 user_source/hal_interface/heap_3.o
 .debug_info    0x000000000001b784      0xe25 user_source/hal_interface/imu_def_l3gd20spi.o

.debug_abbrev   0x0000000000000000     0x494a
 .debug_abbrev  0x0000000000000000      0x1d0 ../../Athena/arch/stm32/f3/src/stm32f3xx_hal.o
 .debug_abbrev  0x00000000000001d0      0x1d7 ../../Athena/arch/stm32/f3/src/stm32f3xx_hal_gpio.o
 .debug_abbrev  0x00000000000003a7      0x2b6 ../../Athena/arch/stm32/f3/src/stm32f3xx_hal_tim_ex.o
 .debug_abbrev  0x000000000000065d      0x304 ../../Athena/arch/stm32/f3/src/stm32f3xx_hal_cortex.o
 .debug_abbrev  0x0000000000000961      0x333 ../../Athena/arch/stm32/f3/src/stm32f3xx_hal_tim.o
 .debug_abbrev  0x0000000000000c94      0x314 ../../Athena/arch/stm32/f3/src/stm32f3xx_hal_uart.o
 .debug_abbrev  0x0000000000000fa8      0x33a ../../Athena/arch/stm32/f3/src/stm32f3xx_hal_spi.o
 .debug_abbrev  0x00000000000012e2      0x2cc ../../Athena/arch/stm32/f3/src/stm32f3xx_hal_rcc.o
 .debug_abbrev  0x00000000000015ae      0x101 ../../Athena/arch/stm32/f3/src/CMSIS/system_stm32f3xx.o
 .debug_abbrev  0x00000000000016af       0x12 user_source/hal_interface/startup_stm32f303xc.o
 .debug_abbrev  0x00000000000016c1      0x247 f3discovery.o
 .debug_abbrev  0x0000000000001908      0x240 user_source/alternateControlLaw.o
 .debug_abbrev  0x0000000000001b48      0x2b6 user_source/rt_telemetry.o
 .debug_abbrev  0x0000000000001dfe       0xde user_source/message_defs.o
 .debug_abbrev  0x0000000000001edc      0x344 user_source/queue.o
 .debug_abbrev  0x0000000000002220      0x2ce user_source/pwm_input.o
 .debug_abbrev  0x00000000000024ee      0x221 user_source/complementary_filter.o
 .debug_abbrev  0x000000000000270f      0x242 user_source/serial_comms_highlevel.o
 .debug_abbrev  0x0000000000002951       0xdc user_source/list.o
 .debug_abbrev  0x0000000000002a2d      0x3dd user_source/tasks.o
 .debug_abbrev  0x0000000000002e0a      0x1e1 user_source/hal_interface/pwm.o
 .debug_abbrev  0x0000000000002feb      0x1a6 user_source/hal_interface/cube_hal_msp.o
 .debug_abbrev  0x0000000000003191      0x17b user_source/hal_interface/cpu_hal_interface.o
 .debug_abbrev  0x000000000000330c      0x221 user_source/hal_interface/pwm_input_hal.o
 .debug_abbrev  0x000000000000352d      0x161 user_source/hal_interface/board_button.o
 .debug_abbrev  0x000000000000368e      0x2a3 user_source/hal_interface/newlib_stubs.o
 .debug_abbrev  0x0000000000003931      0x170 user_source/hal_interface/board_led.o
 .debug_abbrev  0x0000000000003aa1      0x28d user_source/hal_interface/serial_comms_highlevel_hal.o
 .debug_abbrev  0x0000000000003d2e      0x338 user_source/hal_interface/imu_def_mpu9250spi.o
 .debug_abbrev  0x0000000000004066      0x208 user_source/hal_interface/port.o
 .debug_abbrev  0x000000000000426e      0x149 user_source/hal_interface/imu_hal.o
 .debug_abbrev  0x00000000000043b7       0xd8 user_source/hal_interface/pwm_esc.o
 .debug_abbrev  0x000000000000448f       0xeb user_source/hal_interface/sys_timer.o
 .debug_abbrev  0x000000000000457a       0xf5 user_source/hal_interface/heap_3.o
 .debug_abbrev  0x000000000000466f      0x2db user_source/hal_interface/imu_def_l3gd20spi.o

.debug_loc      0x0000000000000000    0x10790
 .debug_loc     0x0000000000000000       0x4b ../../Athena/arch/stm32/f3/src/stm32f3xx_hal.o
 .debug_loc     0x000000000000004b      0x3cc ../../Athena/arch/stm32/f3/src/stm32f3xx_hal_gpio.o
 .debug_loc     0x0000000000000417     0x1642 ../../Athena/arch/stm32/f3/src/stm32f3xx_hal_tim_ex.o
 .debug_loc     0x0000000000001a59      0x658 ../../Athena/arch/stm32/f3/src/stm32f3xx_hal_cortex.o
 .debug_loc     0x00000000000020b1     0x4284 ../../Athena/arch/stm32/f3/src/stm32f3xx_hal_tim.o
 .debug_loc     0x0000000000006335     0x1748 ../../Athena/arch/stm32/f3/src/stm32f3xx_hal_uart.o
 .debug_loc     0x0000000000007a7d     0x1d47 ../../Athena/arch/stm32/f3/src/stm32f3xx_hal_spi.o
 .debug_loc     0x00000000000097c4      0x905 ../../Athena/arch/stm32/f3/src/stm32f3xx_hal_rcc.o
 .debug_loc     0x000000000000a0c9      0x11a ../../Athena/arch/stm32/f3/src/CMSIS/system_stm32f3xx.o
 .debug_loc     0x000000000000a1e3       0x4a f3discovery.o
 .debug_loc     0x000000000000a22d      0x636 user_source/alternateControlLaw.o
 .debug_loc     0x000000000000a863      0x6c5 user_source/rt_telemetry.o
 .debug_loc     0x000000000000af28      0x619 user_source/message_defs.o
 .debug_loc     0x000000000000b541     0x1316 user_source/queue.o
 .debug_loc     0x000000000000c857      0x61c user_source/pwm_input.o
 .debug_loc     0x000000000000ce73      0x286 user_source/complementary_filter.o
 .debug_loc     0x000000000000d0f9      0x6a2 user_source/serial_comms_highlevel.o
 .debug_loc     0x000000000000d79b       0x69 user_source/list.o
 .debug_loc     0x000000000000d804     0x1dbc user_source/tasks.o
 .debug_loc     0x000000000000f5c0       0x78 user_source/hal_interface/pwm.o
 .debug_loc     0x000000000000f638       0xdc user_source/hal_interface/cube_hal_msp.o
 .debug_loc     0x000000000000f714       0x6c user_source/hal_interface/cpu_hal_interface.o
 .debug_loc     0x000000000000f780       0xc1 user_source/hal_interface/pwm_input_hal.o
 .debug_loc     0x000000000000f841       0x3a user_source/hal_interface/board_button.o
 .debug_loc     0x000000000000f87b      0x38e user_source/hal_interface/newlib_stubs.o
 .debug_loc     0x000000000000fc09       0xae user_source/hal_interface/board_led.o
 .debug_loc     0x000000000000fcb7      0x126 user_source/hal_interface/serial_comms_highlevel_hal.o
 .debug_loc     0x000000000000fddd      0x384 user_source/hal_interface/imu_def_mpu9250spi.o
 .debug_loc     0x0000000000010161       0xc5 user_source/hal_interface/port.o
 .debug_loc     0x0000000000010226      0x1a1 user_source/hal_interface/imu_hal.o
 .debug_loc     0x00000000000103c7       0xe0 user_source/hal_interface/pwm_esc.o
 .debug_loc     0x00000000000104a7       0x81 user_source/hal_interface/heap_3.o
 .debug_loc     0x0000000000010528      0x268 user_source/hal_interface/imu_def_l3gd20spi.o

.debug_aranges  0x0000000000000000     0x1288
 .debug_aranges
                0x0000000000000000       0xa8 ../../Athena/arch/stm32/f3/src/stm32f3xx_hal.o
 .debug_aranges
                0x00000000000000a8       0x58 ../../Athena/arch/stm32/f3/src/stm32f3xx_hal_gpio.o
 .debug_aranges
                0x0000000000000100      0x118 ../../Athena/arch/stm32/f3/src/stm32f3xx_hal_tim_ex.o
 .debug_aranges
                0x0000000000000218       0xa8 ../../Athena/arch/stm32/f3/src/stm32f3xx_hal_cortex.o
 .debug_aranges
                0x00000000000002c0      0x258 ../../Athena/arch/stm32/f3/src/stm32f3xx_hal_tim.o
 .debug_aranges
                0x0000000000000518      0x198 ../../Athena/arch/stm32/f3/src/stm32f3xx_hal_uart.o
 .debug_aranges
                0x00000000000006b0      0x1b0 ../../Athena/arch/stm32/f3/src/stm32f3xx_hal_spi.o
 .debug_aranges
                0x0000000000000860       0x88 ../../Athena/arch/stm32/f3/src/stm32f3xx_hal_rcc.o