Archive member included because of file (symbol)

../libopencm3/lib/libopencm3_stm32f3.a(rcc.o)
                              testbed_sw_app_main.o (rcc_clock_setup_hsi)
../libopencm3/lib/libopencm3_stm32f3.a(i2c.o)
                              /home/aghosh01/uav_codebase/avionics_code_test/flight_software/source/vehicle_firmware_hal/imu_hal.o (i2c_reset)
../libopencm3/lib/libopencm3_stm32f3.a(gpio_common_all.o)
                              /home/aghosh01/uav_codebase/avionics_code_test/flight_software/source/vehicle_firmware_hal/imu_hal.o (gpio_set)
../libopencm3/lib/libopencm3_stm32f3.a(gpio_common_f0234.o)
                              /home/aghosh01/uav_codebase/avionics_code_test/flight_software/source/vehicle_firmware_hal/pwm_input_hal.o (gpio_mode_setup)
../libopencm3/lib/libopencm3_stm32f3.a(usart_common_all.o)
                              testbed_sw_app_main.o (usart_set_baudrate)
../libopencm3/lib/libopencm3_stm32f3.a(spi_common_all.o)
                              /home/aghosh01/uav_codebase/avionics_code_test/flight_software/source/vehicle_firmware_hal/imu_hal.o (spi_enable)
../libopencm3/lib/libopencm3_stm32f3.a(timer_common_all.o)
                              /home/aghosh01/uav_codebase/avionics_code_test/flight_software/source/vehicle_firmware_hal/pwm_input_hal.o (timer_reset)
../libopencm3/lib/libopencm3_stm32f3.a(timer_common_f234.o)
                              /home/aghosh01/uav_codebase/avionics_code_test/flight_software/source/vehicle_firmware_hal/pwm_input_hal.o (timer_ic_set_polarity)
../libopencm3/lib/libopencm3_stm32f3.a(flash_common_f234.o)
                              ../libopencm3/lib/libopencm3_stm32f3.a(rcc.o) (flash_set_ws)
../libopencm3/lib/libopencm3_stm32f3.a(rcc_common_all.o)
                              ../libopencm3/lib/libopencm3_stm32f3.a(i2c.o) (rcc_peripheral_reset)
../libopencm3/lib/libopencm3_stm32f3.a(spi_common_f03.o)
                              /home/aghosh01/uav_codebase/avionics_code_test/flight_software/source/vehicle_firmware_hal/imu_hal.o (spi_send8)
../libopencm3/lib/libopencm3_stm32f3.a(vector.o)
                              (reset_handler)
../libopencm3/lib/libopencm3_stm32f3.a(systick.o)
                              /home/aghosh01/uav_codebase/avionics_code_test/flight_software/source/interrupts/interrupts.o (systick_set_reload)
../libopencm3/lib/libopencm3_stm32f3.a(nvic.o)
                              /home/aghosh01/uav_codebase/avionics_code_test/flight_software/source/vehicle_firmware_hal/pwm_input_hal.o (nvic_enable_irq)
../libopencm3/lib/libopencm3_stm32f3.a(assert.o)
                              ../libopencm3/lib/libopencm3_stm32f3.a(rcc.o) (cm3_assert_failed)
../libopencm3/lib/libopencm3_stm32f3.a(usart.o)
                              ../libopencm3/lib/libopencm3_stm32f3.a(usart_common_all.o) (usart_send)
/home/aghosh01/gcc-arm-none-eabi-4_7-2012q4/bin/../lib/gcc/arm-none-eabi/4.7.3/../../../../arm-none-eabi/lib/armv7e-m/fpu/libc.a(lib_a-impure.o)
                              testbed_sw_app_main.o (_impure_ptr)
/home/aghosh01/gcc-arm-none-eabi-4_7-2012q4/bin/../lib/gcc/arm-none-eabi/4.7.3/../../../../arm-none-eabi/lib/armv7e-m/fpu/libc.a(lib_a-malloc.o)
                              /home/aghosh01/uav_codebase/avionics_code_test/flight_software/source/comms_protocol_codebase/level0_comms.o (malloc)
/home/aghosh01/gcc-arm-none-eabi-4_7-2012q4/bin/../lib/gcc/arm-none-eabi/4.7.3/../../../../arm-none-eabi/lib/armv7e-m/fpu/libc.a(lib_a-mallocr.o)
                              /home/aghosh01/gcc-arm-none-eabi-4_7-2012q4/bin/../lib/gcc/arm-none-eabi/4.7.3/../../../../arm-none-eabi/lib/armv7e-m/fpu/libc.a(lib_a-malloc.o) (_malloc_r)
/home/aghosh01/gcc-arm-none-eabi-4_7-2012q4/bin/../lib/gcc/arm-none-eabi/4.7.3/../../../../arm-none-eabi/lib/armv7e-m/fpu/libc.a(lib_a-memcpy.o)
                              /home/aghosh01/uav_codebase/avionics_code_test/flight_software/source/vehicle_state_machine/vehicle_state_machine.o (memcpy)
/home/aghosh01/gcc-arm-none-eabi-4_7-2012q4/bin/../lib/gcc/arm-none-eabi/4.7.3/../../../../arm-none-eabi/lib/armv7e-m/fpu/libc.a(lib_a-mlock.o)
                              /home/aghosh01/gcc-arm-none-eabi-4_7-2012q4/bin/../lib/gcc/arm-none-eabi/4.7.3/../../../../arm-none-eabi/lib/armv7e-m/fpu/libc.a(lib_a-mallocr.o) (__malloc_lock)
/home/aghosh01/gcc-arm-none-eabi-4_7-2012q4/bin/../lib/gcc/arm-none-eabi/4.7.3/../../../../arm-none-eabi/lib/armv7e-m/fpu/libc.a(lib_a-printf.o)
                              /home/aghosh01/uav_codebase/avionics_code_test/flight_software/source/comp_filter/comp_filter.o (printf)
/home/aghosh01/gcc-arm-none-eabi-4_7-2012q4/bin/../lib/gcc/arm-none-eabi/4.7.3/../../../../arm-none-eabi/lib/armv7e-m/fpu/libc.a(lib_a-puts.o)
                              testbed_sw_app_main.o (puts)
/home/aghosh01/gcc-arm-none-eabi-4_7-2012q4/bin/../lib/gcc/arm-none-eabi/4.7.3/../../../../arm-none-eabi/lib/armv7e-m/fpu/libc.a(lib_a-reent.o)
[...]
Memory Configuration

Name             Origin             Length             Attributes
rom              0x08000000         0x00040000         xr
ram              0x20000000         0x0000a000         xrw
*default*        0x00000000         0xffffffff

Linker script and memory map

LOAD /home/aghosh01/uav_codebase/avionics_code_test/flight_software/source/comms_protocol_codebase/level0_comms_hal_stm32.o
LOAD /home/aghosh01/uav_codebase/avionics_code_test/flight_software/source/comms_protocol_codebase/level0_comms.o
LOAD /home/aghosh01/uav_codebase/avionics_code_test/flight_software/source/comp_filter/comp_filter.o
LOAD /home/aghosh01/uav_codebase/avionics_code_test/flight_software/source/timekeeping/mission_timekeeper.o
LOAD /home/aghosh01/uav_codebase/avionics_code_test/flight_software/source/newlib_stubs/newlib_stubs.o
LOAD /home/aghosh01/uav_codebase/avionics_code_test/flight_software/source/thrust_ff/ThrustLib.o
LOAD /home/aghosh01/uav_codebase/avionics_code_test/flight_software/source/vehicle_firmware_hal/pwm_input_hal.o
LOAD /home/aghosh01/uav_codebase/avionics_code_test/flight_software/source/vehicle_firmware_hal/QuadRotor_PWM_hal.o
LOAD /home/aghosh01/uav_codebase/avionics_code_test/flight_software/source/vehicle_firmware_hal/imu_hal.o
LOAD /home/aghosh01/uav_codebase/avionics_code_test/flight_software/source/vehicle_firmware_hal/lidar_lite_v1_hal.o
LOAD /home/aghosh01/uav_codebase/avionics_code_test/flight_software/source/vehicle_firmware_hal/polling_delay.o
LOAD /home/aghosh01/uav_codebase/avionics_code_test/flight_software/source/vehicle_pwm/QuadRotor_PWM.o
LOAD /home/aghosh01/uav_codebase/avionics_code_test/flight_software/source/nmea/NMEA.o
LOAD /home/aghosh01/uav_codebase/avionics_code_test/flight_software/source/lidar_lite_v1/lidar_lite_v1.o
LOAD /home/aghosh01/uav_codebase/avionics_code_test/flight_software/source/controller/pid_controller.o
LOAD /home/aghosh01/uav_codebase/avionics_code_test/flight_software/source/controller/basic_pid_controller.o
LOAD /home/aghosh01/uav_codebase/avionics_code_test/flight_software/source/pwm_input/pwm_input.o
LOAD /home/aghosh01/uav_codebase/avionics_code_test/flight_software/source/vehicle_state_machine/vehicle_state_machine.o
LOAD /home/aghosh01/uav_codebase/avionics_code_test/flight_software/source/px4flow_reader/pxflow_reader.o
LOAD /home/aghosh01/uav_codebase/avionics_code_test/flight_software/source/imu/imu.o
LOAD /home/aghosh01/uav_codebase/avionics_code_test/flight_software/source/interrupts/interrupts.o
LOAD testbed_sw_app_main.o
LOAD ../libopencm3/lib/libopencm3_stm32f3.a
START GROUP
LOAD /home/aghosh01/gcc-arm-none-eabi-4_7-2012q4/bin/../lib/gcc/arm-none-eabi/4.7.3/../../../../arm-none-eabi/lib/armv7e-m/fpu/libc.a
LOAD /home/aghosh01/gcc-arm-none-eabi-4_7-2012q4/bin/../lib/gcc/arm-none-eabi/4.7.3/../../../../arm-none-eabi/lib/armv7e-m/fpu/libm.a
LOAD /home/aghosh01/gcc-arm-none-eabi-4_7-2012q4/bin/../lib/gcc/arm-none-eabi/4.7.3/armv7e-m/fpu/libgcc.a
LOAD /home/aghosh01/gcc-arm-none-eabi-4_7-2012q4/bin/../lib/gcc/arm-none-eabi/4.7.3/../../../../arm-none-eabi/lib/armv7e-m/fpu/libnosys.a
END GROUP
START GROUP
LOAD /home/aghosh01/gcc-arm-none-eabi-4_7-2012q4/bin/../lib/gcc/arm-none-eabi/4.7.3/armv7e-m/fpu/libgcc.a
LOAD /home/aghosh01/gcc-arm-none-eabi-4_7-2012q4/bin/../lib/gcc/arm-none-eabi/4.7.3/../../../../arm-none-eabi/lib/armv7e-m/fpu/libc.a
END GROUP

.text           0x08000000     0x89e0
 *(.vectors)
 .vectors       0x08000000      0x184 ../libopencm3/lib/libopencm3_stm32f3.a(vector.o)
                0x08000000                vector_table
 *(.text*)
 .text.send_byte_to_gs
                0x08000184        0xc /home/aghosh01/uav_codebase/avionics_code_test/flight_software/source/comms_protocol_codebase/level0_comms_hal_stm32.o
                0x08000184                send_byte_to_gs
 .text.send_data_packet
                0x08000190       0x34 /home/aghosh01/uav_codebase/avionics_code_test/flight_software/source/comms_protocol_codebase/level0_comms.o
 .text.init_comm_lib
                0x080001c4       0x60 /home/aghosh01/uav_codebase/avionics_code_test/flight_software/source/comms_protocol_codebase/level0_comms.o
                0x080001c4                init_comm_lib
 .text.create_packet
                0x08000224       0x22 /home/aghosh01/uav_codebase/avionics_code_test/flight_software/source/comms_protocol_codebase/level0_comms.o
                0x08000224                create_packet
 .text.send_float_triple
                0x08000246       0x2a /home/aghosh01/uav_codebase/avionics_code_test/flight_software/source/comms_protocol_codebase/level0_comms.o
                0x08000246                send_float_triple
 .text.get_corrected_scaled_gyro_data
                0x08000270       0x38 /home/aghosh01/uav_codebase/avionics_code_test/flight_software/source/comp_filter/comp_filter.o
                0x08000270                get_corrected_scaled_gyro_data
 .text.do_bias_calculation
                0x080002a8      0x138 /home/aghosh01/uav_codebase/avionics_code_test/flight_software/source/comp_filter/comp_filter.o
                0x080002a8                do_bias_calculation
 .text.init_mission_timekeeper
                0x080003e0       0x34 /home/aghosh01/uav_codebase/avionics_code_test/flight_software/source/timekeeping/mission_timekeeper.o
                0x080003e0                init_mission_timekeeper
 .text.flag_scheduler_callback
                0x08000414       0x24 /home/aghosh01/uav_codebase/avionics_code_test/flight_software/source/timekeeping/mission_timekeeper.o
                0x08000414                flag_scheduler_callback
 .text.update_mission_time_counter
                0x08000438       0x48 /home/aghosh01/uav_codebase/avionics_code_test/flight_software/source/timekeeping/mission_timekeeper.o
                0x08000438                update_mission_time_counter
 .text.timekeeper_delay
                0x08000480       0x28 /home/aghosh01/uav_codebase/avionics_code_test/flight_software/source/timekeeping/mission_timekeeper.o
                0x08000480                timekeeper_delay
 .text.create_flag
                0x080004a8       0x60 /home/aghosh01/uav_codebase/avionics_code_test/flight_software/source/timekeeping/mission_timekeeper.o
                0x080004a8                create_flag
 .text.get_flag_state
                0x08000508       0x1c /home/aghosh01/uav_codebase/avionics_code_test/flight_software/source/timekeeping/mission_timekeeper.o
                0x08000508                get_flag_state
 .text.reset_flag
                0x08000524       0x20 /home/aghosh01/uav_codebase/avionics_code_test/flight_software/source/timekeeping/mission_timekeeper.o
                0x08000524                reset_flag
 .text._close   0x08000544        0x6 /home/aghosh01/uav_codebase/avionics_code_test/flight_software/source/newlib_stubs/newlib_stubs.o
                0x08000544                _close
 .text._fstat   0x0800054a        0xa /home/aghosh01/uav_codebase/avionics_code_test/flight_software/source/newlib_stubs/newlib_stubs.o
                0x0800054a                _fstat
 .text._isatty  0x08000554       0x18 /home/aghosh01/uav_codebase/avionics_code_test/flight_software/source/newlib_stubs/newlib_stubs.o
                0x08000554                _isatty
 .text._lseek   0x0800056c        0x4 /home/aghosh01/uav_codebase/avionics_code_test/flight_software/source/newlib_stubs/newlib_stubs.o
                0x0800056c                _lseek
 .text._read    0x08000570       0x34 /home/aghosh01/uav_codebase/avionics_code_test/flight_software/source/newlib_stubs/newlib_stubs.o
                0x08000570                _read
 .text._stat    0x080005a4        0xa /home/aghosh01/uav_codebase/avionics_code_test/flight_software/source/newlib_stubs/newlib_stubs.o
                0x080005a4                _stat
 *fill*         0x080005ae        0x2 00
 .text._write   0x080005b0       0x4c /home/aghosh01/uav_codebase/avionics_code_test/flight_software/source/newlib_stubs/newlib_stubs.o
                0x080005b0                _write
 .text._sbrk    0x080005fc       0x48 /home/aghosh01/uav_codebase/avionics_code_test/flight_software/source/newlib_stubs/newlib_stubs.o
                0x080005fc                _sbrk
 .text.timer2_isr_callback
                0x08000644       0x6c /home/aghosh01/uav_codebase/avionics_code_test/flight_software/source/vehicle_firmware_hal/pwm_input_hal.o
                0x08000644                timer2_isr_callback
 .text.timer3_isr_callback
                0x080006b0       0x6c /home/aghosh01/uav_codebase/avionics_code_test/flight_software/source/vehicle_firmware_hal/pwm_input_hal.o
                0x080006b0                timer3_isr_callback
 .text.timer4_isr_callback
                0x0800071c       0x6c /home/aghosh01/uav_codebase/avionics_code_test/flight_software/source/vehicle_firmware_hal/pwm_input_hal.o
                0x0800071c                timer4_isr_callback
 .text.timer8_isr_callback
                0x08000788       0x5c /home/aghosh01/uav_codebase/avionics_code_test/flight_software/source/vehicle_firmware_hal/pwm_input_hal.o
                0x08000788                timer8_isr_callback
 .text.rc_input_watchdog_callback
                0x080007e4       0x88 /home/aghosh01/uav_codebase/avionics_code_test/flight_software/source/vehicle_firmware_hal/pwm_input_hal.o
                0x080007e4                rc_input_watchdog_callback
 .text.spi_write_to_l3gd20_register.constprop.1
                0x0800086c       0x44 /home/aghosh01/uav_codebase/avionics_code_test/flight_software/source/vehicle_firmware_hal/imu_hal.o
 .text.imu_i2c_bus_clear
                0x080008b0       0x88 /home/aghosh01/uav_codebase/avionics_code_test/flight_software/source/vehicle_firmware_hal/imu_hal.o
                0x080008b0                imu_i2c_bus_clear
 .text.initialize_imu
                0x08000938      0x23c /home/aghosh01/uav_codebase/avionics_code_test/flight_software/source/vehicle_firmware_hal/imu_hal.o
                0x08000938                initialize_imu
 .text.get_raw_imu_data
                0x08000b74      0x10c /home/aghosh01/uav_codebase/avionics_code_test/flight_software/source/vehicle_firmware_hal/imu_hal.o
                0x08000b74                get_raw_imu_data
 .text.get_scaled_imu_data
                0x08000c80      0x384 /home/aghosh01/uav_codebase/avionics_code_test/flight_software/source/imu/imu.o
                0x08000c80                get_scaled_imu_data
 .text._enable_interrupts
                0x08001004        0x4 /home/aghosh01/uav_codebase/avionics_code_test/flight_software/source/interrupts/interrupts.o
                0x08001004                _enable_interrupts
 .text._disable_interrupts
                0x08001008        0x4 /home/aghosh01/uav_codebase/avionics_code_test/flight_software/source/interrupts/interrupts.o
                0x08001008                _disable_interrupts
 .text.systick_setup
                0x0800100c       0x1c /home/aghosh01/uav_codebase/avionics_code_test/flight_software/source/interrupts/interrupts.o
                0x0800100c                systick_setup
 .text.sys_tick_handler
                0x08001028       0x12 /home/aghosh01/uav_codebase/avionics_code_test/flight_software/source/interrupts/interrupts.o
                0x08001028                sys_tick_handler
 .text.tim2_isr
                0x0800103a        0x4 /home/aghosh01/uav_codebase/avionics_code_test/flight_software/source/interrupts/interrupts.o
                0x0800103a                tim2_isr
 .text.tim3_isr
                0x0800103e        0x4 /home/aghosh01/uav_codebase/avionics_code_test/flight_software/source/interrupts/interrupts.o
                0x0800103e                tim3_isr
 .text.tim4_isr
                0x08001042        0x4 /home/aghosh01/uav_codebase/avionics_code_test/flight_software/source/interrupts/interrupts.o
                0x08001042                tim4_isr
 .text.tim8_cc_isr
                0x08001046        0x4 /home/aghosh01/uav_codebase/avionics_code_test/flight_software/source/interrupts/interrupts.o
                0x08001046                tim8_cc_isr
 *fill*         0x0800104a        0x2 00
 .text.startup.main
                0x0800104c      0x134 testbed_sw_app_main.o
                0x0800104c                main
 .text.rcc_wait_for_osc_ready
                0x08001180       0x4c ../libopencm3/lib/libopencm3_stm32f3.a(rcc.o)
                0x08001180                rcc_wait_for_osc_ready
 .text.rcc_wait_for_osc_not_ready
                0x080011cc       0x4c ../libopencm3/lib/libopencm3_stm32f3.a(rcc.o)
                0x080011cc                rcc_wait_for_osc_not_ready
 .text.rcc_wait_for_sysclk_status
                0x08001218       0x38 ../libopencm3/lib/libopencm3_stm32f3.a(rcc.o)
                0x08001218                rcc_wait_for_sysclk_status
 .text.rcc_osc_on
                0x08001250       0x44 ../libopencm3/lib/libopencm3_stm32f3.a(rcc.o)
                0x08001250                rcc_osc_on
 .text.rcc_osc_off
                0x08001294       0x44 ../libopencm3/lib/libopencm3_stm32f3.a(rcc.o)
                0x08001294                rcc_osc_off
 .text.rcc_set_sysclk_source
                0x080012d8       0x14 ../libopencm3/lib/libopencm3_stm32f3.a(rcc.o)
                0x080012d8                rcc_set_sysclk_source
 .text.rcc_set_pll_source
                0x080012ec       0x14 ../libopencm3/lib/libopencm3_stm32f3.a(rcc.o)
                0x080012ec                rcc_set_pll_source
 .text.rcc_set_ppre2
                0x08001300       0x14 ../libopencm3/lib/libopencm3_stm32f3.a(rcc.o)
                0x08001300                rcc_set_ppre2
 .text.rcc_set_ppre1
                0x08001314       0x14 ../libopencm3/lib/libopencm3_stm32f3.a(rcc.o)
                0x08001314                rcc_set_ppre1
 .text.rcc_set_hpre
                0x08001328       0x14 ../libopencm3/lib/libopencm3_stm32f3.a(rcc.o)
                0x08001328                rcc_set_hpre
 .text.rcc_set_main_pll_hsi
                0x0800133c       0x14 ../libopencm3/lib/libopencm3_stm32f3.a(rcc.o)
                0x0800133c                rcc_set_main_pll_hsi
 .text.rcc_clock_setup_hsi
                0x08001350       0x8c ../libopencm3/lib/libopencm3_stm32f3.a(rcc.o)
                0x08001350                rcc_clock_setup_hsi
 .text.rcc_set_i2c_clock_hsi
                0x080013dc       0x30 ../libopencm3/lib/libopencm3_stm32f3.a(rcc.o)
                0x080013dc                rcc_set_i2c_clock_hsi
 .text.i2c_reset
                0x0800140c       0x44 ../libopencm3/lib/libopencm3_stm32f3.a(i2c.o)
                0x0800140c                i2c_reset
 .text.i2c_peripheral_enable
                0x08001450        0xa ../libopencm3/lib/libopencm3_stm32f3.a(i2c.o)
                0x08001450                i2c_peripheral_enable
 .text.i2c_peripheral_disable
                0x0800145a        0xa ../libopencm3/lib/libopencm3_stm32f3.a(i2c.o)
                0x0800145a                i2c_peripheral_disable
 .text.i2c_send_start
                0x08001464        0xa ../libopencm3/lib/libopencm3_stm32f3.a(i2c.o)
                0x08001464                i2c_send_start
 .text.i2c_enable_analog_filter
                0x0800146e        0xa ../libopencm3/lib/libopencm3_stm32f3.a(i2c.o)
                0x0800146e                i2c_enable_analog_filter
 .text.i2c_set_digital_filter
                0x08001478        0xc ../libopencm3/lib/libopencm3_stm32f3.a(i2c.o)
                0x08001478                i2c_set_digital_filter
 .text.i2c_set_prescaler
                0x08001484        0xe ../libopencm3/lib/libopencm3_stm32f3.a(i2c.o)
                0x08001484                i2c_set_prescaler
 .text.i2c_set_data_setup_time
                0x08001492        0xe ../libopencm3/lib/libopencm3_stm32f3.a(i2c.o)
                0x08001492                i2c_set_data_setup_time
 .text.i2c_set_data_hold_time
                0x080014a0        0xe ../libopencm3/lib/libopencm3_stm32f3.a(i2c.o)
                0x080014a0                i2c_set_data_hold_time
 .text.i2c_set_scl_high_period
                0x080014ae        0xe ../libopencm3/lib/libopencm3_stm32f3.a(i2c.o)
                0x080014ae                i2c_set_scl_high_period
 .text.i2c_set_scl_low_period
                0x080014bc        0xc ../libopencm3/lib/libopencm3_stm32f3.a(i2c.o)
                0x080014bc                i2c_set_scl_low_period
 .text.i2c_enable_stretching
                0x080014c8        0xa ../libopencm3/lib/libopencm3_stm32f3.a(i2c.o)
                0x080014c8                i2c_enable_stretching
 .text.i2c_set_7bit_addr_mode
                0x080014d2        0xa ../libopencm3/lib/libopencm3_stm32f3.a(i2c.o)
                0x080014d2                i2c_set_7bit_addr_mode
 .text.i2c_set_7bit_address
                0x080014dc       0x12 ../libopencm3/lib/libopencm3_stm32f3.a(i2c.o)
                0x080014dc                i2c_set_7bit_address
 .text.i2c_set_write_transfer_dir
                0x080014ee        0xa ../libopencm3/lib/libopencm3_stm32f3.a(i2c.o)
                0x080014ee                i2c_set_write_transfer_dir
 .text.i2c_set_read_transfer_dir
                0x080014f8        0xa ../libopencm3/lib/libopencm3_stm32f3.a(i2c.o)
                0x080014f8                i2c_set_read_transfer_dir
 .text.i2c_set_bytes_to_transfer
                0x08001502        0xe ../libopencm3/lib/libopencm3_stm32f3.a(i2c.o)
                0x08001502                i2c_set_bytes_to_transfer
 .text.i2c_is_start
                0x08001510        0x8 ../libopencm3/lib/libopencm3_stm32f3.a(i2c.o)
                0x08001510                i2c_is_start
 .text.i2c_enable_autoend
                0x08001518        0xa ../libopencm3/lib/libopencm3_stm32f3.a(i2c.o)
                0x08001518                i2c_enable_autoend
 .text.i2c_disable_autoend
                0x08001522        0xa ../libopencm3/lib/libopencm3_stm32f3.a(i2c.o)
                0x08001522                i2c_disable_autoend
 .text.i2c_nack
                0x0800152c        0x8 ../libopencm3/lib/libopencm3_stm32f3.a(i2c.o)
                0x0800152c                i2c_nack
 .text.i2c_busy
                0x08001534        0x8 ../libopencm3/lib/libopencm3_stm32f3.a(i2c.o)
                0x08001534                i2c_busy
 .text.i2c_transmit_int_status
                0x0800153c        0x8 ../libopencm3/lib/libopencm3_stm32f3.a(i2c.o)
                0x0800153c                i2c_transmit_int_status
 .text.i2c_received_data
                0x08001544        0x8 ../libopencm3/lib/libopencm3_stm32f3.a(i2c.o)
                0x08001544                i2c_received_data
 .text.write_i2c
                0x0800154c       0x8e ../libopencm3/lib/libopencm3_stm32f3.a(i2c.o)
                0x0800154c                write_i2c
 .text.read_i2c
                0x080015da       0xa6 ../libopencm3/lib/libopencm3_stm32f3.a(i2c.o)
                0x080015da                read_i2c
 .text.gpio_set
                0x08001680        0x4 ../libopencm3/lib/libopencm3_stm32f3.a(gpio_common_all.o)
                0x08001680                gpio_set
 .text.gpio_clear
                0x08001684        0x6 ../libopencm3/lib/libopencm3_stm32f3.a(gpio_common_all.o)
                0x08001684                gpio_clear
 .text.gpio_toggle
                0x0800168a       0x10 ../libopencm3/lib/libopencm3_stm32f3.a(gpio_common_all.o)
                0x0800168a                gpio_toggle
 .text.gpio_mode_setup
                0x0800169a       0x46 ../libopencm3/lib/libopencm3_stm32f3.a(gpio_common_f0234.o)
                0x0800169a                gpio_mode_setup
 .text.gpio_set_af
                0x080016e0       0x56 ../libopencm3/lib/libopencm3_stm32f3.a(gpio_common_f0234.o)
                0x080016e0                gpio_set_af
 *fill*         0x08001736        0x2 00
 .text.usart_set_baudrate
                0x08001738       0x28 ../libopencm3/lib/libopencm3_stm32f3.a(usart_common_all.o)
                0x08001738                usart_set_baudrate
 .text.usart_set_databits
                0x08001760       0x12 ../libopencm3/lib/libopencm3_stm32f3.a(usart_common_all.o)
                0x08001760                usart_set_databits
 .text.usart_set_stopbits
                0x08001772        0xc ../libopencm3/lib/libopencm3_stm32f3.a(usart_common_all.o)
                0x08001772                usart_set_stopbits
 .text.usart_set_parity
                0x0800177e        0xc ../libopencm3/lib/libopencm3_stm32f3.a(usart_common_all.o)
                0x0800177e                usart_set_parity
 .text.usart_set_mode
                0x0800178a        0xc ../libopencm3/lib/libopencm3_stm32f3.a(usart_common_all.o)
                0x0800178a                usart_set_mode
 .text.usart_set_flow_control
                0x08001796        0xc ../libopencm3/lib/libopencm3_stm32f3.a(usart_common_all.o)
                0x08001796                usart_set_flow_control
 .text.usart_enable
                0x080017a2        0xa ../libopencm3/lib/libopencm3_stm32f3.a(usart_common_all.o)
                0x080017a2                usart_enable
 .text.usart_send_blocking
                0x080017ac       0x16 ../libopencm3/lib/libopencm3_stm32f3.a(usart_common_all.o)
                0x080017ac                usart_send_blocking
 .text.usart_recv_blocking
                0x080017c2       0x12 ../libopencm3/lib/libopencm3_stm32f3.a(usart_common_all.o)
                0x080017c2                usart_recv_blocking
 .text.spi_enable
                0x080017d4        0xa ../libopencm3/lib/libopencm3_stm32f3.a(spi_common_all.o)
                0x080017d4                spi_enable
 .text.spi_set_unidirectional_mode
                0x080017de        0xa ../libopencm3/lib/libopencm3_stm32f3.a(spi_common_all.o)
                0x080017de                spi_set_unidirectional_mode
 .text.spi_set_full_duplex_mode
                0x080017e8        0xa ../libopencm3/lib/libopencm3_stm32f3.a(spi_common_all.o)
                0x080017e8                spi_set_full_duplex_mode
 .text.spi_enable_software_slave_management
                0x080017f2       0x12 ../libopencm3/lib/libopencm3_stm32f3.a(spi_common_all.o)
                0x080017f2                spi_enable_software_slave_management
 .text.spi_set_nss_high
                0x08001804        0xa ../libopencm3/lib/libopencm3_stm32f3.a(spi_common_all.o)
                0x08001804                spi_set_nss_high
 .text.spi_send_msb_first
                0x0800180e        0xa ../libopencm3/lib/libopencm3_stm32f3.a(spi_common_all.o)
                0x0800180e                spi_send_msb_first
 .text.spi_set_baudrate_prescaler
                0x08001818       0x14 ../libopencm3/lib/libopencm3_stm32f3.a(spi_common_all.o)
                0x08001818                spi_set_baudrate_prescaler
 .text.spi_set_master_mode
                0x0800182c        0xa ../libopencm3/lib/libopencm3_stm32f3.a(spi_common_all.o)
                0x0800182c                spi_set_master_mode
 .text.spi_set_clock_polarity_0
                0x08001836        0xa ../libopencm3/lib/libopencm3_stm32f3.a(spi_common_all.o)
                0x08001836                spi_set_clock_polarity_0
 .text.spi_set_clock_phase_0
                0x08001840        0xa ../libopencm3/lib/libopencm3_stm32f3.a(spi_common_all.o)
                0x08001840                spi_set_clock_phase_0
 .text.timer_clear_flag
                0x0800184a        0xa ../libopencm3/lib/libopencm3_stm32f3.a(timer_common_all.o)
                0x0800184a                timer_clear_flag
 .text.flash_set_ws
                0x08001854       0x14 ../libopencm3/lib/libopencm3_stm32f3.a(flash_common_f234.o)
                0x08001854                flash_set_ws
 .text.rcc_peripheral_reset
                0x08001868        0x8 ../libopencm3/lib/libopencm3_stm32f3.a(rcc_common_all.o)
                0x08001868                rcc_peripheral_reset
 .text.rcc_peripheral_clear_reset
                0x08001870        0xa ../libopencm3/lib/libopencm3_stm32f3.a(rcc_common_all.o)
                0x08001870                rcc_peripheral_clear_reset
 .text.rcc_periph_clock_enable
                0x0800187a       0x1c ../libopencm3/lib/libopencm3_stm32f3.a(rcc_common_all.o)
                0x0800187a                rcc_periph_clock_enable
 .text.spi_send8
                0x08001896        0xa ../libopencm3/lib/libopencm3_stm32f3.a(spi_common_f03.o)
                0x08001896                spi_send8
 .text.spi_read8
                0x080018a0        0xa ../libopencm3/lib/libopencm3_stm32f3.a(spi_common_f03.o)
                0x080018a0                spi_read8
 .text.spi_set_data_size
                0x080018aa       0x10 ../libopencm3/lib/libopencm3_stm32f3.a(spi_common_f03.o)
                0x080018aa                spi_set_data_size
 .text.spi_fifo_reception_threshold_8bit
                0x080018ba        0xa ../libopencm3/lib/libopencm3_stm32f3.a(spi_common_f03.o)
                0x080018ba                spi_fifo_reception_threshold_8bit
 .text.blocking_handler
                0x080018c4        0x2 ../libopencm3/lib/libopencm3_stm32f3.a(vector.o)
                0x080018c4                usb_lp_isr
                0x080018c4                i2c2_ev_exti24_isr
                0x080018c4                usb_hp_isr
                0x080018c4                tim7_isr
                0x080018c4                reserved_12_isr
                0x080018c4                adc1_2_isr
                0x080018c4                reserved_11_isr
                0x080018c4                reserved_7_isr
                0x080018c4                reserved_13_isr
                0x080018c4                blocking_handler
                0x080018c4                rtc_wkup_isr
                0x080018c4                tim1_up_tim16_isr
                0x080018c4                spi1_isr
                0x080018c4                dma1_channel6_isr
                0x080018c4                reserved_5_isr
                0x080018c4                dma1_channel5_isr
                0x080018c4                dma2_channel5_isr
                0x080018c4                tamp_stamp_isr
                0x080018c4                can1_rx1_isr
                0x080018c4                usage_fault_handler
                0x080018c4                tim8_trg_com_isr
                0x080018c4                i2c1_ev_exti23_isr
                0x080018c4                tim1_trg_com_tim17_isr
                0x080018c4                reserved_15_isr
                0x080018c4                usb_wkup_isr
                0x080018c4                can1_sce_isr
                0x080018c4                reserved_3_isr
                0x080018c4                tim1_cc_isr
                0x080018c4                eth_isr
                0x080018c4                reserved_14_isr
                0x080018c4                dma1_channel4_isr
                0x080018c4                tim8_brk_isr
                0x080018c4                dma2_channel4_isr
                0x080018c4                pvd_isr
                0x080018c4                comp123_isr
                0x080018c4                comp456_isr
                0x080018c4                rcc_isr
                0x080018c4                reserved_8_isr
                0x080018c4                flash_isr
                0x080018c4                rtc_alarm_isr
                0x080018c4                reserved_2_isr
                0x080018c4                exti15_10_isr
                0x080018c4                hard_fault_handler
                0x080018c4                exti1_isr
                0x080018c4                dma2_channel1_isr
                0x080018c4                spi2_isr
                0x080018c4                reserved_9_isr
                0x080018c4                nvic_wwdg_isr
                0x080018c4                tim8_up_isr
                0x080018c4                usart1_exti25_isr
                0x080018c4                dma2_channel2_isr
                0x080018c4                adc3_isr
                0x080018c4                exti3_isr
                0x080018c4                i2c2_er_isr
                0x080018c4                reserved_1_isr
                0x080018c4                dma1_channel1_isr
                0x080018c4                exti4_isr
                0x080018c4                tim6_dac_isr
                0x080018c4                mem_manage_handler
                0x080018c4                exti9_5_isr
                0x080018c4                dma2_channel3_isr
                0x080018c4                usb_hp_can1_tx_isr
                0x080018c4                dma1_channel7_isr
                0x080018c4                usart3_exti28_isr
                0x080018c4                reserved_6_isr
                0x080018c4                usb_lp_can1_rx0_isr
                0x080018c4                dma1_channel2_isr
                0x080018c4                i2c1_er_isr
                0x080018c4                comp7_isr
                0x080018c4                uart5_exti35_isr
                0x080018c4                reserved_4_isr
                0x080018c4                bus_fault_handler
                0x080018c4                tim1_brk_tim15_isr
                0x080018c4                dma1_channel3_isr
                0x080018c4                uart4_exti34_isr
                0x080018c4                usart2_exti26_isr
                0x080018c4                spi3_isr
                0x080018c4                reserved_10_isr
                0x080018c4                reserved_16_isr
                0x080018c4                exti2_tsc_isr
                0x080018c4                usb_wkup_a_isr
                0x080018c4                exti0_isr
 .text.null_handler
                0x080018c6        0x2 ../libopencm3/lib/libopencm3_stm32f3.a(vector.o)
                0x080018c6                null_handler
                0x080018c6                sv_call_handler
                0x080018c6                pend_sv_handler
                0x080018c6                debug_monitor_handler
                0x080018c6                nmi_handler
 .text.reset_handler
                0x080018c8       0x90 ../libopencm3/lib/libopencm3_stm32f3.a(vector.o)
                0x080018c8                reset_handler
 .text.systick_set_reload
                0x08001958       0x10 ../libopencm3/lib/libopencm3_stm32f3.a(systick.o)
                0x08001958                systick_set_reload
 .text.systick_set_clocksource
                0x08001968       0x18 ../libopencm3/lib/libopencm3_stm32f3.a(systick.o)
                0x08001968                systick_set_clocksource
 .text.systick_interrupt_enable
                0x08001980       0x10 ../libopencm3/lib/libopencm3_stm32f3.a(systick.o)
                0x08001980                systick_interrupt_enable
 .text.systick_counter_enable
                0x08001990       0x10 ../libopencm3/lib/libopencm3_stm32f3.a(systick.o)
                0x08001990                systick_counter_enable
 .text.usart_send
                0x080019a0        0x8 ../libopencm3/lib/libopencm3_stm32f3.a(usart.o)
                0x080019a0                usart_send
 .text.usart_recv
                0x080019a8        0x8 ../libopencm3/lib/libopencm3_stm32f3.a(usart.o)
                0x080019a8                usart_recv
 .text.usart_wait_send_ready
                0x080019b0        0x8 ../libopencm3/lib/libopencm3_stm32f3.a(usart.o)
                0x080019b0                usart_wait_send_ready
 .text.usart_wait_recv_ready
                0x080019b8        0x8 ../libopencm3/lib/libopencm3_stm32f3.a(usart.o)
                0x080019b8                usart_wait_recv_ready
 .text.malloc   0x080019c0       0x10 /home/aghosh01/gcc-arm-none-eabi-4_7-2012q4/bin/../lib/gcc/arm-none-eabi/4.7.3/../../../../arm-none-eabi/lib/armv7e-m/fpu/libc.a(lib_a-malloc.o)
                0x080019c0                malloc
 .text._malloc_r
                0x080019d0      0x55c /home/aghosh01/gcc-arm-none-eabi-4_7-2012q4/bin/../lib/gcc/arm-none-eabi/4.7.3/../../../../arm-none-eabi/lib/armv7e-m/fpu/libc.a(lib_a-mallocr.o)
                0x080019d0                _malloc_r
 .text.memcpy   0x08001f2c      0x144 /home/aghosh01/gcc-arm-none-eabi-4_7-2012q4/bin/../lib/gcc/arm-none-eabi/4.7.3/../../../../arm-none-eabi/lib/armv7e-m/fpu/libc.a(lib_a-memcpy.o)
                0x08001f2c                memcpy
 .text.__malloc_lock
                0x08002070        0x4 /home/aghosh01/gcc-arm-none-eabi-4_7-2012q4/bin/../lib/gcc/arm-none-eabi/4.7.3/../../../../arm-none-eabi/lib/armv7e-m/fpu/libc.a(lib_a-mlock.o)
                0x08002070                __malloc_lock
 .text.__malloc_unlock
                0x08002074        0x4 /home/aghosh01/gcc-arm-none-eabi-4_7-2012q4/bin/../lib/gcc/arm-none-eabi/4.7.3/../../../../arm-none-eabi/lib/armv7e-m/fpu/libc.a(lib_a-mlock.o)
                0x08002074                __malloc_unlock
 .text.printf   0x08002078       0x28 /home/aghosh01/gcc-arm-none-eabi-4_7-2012q4/bin/../lib/gcc/arm-none-eabi/4.7.3/../../../../arm-none-eabi/lib/armv7e-m/fpu/libc.a(lib_a-printf.o)
                0x08002078                printf
 .text._puts_r  0x080020a0       0x68 /home/aghosh01/gcc-arm-none-eabi-4_7-2012q4/bin/../lib/gcc/arm-none-eabi/4.7.3/../../../../arm-none-eabi/lib/armv7e-m/fpu/libc.a(lib_a-puts.o)
                0x080020a0                _puts_r
 .text.puts     0x08002108       0x10 /home/aghosh01/gcc-arm-none-eabi-4_7-2012q4/bin/../lib/gcc/arm-none-eabi/4.7.3/../../../../arm-none-eabi/lib/armv7e-m/fpu/libc.a(lib_a-puts.o)
                0x08002108                puts
 .text._sbrk_r  0x08002118       0x24 /home/aghosh01/gcc-arm-none-eabi-4_7-2012q4/bin/../lib/gcc/arm-none-eabi/4.7.3/../../../../arm-none-eabi/lib/armv7e-m/fpu/libc.a(lib_a-sbrkr.o)
                0x08002118                _sbrk_r
 .text.setvbuf  0x0800213c      0x110 /home/aghosh01/gcc-arm-none-eabi-4_7-2012q4/bin/../lib/gcc/arm-none-eabi/4.7.3/../../../../arm-none-eabi/lib/armv7e-m/fpu/libc.a(lib_a-setvbuf.o)
                0x0800213c                setvbuf
 .text.strlen   0x0800224c       0x60 /home/aghosh01/gcc-arm-none-eabi-4_7-2012q4/bin/../lib/gcc/arm-none-eabi/4.7.3/../../../../arm-none-eabi/lib/armv7e-m/fpu/libc.a(lib_a-strlen.o)
                0x0800224c                strlen
 .text._vfprintf_r
                0x080022ac     0x1e90 /home/aghosh01/gcc-arm-none-eabi-4_7-2012q4/bin/../lib/gcc/arm-none-eabi/4.7.3/../../../../arm-none-eabi/lib/armv7e-m/fpu/libc.a(lib_a-vfprintf.o)
                0x080022ac                _vfprintf_r
 .text.__swsetup_r
                0x0800413c       0xc4 /home/aghosh01/gcc-arm-none-eabi-4_7-2012q4/bin/../lib/gcc/arm-none-eabi/4.7.3/../../../../arm-none-eabi/lib/armv7e-m/fpu/libc.a(lib_a-wsetup.o)
                0x0800413c                __swsetup_r
 .text.quorem   0x08004200      0x2ec /home/aghosh01/gcc-arm-none-eabi-4_7-2012q4/bin/../lib/gcc/arm-none-eabi/4.7.3/../../../../arm-none-eabi/lib/armv7e-m/fpu/libc.a(lib_a-dtoa.o)
 *fill*         0x080044ec        0x4 00
 .text._dtoa_r  0x080044f0     0x1260 /home/aghosh01/gcc-arm-none-eabi-4_7-2012q4/bin/../lib/gcc/arm-none-eabi/4.7.3/../../../../arm-none-eabi/lib/armv7e-m/fpu/libc.a(lib_a-dtoa.o)
                0x080044f0                _dtoa_r
 .text._fflush_r
                0x08005750      0x168 /home/aghosh01/gcc-arm-none-eabi-4_7-2012q4/bin/../lib/gcc/arm-none-eabi/4.7.3/../../../../arm-none-eabi/lib/armv7e-m/fpu/libc.a(lib_a-fflush.o)
                0x08005750                _fflush_r
 .text._cleanup_r
                0x080058b8        0xc /home/aghosh01/gcc-arm-none-eabi-4_7-2012q4/bin/../lib/gcc/arm-none-eabi/4.7.3/../../../../arm-none-eabi/lib/armv7e-m/fpu/libc.a(lib_a-findfp.o)
                0x080058b8                _cleanup_r
 .text.std.isra.0
                0x080058c4       0x50 /home/aghosh01/gcc-arm-none-eabi-4_7-2012q4/bin/../lib/gcc/arm-none-eabi/4.7.3/../../../../arm-none-eabi/lib/armv7e-m/fpu/libc.a(lib_a-findfp.o)
 .text.__sinit  0x08005914       0x4c /home/aghosh01/gcc-arm-none-eabi-4_7-2012q4/bin/../lib/gcc/arm-none-eabi/4.7.3/../../../../arm-none-eabi/lib/armv7e-m/fpu/libc.a(lib_a-findfp.o)
                0x08005914                __sinit
 .text.__sfp_lock_acquire
                0x08005960        0x4 /home/aghosh01/gcc-arm-none-eabi-4_7-2012q4/bin/../lib/gcc/arm-none-eabi/4.7.3/../../../../arm-none-eabi/lib/armv7e-m/fpu/libc.a(lib_a-findfp.o)
                0x08005960                __sfp_lock_acquire
 .text.__sfp_lock_release
                0x08005964        0x4 /home/aghosh01/gcc-arm-none-eabi-4_7-2012q4/bin/../lib/gcc/arm-none-eabi/4.7.3/../../../../arm-none-eabi/lib/armv7e-m/fpu/libc.a(lib_a-findfp.o)
                0x08005964                __sfp_lock_release
 .text._malloc_trim_r
                0x08005968       0x98 /home/aghosh01/gcc-arm-none-eabi-4_7-2012q4/bin/../lib/gcc/arm-none-eabi/4.7.3/../../../../arm-none-eabi/lib/armv7e-m/fpu/libc.a(lib_a-freer.o)
                0x08005968                _malloc_trim_r
 .text._free_r  0x08005a00      0x194 /home/aghosh01/gcc-arm-none-eabi-4_7-2012q4/bin/../lib/gcc/arm-none-eabi/4.7.3/../../../../arm-none-eabi/lib/armv7e-m/fpu/libc.a(lib_a-freer.o)
                0x08005a00                _free_r
 .text.__sfvwrite_r
                0x08005b94      0x314 /home/aghosh01/gcc-arm-none-eabi-4_7-2012q4/bin/../lib/gcc/arm-none-eabi/4.7.3/../../../../arm-none-eabi/lib/armv7e-m/fpu/libc.a(lib_a-fvwrite.o)
                0x08005b94                __sfvwrite_r
 .text._fwalk   0x08005ea8       0xb8 /home/aghosh01/gcc-arm-none-eabi-4_7-2012q4/bin/../lib/gcc/arm-none-eabi/4.7.3/../../../../arm-none-eabi/lib/armv7e-m/fpu/libc.a(lib_a-fwalk.o)
                0x08005ea8                _fwalk
 .text.__locale_charset
                0x08005f60        0xc /home/aghosh01/gcc-arm-none-eabi-4_7-2012q4/bin/../lib/gcc/arm-none-eabi/4.7.3/../../../../arm-none-eabi/lib/armv7e-m/fpu/libc.a(lib_a-locale.o)
                0x08005f60                __locale_charset
 .text.__locale_mb_cur_max
                0x08005f6c        0xc /home/aghosh01/gcc-arm-none-eabi-4_7-2012q4/bin/../lib/gcc/arm-none-eabi/4.7.3/../../../../arm-none-eabi/lib/armv7e-m/fpu/libc.a(lib_a-locale.o)
                0x08005f6c                __locale_mb_cur_max
 .text._localeconv_r
                0x08005f78        0xc /home/aghosh01/gcc-arm-none-eabi-4_7-2012q4/bin/../lib/gcc/arm-none-eabi/4.7.3/../../../../arm-none-eabi/lib/armv7e-m/fpu/libc.a(lib_a-locale.o)
                0x08005f78                _localeconv_r
 .text.__smakebuf_r
                0x08005f84       0xe8 /home/aghosh01/gcc-arm-none-eabi-4_7-2012q4/bin/../lib/gcc/arm-none-eabi/4.7.3/../../../../arm-none-eabi/lib/armv7e-m/fpu/libc.a(lib_a-makebuf.o)
                0x08005f84                __smakebuf_r
 .text.memchr   0x0800606c      0x140 /home/aghosh01/gcc-arm-none-eabi-4_7-2012q4/bin/../lib/gcc/arm-none-eabi/4.7.3/../../../../arm-none-eabi/lib/armv7e-m/fpu/libc.a(lib_a-memchr.o)
                0x0800606c                memchr
 .text.memmove  0x080061ac      0x198 /home/aghosh01/gcc-arm-none-eabi-4_7-2012q4/bin/../lib/gcc/arm-none-eabi/4.7.3/../../../../arm-none-eabi/lib/armv7e-m/fpu/libc.a(lib_a-memmove.o)
                0x080061ac                memmove
 .text.memset   0x08006344      0x12c /home/aghosh01/gcc-arm-none-eabi-4_7-2012q4/bin/../lib/gcc/arm-none-eabi/4.7.3/../../../../arm-none-eabi/lib/armv7e-m/fpu/libc.a(lib_a-memset.o)
                0x08006344                memset
 .text._Balloc  0x08006470       0x4c /home/aghosh01/gcc-arm-none-eabi-4_7-2012q4/bin/../lib/gcc/arm-none-eabi/4.7.3/../../../../arm-none-eabi/lib/armv7e-m/fpu/libc.a(lib_a-mprec.o)
                0x08006470                _Balloc
 .text._Bfree   0x080064bc       0x14 /home/aghosh01/gcc-arm-none-eabi-4_7-2012q4/bin/../lib/gcc/arm-none-eabi/4.7.3/../../../../arm-none-eabi/lib/armv7e-m/fpu/libc.a(lib_a-mprec.o)
                0x080064bc                _Bfree
 .text.__multadd
                0x080064d0       0xf8 /home/aghosh01/gcc-arm-none-eabi-4_7-2012q4/bin/../lib/gcc/arm-none-eabi/4.7.3/../../../../arm-none-eabi/lib/armv7e-m/fpu/libc.a(lib_a-mprec.o)
                0x080064d0                __multadd
 .text.__hi0bits
                0x080065c8       0x3c /home/aghosh01/gcc-arm-none-eabi-4_7-2012q4/bin/../lib/gcc/arm-none-eabi/4.7.3/../../../../arm-none-eabi/lib/armv7e-m/fpu/libc.a(lib_a-mprec.o)
                0x080065c8                __hi0bits
 .text.__lo0bits
                0x08006604       0x5c /home/aghosh01/gcc-arm-none-eabi-4_7-2012q4/bin/../lib/gcc/arm-none-eabi/4.7.3/../../../../arm-none-eabi/lib/armv7e-m/fpu/libc.a(lib_a-mprec.o)
                0x08006604                __lo0bits
 .text.__i2b    0x08006660       0x14 /home/aghosh01/gcc-arm-none-eabi-4_7-2012q4/bin/../lib/gcc/arm-none-eabi/4.7.3/../../../../arm-none-eabi/lib/armv7e-m/fpu/libc.a(lib_a-mprec.o)
                0x08006660                __i2b
 .text.__multiply
                0x08006674      0x2d0 /home/aghosh01/gcc-arm-none-eabi-4_7-2012q4/bin/../lib/gcc/arm-none-eabi/4.7.3/../../../../arm-none-eabi/lib/armv7e-m/fpu/libc.a(lib_a-mprec.o)
                0x08006674                __multiply
 .text.__pow5mult
                0x08006944       0x94 /home/aghosh01/gcc-arm-none-eabi-4_7-2012q4/bin/../lib/gcc/arm-none-eabi/4.7.3/../../../../arm-none-eabi/lib/armv7e-m/fpu/libc.a(lib_a-mprec.o)
                0x08006944                __pow5mult
 .text.__lshift
                0x080069d8      0x188 /home/aghosh01/gcc-arm-none-eabi-4_7-2012q4/bin/../lib/gcc/arm-none-eabi/4.7.3/../../../../arm-none-eabi/lib/armv7e-m/fpu/libc.a(lib_a-mprec.o)
                0x080069d8                __lshift
 .text.__mcmp   0x08006b60       0x5c /home/aghosh01/gcc-arm-none-eabi-4_7-2012q4/bin/../lib/gcc/arm-none-eabi/4.7.3/../../../../arm-none-eabi/lib/armv7e-m/fpu/libc.a(lib_a-mprec.o)
                0x08006b60                __mcmp
 .text.__mdiff  0x08006bbc      0x20c /home/aghosh01/gcc-arm-none-eabi-4_7-2012q4/bin/../lib/gcc/arm-none-eabi/4.7.3/../../../../arm-none-eabi/lib/armv7e-m/fpu/libc.a(lib_a-mprec.o)
                0x08006bbc                __mdiff
 .text.__d2b    0x08006dc8       0xb4 /home/aghosh01/gcc-arm-none-eabi-4_7-2012q4/bin/../lib/gcc/arm-none-eabi/4.7.3/../../../../arm-none-eabi/lib/armv7e-m/fpu/libc.a(lib_a-mprec.o)
                0x08006dc8                __d2b
 .text._realloc_r
                0x08006e7c      0x3dc /home/aghosh01/gcc-arm-none-eabi-4_7-2012q4/bin/../lib/gcc/arm-none-eabi/4.7.3/../../../../arm-none-eabi/lib/armv7e-m/fpu/libc.a(lib_a-reallocr.o)
                0x08006e7c                _realloc_r
 .text.__fpclassifyd
                0x08007258       0x70 /home/aghosh01/gcc-arm-none-eabi-4_7-2012q4/bin/../lib/gcc/arm-none-eabi/4.7.3/../../../../arm-none-eabi/lib/armv7e-m/fpu/libc.a(lib_a-s_fpclassify.o)
                0x08007258                __fpclassifyd
 .text.__sread  0x080072c8       0x24 /home/aghosh01/gcc-arm-none-eabi-4_7-2012q4/bin/../lib/gcc/arm-none-eabi/4.7.3/../../../../arm-none-eabi/lib/armv7e-m/fpu/libc.a(lib_a-stdio.o)
                0x080072c8                __sread
 .text.__swrite
                0x080072ec       0x44 /home/aghosh01/gcc-arm-none-eabi-4_7-2012q4/bin/../lib/gcc/arm-none-eabi/4.7.3/../../../../arm-none-eabi/lib/armv7e-m/fpu/libc.a(lib_a-stdio.o)
                0x080072ec                __swrite
 .text.__sseek  0x08007330       0x24 /home/aghosh01/gcc-arm-none-eabi-4_7-2012q4/bin/../lib/gcc/arm-none-eabi/4.7.3/../../../../arm-none-eabi/lib/armv7e-m/fpu/libc.a(lib_a-stdio.o)
                0x08007330                __sseek
 .text.__sclose
                0x08007354        0x8 /home/aghosh01/gcc-arm-none-eabi-4_7-2012q4/bin/../lib/gcc/arm-none-eabi/4.7.3/../../../../arm-none-eabi/lib/armv7e-m/fpu/libc.a(lib_a-stdio.o)
                0x08007354                __sclose
 .text.__sprint_r
                0x0800735c       0xc0 /home/aghosh01/gcc-arm-none-eabi-4_7-2012q4/bin/../lib/gcc/arm-none-eabi/4.7.3/../../../../arm-none-eabi/lib/armv7e-m/fpu/libc.a(lib_a-vfiprintf.o)
                0x0800735c                __sprint_r
 .text._write_r
                0x0800741c       0x28 /home/aghosh01/gcc-arm-none-eabi-4_7-2012q4/bin/../lib/gcc/arm-none-eabi/4.7.3/../../../../arm-none-eabi/lib/armv7e-m/fpu/libc.a(lib_a-writer.o)
                0x0800741c                _write_r
 .text._calloc_r
                0x08007444       0x60 /home/aghosh01/gcc-arm-none-eabi-4_7-2012q4/bin/../lib/gcc/arm-none-eabi/4.7.3/../../../../arm-none-eabi/lib/armv7e-m/fpu/libc.a(lib_a-callocr.o)
                0x08007444                _calloc_r
 .text._close_r
                0x080074a4       0x24 /home/aghosh01/gcc-arm-none-eabi-4_7-2012q4/bin/../lib/gcc/arm-none-eabi/4.7.3/../../../../arm-none-eabi/lib/armv7e-m/fpu/libc.a(lib_a-closer.o)
                0x080074a4                _close_r
 .text._fclose_r
                0x080074c8       0x94 /home/aghosh01/gcc-arm-none-eabi-4_7-2012q4/bin/../lib/gcc/arm-none-eabi/4.7.3/../../../../arm-none-eabi/lib/armv7e-m/fpu/libc.a(lib_a-fclose.o)
                0x080074c8                _fclose_r
 .text.fclose   0x0800755c       0x10 /home/aghosh01/gcc-arm-none-eabi-4_7-2012q4/bin/../lib/gcc/arm-none-eabi/4.7.3/../../../../arm-none-eabi/lib/armv7e-m/fpu/libc.a(lib_a-fclose.o)
                0x0800755c                fclose
 .text._fputwc_r
                0x0800756c      0x1b0 /home/aghosh01/gcc-arm-none-eabi-4_7-2012q4/bin/../lib/gcc/arm-none-eabi/4.7.3/../../../../arm-none-eabi/lib/armv7e-m/fpu/libc.a(lib_a-fputwc.o)
                0x0800756c                _fputwc_r
 .text._fstat_r
                0x0800771c       0x28 /home/aghosh01/gcc-arm-none-eabi-4_7-2012q4/bin/../lib/gcc/arm-none-eabi/4.7.3/../../../../arm-none-eabi/lib/armv7e-m/fpu/libc.a(lib_a-fstatr.o)
                0x0800771c                _fstat_r
 .text._isatty_r
                0x08007744       0x24 /home/aghosh01/gcc-arm-none-eabi-4_7-2012q4/bin/../lib/gcc/arm-none-eabi/4.7.3/../../../../arm-none-eabi/lib/armv7e-m/fpu/libc.a(lib_a-isattyr.o)
                0x08007744                _isatty_r
 .text._lseek_r
                0x08007768       0x28 /home/aghosh01/gcc-arm-none-eabi-4_7-2012q4/bin/../lib/gcc/arm-none-eabi/4.7.3/../../../../arm-none-eabi/lib/armv7e-m/fpu/libc.a(lib_a-lseekr.o)
                0x08007768                _lseek_r
 .text._read_r  0x08007790       0x28 /home/aghosh01/gcc-arm-none-eabi-4_7-2012q4/bin/../lib/gcc/arm-none-eabi/4.7.3/../../../../arm-none-eabi/lib/armv7e-m/fpu/libc.a(lib_a-readr.o)
                0x08007790                _read_r
 .text.__swbuf_r
                0x080077b8       0xbc /home/aghosh01/gcc-arm-none-eabi-4_7-2012q4/bin/../lib/gcc/arm-none-eabi/4.7.3/../../../../arm-none-eabi/lib/armv7e-m/fpu/libc.a(lib_a-wbuf.o)
                0x080077b8                __swbuf_r
 .text._wcrtomb_r
                0x08007874       0x50 /home/aghosh01/gcc-arm-none-eabi-4_7-2012q4/bin/../lib/gcc/arm-none-eabi/4.7.3/../../../../arm-none-eabi/lib/armv7e-m/fpu/libc.a(lib_a-wcrtomb.o)
                0x08007874                _wcrtomb_r
 .text.__ascii_wctomb
                0x080078c4       0x1c /home/aghosh01/gcc-arm-none-eabi-4_7-2012q4/bin/../lib/gcc/arm-none-eabi/4.7.3/../../../../arm-none-eabi/lib/armv7e-m/fpu/libc.a(lib_a-wctomb_r.o)
                0x080078c4                __ascii_wctomb
 .text          0x080078e0      0x370 /home/aghosh01/gcc-arm-none-eabi-4_7-2012q4/bin/../lib/gcc/arm-none-eabi/4.7.3/armv7e-m/fpu/libgcc.a(_arm_addsubdf3.o)
                0x080078e0                __aeabi_drsub
                0x080078e8                __aeabi_dsub
                0x080078e8                __subdf3
                0x080078ec                __adddf3
                0x080078ec                __aeabi_dadd
                0x08007b64                __aeabi_ui2d
                0x08007b64                __floatunsidf
                0x08007b84                __floatsidf
                0x08007b84                __aeabi_i2d
                0x08007ba8                __extendsfdf2
                0x08007ba8                __aeabi_f2d
                0x08007be4                __aeabi_ul2d
                0x08007be4                __floatundidf
                0x08007bf4                __floatdidf
                0x08007bf4                __aeabi_l2d
 .text          0x08007c50      0x424 /home/aghosh01/gcc-arm-none-eabi-4_7-2012q4/bin/../lib/gcc/arm-none-eabi/4.7.3/armv7e-m/fpu/libgcc.a(_arm_muldivdf3.o)
                0x08007c50                __aeabi_dmul
                0x08007c50                __muldf3
                0x08007ea4                __aeabi_ddiv
                0x08007ea4                __divdf3
 .text          0x08008074      0x110 /home/aghosh01/gcc-arm-none-eabi-4_7-2012q4/bin/../lib/gcc/arm-none-eabi/4.7.3/armv7e-m/fpu/libgcc.a(_arm_cmpdf2.o)
                0x08008074                __gtdf2
                0x08008074                __gedf2
                0x0800807c                __ltdf2
                0x0800807c                __ledf2
                0x08008084                __cmpdf2
                0x08008084                __eqdf2
                0x08008084                __nedf2
                0x08008100                __aeabi_cdrcmple
                0x08008110                __aeabi_cdcmple
                0x08008110                __aeabi_cdcmpeq
                0x08008120                __aeabi_dcmpeq
                0x08008134                __aeabi_dcmplt
                0x08008148                __aeabi_dcmple
                0x0800815c                __aeabi_dcmpge
                0x08008170                __aeabi_dcmpgt
 .text          0x08008184       0x50 /home/aghosh01/gcc-arm-none-eabi-4_7-2012q4/bin/../lib/gcc/arm-none-eabi/4.7.3/armv7e-m/fpu/libgcc.a(_arm_fixdfsi.o)
                0x08008184                __fixdfsi
                0x08008184                __aeabi_d2iz
 .text          0x080081d4       0x2c /home/aghosh01/gcc-arm-none-eabi-4_7-2012q4/bin/../lib/gcc/arm-none-eabi/4.7.3/armv7e-m/fpu/libgcc.a(_aeabi_uldivmod.o)
                0x080081d4                __aeabi_uldivmod
 .text          0x08008200       0x58 /home/aghosh01/gcc-arm-none-eabi-4_7-2012q4/bin/../lib/gcc/arm-none-eabi/4.7.3/armv7e-m/fpu/libgcc.a(bpabi.o)
                0x08008200                __gnu_ldivmod_helper
                0x0800822c                __gnu_uldivmod_helper
 .text          0x08008258        0x4 /home/aghosh01/gcc-arm-none-eabi-4_7-2012q4/bin/../lib/gcc/arm-none-eabi/4.7.3/armv7e-m/fpu/libgcc.a(_dvmd_tls.o)
                0x08008258                __aeabi_ldiv0
                0x08008258                __aeabi_idiv0
 .text          0x0800825c      0x2bc /home/aghosh01/gcc-arm-none-eabi-4_7-2012q4/bin/../lib/gcc/arm-none-eabi/4.7.3/armv7e-m/fpu/libgcc.a(_divdi3.o)
                0x0800825c                __divdi3
 .text          0x08008518      0x288 /home/aghosh01/gcc-arm-none-eabi-4_7-2012q4/bin/../lib/gcc/arm-none-eabi/4.7.3/armv7e-m/fpu/libgcc.a(_udivdi3.o)
                0x08008518                __udivdi3
 .text._open    0x080087a0       0x14 /home/aghosh01/gcc-arm-none-eabi-4_7-2012q4/bin/../lib/gcc/arm-none-eabi/4.7.3/../../../../arm-none-eabi/lib/armv7e-m/fpu/libnosys.a(open.o)
                0x080087a0                _open
                0x080087b4                . = ALIGN (0x4)
 *(.rodata*)
 .rodata.str1.1
                0x080087b4       0x3f /home/aghosh01/uav_codebase/avionics_code_test/flight_software/source/comp_filter/comp_filter.o
 .rodata.str1.1
                0x080087f3       0x1f /home/aghosh01/uav_codebase/avionics_code_test/flight_software/source/newlib_stubs/newlib_stubs.o
 .rodata.CSWTCH.19
                0x08008812        0x2 /home/aghosh01/uav_codebase/avionics_code_test/flight_software/source/vehicle_firmware_hal/imu_hal.o
 .rodata.str1.1
                0x08008814        0x7 testbed_sw_app_main.o
 *fill*         0x0800881b        0x1 00
 .rodata.hsi_8mhz
                0x0800881c       0x3c ../libopencm3/lib/libopencm3_stm32f3.a(rcc.o)
                0x0800881c                hsi_8mhz
 .rodata.str1.4
                0x08008858        0x2 /home/aghosh01/gcc-arm-none-eabi-4_7-2012q4/bin/../lib/gcc/arm-none-eabi/4.7.3/../../../../arm-none-eabi/lib/armv7e-m/fpu/libc.a(lib_a-impure.o)
                                  0x4 (size before relaxing)
 *fill*         0x0800885a        0x2 00
 .rodata.str1.4
                0x0800885c        0x2 /home/aghosh01/gcc-arm-none-eabi-4_7-2012q4/bin/../lib/gcc/arm-none-eabi/4.7.3/../../../../arm-none-eabi/lib/armv7e-m/fpu/libc.a(lib_a-puts.o)
                                  0x4 (size before relaxing)
 *fill*         0x0800885e        0x2 00
 .rodata.blanks.6735
                0x08008860       0x10 /home/aghosh01/gcc-arm-none-eabi-4_7-2012q4/bin/../lib/gcc/arm-none-eabi/4.7.3/../../../../arm-none-eabi/lib/armv7e-m/fpu/libc.a(lib_a-vfprintf.o)
 .rodata.str1.4
                0x08008870       0x42 /home/aghosh01/gcc-arm-none-eabi-4_7-2012q4/bin/../lib/gcc/arm-none-eabi/4.7.3/../../../../arm-none-eabi/lib/armv7e-m/fpu/libc.a(lib_a-vfprintf.o)
                                 0x44 (size before relaxing)
 *fill*         0x080088b2        0x2 00
 .rodata.zeroes.6736
                0x080088b4       0x10 /home/aghosh01/gcc-arm-none-eabi-4_7-2012q4/bin/../lib/gcc/arm-none-eabi/4.7.3/../../../../arm-none-eabi/lib/armv7e-m/fpu/libc.a(lib_a-vfprintf.o)
 .rodata.str1.4
                0x080088c4       0x10 /home/aghosh01/gcc-arm-none-eabi-4_7-2012q4/bin/../lib/gcc/arm-none-eabi/4.7.3/../../../../arm-none-eabi/lib/armv7e-m/fpu/libc.a(lib_a-dtoa.o)
                                 0x14 (size before relaxing)
 .rodata.str1.4
                0x080088d4        0xc /home/aghosh01/gcc-arm-none-eabi-4_7-2012q4/bin/../lib/gcc/arm-none-eabi/4.7.3/../../../../arm-none-eabi/lib/armv7e-m/fpu/libc.a(lib_a-locale.o)
                                 0x14 (size before relaxing)
 .rodata.p05.5242
                0x080088e0        0xc /home/aghosh01/gcc-arm-none-eabi-4_7-2012q4/bin/../lib/gcc/arm-none-eabi/4.7.3/../../../../arm-none-eabi/lib/armv7e-m/fpu/libc.a(lib_a-mprec.o)
 *fill*         0x080088ec        0x4 00
 .rodata.__mprec_tens
                0x080088f0       0xc8 /home/aghosh01/gcc-arm-none-eabi-4_7-2012q4/bin/../lib/gcc/arm-none-eabi/4.7.3/../../../../arm-none-eabi/lib/armv7e-m/fpu/libc.a(lib_a-mprec.o)
                0x080088f0                __mprec_tens
 .rodata.__mprec_bigtens
                0x080089b8       0x28 /home/aghosh01/gcc-arm-none-eabi-4_7-2012q4/bin/../lib/gcc/arm-none-eabi/4.7.3/../../../../arm-none-eabi/lib/armv7e-m/fpu/libc.a(lib_a-mprec.o)
                0x080089b8                __mprec_bigtens
                0x080089e0                . = ALIGN (0x4)

.glue_7         0x080089e0        0x0
 .glue_7        0x00000000        0x0 linker stubs

.glue_7t        0x080089e0        0x0
 .glue_7t       0x00000000        0x0 linker stubs

.vfp11_veneer   0x080089e0        0x0
 .vfp11_veneer  0x00000000        0x0 linker stubs

.v4_bx          0x080089e0        0x0
 .v4_bx         0x00000000        0x0 linker stubs

.iplt           0x080089e0        0x0
 .iplt          0x00000000        0x0 /home/aghosh01/uav_codebase/avionics_code_test/flight_software/source/comms_protocol_codebase/level0_comms_hal_stm32.o

.preinit_array  0x080089e0        0x0
                0x080089e0                . = ALIGN (0x4)
                0x080089e0                __preinit_array_start = .
 *(.preinit_array)
                0x080089e0                __preinit_array_end = .

.init_array     0x080089e0        0x0
                0x080089e0                . = ALIGN (0x4)
                0x080089e0                __init_array_start = .
 *(SORT(.init_array.*))
 *(.init_array)
                0x080089e0                __init_array_end = .

.fini_array     0x080089e0        0x0
                0x080089e0                . = ALIGN (0x4)
                0x080089e0                __fini_array_start = .
 *(.fini_array)
 *(SORT(.fini_array.*))
                0x080089e0                __fini_array_end = .

.ARM.extab
 *(.ARM.extab*)

.ARM.exidx      0x080089e0        0x8
                0x080089e0                __exidx_start = .
 *(.ARM.exidx*)
 .ARM.exidx     0x080089e0        0x8 /home/aghosh01/gcc-arm-none-eabi-4_7-2012q4/bin/../lib/gcc/arm-none-eabi/4.7.3/armv7e-m/fpu/libgcc.a(_divdi3.o)
 .ARM.exidx     0x080089e8        0x0 /home/aghosh01/gcc-arm-none-eabi-4_7-2012q4/bin/../lib/gcc/arm-none-eabi/4.7.3/armv7e-m/fpu/libgcc.a(_udivdi3.o)
                                  0x8 (size before relaxing)
                0x080089e8                __exidx_end = .

.rel.dyn        0x080089e8        0x0
 .rel.iplt      0x00000000        0x0 /home/aghosh01/uav_codebase/avionics_code_test/flight_software/source/comms_protocol_codebase/level0_comms_hal_stm32.o
                0x080089e8                . = ALIGN (0x4)
                0x080089e8                _etext = .

.data           0x20000000      0x8a4 load address 0x080089e8
                0x20000000                _data = .
 *(.data*)
 .data.rcc_apb1_frequency
                0x20000000        0x4 ../libopencm3/lib/libopencm3_stm32f3.a(rcc.o)
                0x20000000                rcc_apb1_frequency
 .data.rcc_apb2_frequency
                0x20000004        0x4 ../libopencm3/lib/libopencm3_stm32f3.a(rcc.o)
                0x20000004                rcc_apb2_frequency
 .data.impure_data
                0x20000008      0x428 /home/aghosh01/gcc-arm-none-eabi-4_7-2012q4/bin/../lib/gcc/arm-none-eabi/4.7.3/../../../../arm-none-eabi/lib/armv7e-m/fpu/libc.a(lib_a-impure.o)
 .data._impure_ptr
                0x20000430        0x4 /home/aghosh01/gcc-arm-none-eabi-4_7-2012q4/bin/../lib/gcc/arm-none-eabi/4.7.3/../../../../arm-none-eabi/lib/armv7e-m/fpu/libc.a(lib_a-impure.o)
                0x20000430                _impure_ptr
 .data.__malloc_av_
                0x20000434      0x408 /home/aghosh01/gcc-arm-none-eabi-4_7-2012q4/bin/../lib/gcc/arm-none-eabi/4.7.3/../../../../arm-none-eabi/lib/armv7e-m/fpu/libc.a(lib_a-mallocr.o)
                0x20000434                __malloc_av_
 .data.__malloc_trim_threshold
                0x2000083c        0x4 /home/aghosh01/gcc-arm-none-eabi-4_7-2012q4/bin/../lib/gcc/arm-none-eabi/4.7.3/../../../../arm-none-eabi/lib/armv7e-m/fpu/libc.a(lib_a-mallocr.o)
                0x2000083c                __malloc_trim_threshold
 .data.__malloc_sbrk_base
                0x20000840        0x4 /home/aghosh01/gcc-arm-none-eabi-4_7-2012q4/bin/../lib/gcc/arm-none-eabi/4.7.3/../../../../arm-none-eabi/lib/armv7e-m/fpu/libc.a(lib_a-mallocr.o)
                0x20000840                __malloc_sbrk_base
 .data.lconv    0x20000844       0x38 /home/aghosh01/gcc-arm-none-eabi-4_7-2012q4/bin/../lib/gcc/arm-none-eabi/4.7.3/../../../../arm-none-eabi/lib/armv7e-m/fpu/libc.a(lib_a-locale.o)
 .data.lc_ctype_charset
                0x2000087c       0x20 /home/aghosh01/gcc-arm-none-eabi-4_7-2012q4/bin/../lib/gcc/arm-none-eabi/4.7.3/../../../../arm-none-eabi/lib/armv7e-m/fpu/libc.a(lib_a-locale.o)
 .data.__mb_cur_max
                0x2000089c        0x4 /home/aghosh01/gcc-arm-none-eabi-4_7-2012q4/bin/../lib/gcc/arm-none-eabi/4.7.3/../../../../arm-none-eabi/lib/armv7e-m/fpu/libc.a(lib_a-locale.o)
                0x2000089c                __mb_cur_max
 .data.__wctomb
                0x200008a0        0x4 /home/aghosh01/gcc-arm-none-eabi-4_7-2012q4/bin/../lib/gcc/arm-none-eabi/4.7.3/../../../../arm-none-eabi/lib/armv7e-m/fpu/libc.a(lib_a-wctomb_r.o)
                0x200008a0                __wctomb
                0x200008a4                . = ALIGN (0x4)
                0x200008a4                _edata = .
                0x080089e8                _data_loadaddr = LOADADDR (.data)

.igot.plt       0x200008a4        0x0 load address 0x0800928c
 .igot.plt      0x00000000        0x0 /home/aghosh01/uav_codebase/avionics_code_test/flight_software/source/comms_protocol_codebase/level0_comms_hal_stm32.o

.bss            0x200008a4       0x98 load address 0x0800928c
 *(.bss*)
 .bss.quadrotor_imu_bias_values
                0x200008a4       0x18 /home/aghosh01/uav_codebase/avionics_code_test/flight_software/source/comp_filter/comp_filter.o
                0x200008a4                quadrotor_imu_bias_values
 .bss.flag_queue
                0x200008bc        0xc /home/aghosh01/uav_codebase/avionics_code_test/flight_software/source/timekeeping/mission_timekeeper.o
 .bss.mission_time_counter
                0x200008c8        0x8 /home/aghosh01/uav_codebase/avionics_code_test/flight_software/source/timekeeping/mission_timekeeper.o
 .bss.delay_flag
                0x200008d0        0x1 /home/aghosh01/uav_codebase/avionics_code_test/flight_software/source/timekeeping/mission_timekeeper.o
 *fill*         0x200008d1        0x1 00
 .bss.delay_millis_to_go
                0x200008d2        0x2 /home/aghosh01/uav_codebase/avionics_code_test/flight_software/source/timekeeping/mission_timekeeper.o
 .bss.heap_end.4924
                0x200008d4        0x4 /home/aghosh01/uav_codebase/avionics_code_test/flight_software/source/newlib_stubs/newlib_stubs.o
 .bss.rc_tim4_watchdog_counter
                0x200008d8        0x1 /home/aghosh01/uav_codebase/avionics_code_test/flight_software/source/vehicle_firmware_hal/pwm_input_hal.o
 .bss.rc_tim8_watchdog_counter
                0x200008d9        0x1 /home/aghosh01/uav_codebase/avionics_code_test/flight_software/source/vehicle_firmware_hal/pwm_input_hal.o
 *fill*         0x200008da        0x2 00
 .bss.current_state
                0x200008dc       0x24 /home/aghosh01/uav_codebase/avionics_code_test/flight_software/source/vehicle_firmware_hal/pwm_input_hal.o
 .bss.rc_tim2_watchdog_counter
                0x20000900        0x1 /home/aghosh01/uav_codebase/avionics_code_test/flight_software/source/vehicle_firmware_hal/pwm_input_hal.o
 .bss.rc_tim3_watchdog_counter
                0x20000901        0x1 /home/aghosh01/uav_codebase/avionics_code_test/flight_software/source/vehicle_firmware_hal/pwm_input_hal.o
 *fill*         0x20000902        0x2 00
 .bss.__malloc_max_total_mem
                0x20000904        0x4 /home/aghosh01/gcc-arm-none-eabi-4_7-2012q4/bin/../lib/gcc/arm-none-eabi/4.7.3/../../../../arm-none-eabi/lib/armv7e-m/fpu/libc.a(lib_a-mallocr.o)
                0x20000904                __malloc_max_total_mem
 .bss.__malloc_max_sbrked_mem
                0x20000908        0x4 /home/aghosh01/gcc-arm-none-eabi-4_7-2012q4/bin/../lib/gcc/arm-none-eabi/4.7.3/../../../../arm-none-eabi/lib/armv7e-m/fpu/libc.a(lib_a-mallocr.o)
                0x20000908                __malloc_max_sbrked_mem
 .bss.__malloc_top_pad
                0x2000090c        0x4 /home/aghosh01/gcc-arm-none-eabi-4_7-2012q4/bin/../lib/gcc/arm-none-eabi/4.7.3/../../../../arm-none-eabi/lib/armv7e-m/fpu/libc.a(lib_a-mallocr.o)
                0x2000090c                __malloc_top_pad
 .bss.__malloc_current_mallinfo
                0x20000910       0x28 /home/aghosh01/gcc-arm-none-eabi-4_7-2012q4/bin/../lib/gcc/arm-none-eabi/4.7.3/../../../../arm-none-eabi/lib/armv7e-m/fpu/libc.a(lib_a-mallocr.o)
                0x20000910                __malloc_current_mallinfo
 *(COMMON)
 COMMON         0x20000938        0x4 /home/aghosh01/gcc-arm-none-eabi-4_7-2012q4/bin/../lib/gcc/arm-none-eabi/4.7.3/../../../../arm-none-eabi/lib/armv7e-m/fpu/libc.a(lib_a-reent.o)
                0x20000938                errno
                0x2000093c                . = ALIGN (0x4)
                0x2000093c                _ebss = .

/DISCARD/
 *(.eh_frame)
                0x2000093c                . = ALIGN (0x4)
                0x2000093c                end = .
                0x2000a000                PROVIDE (_stack, (ORIGIN (ram) + 0xa000))
OUTPUT(testbed_sw_app_main.elf elf32-littlearm)

.debug_info     0x00000000     0xbf06
 .debug_info    0x00000000       0xe3 /home/aghosh01/uav_codebase/avionics_code_test/flight_software/source/comms_protocol_codebase/level0_comms_hal_stm32.o
 .debug_info    0x000000e3     0x17d1 /home/aghosh01/uav_codebase/avionics_code_test/flight_software/source/comms_protocol_codebase/level0_comms.o
 .debug_info    0x000018b4      0xeba /home/aghosh01/uav_codebase/avionics_code_test/flight_software/source/comp_filter/comp_filter.o
 .debug_info    0x0000276e      0x3b4 /home/aghosh01/uav_codebase/avionics_code_test/flight_software/source/timekeeping/mission_timekeeper.o
 .debug_info    0x00002b22      0x7f7 /home/aghosh01/uav_codebase/avionics_code_test/flight_software/source/newlib_stubs/newlib_stubs.o
 .debug_info    0x00003319     0x1114 /home/aghosh01/uav_codebase/avionics_code_test/flight_software/source/vehicle_firmware_hal/pwm_input_hal.o
 .debug_info    0x0000442d     0x1120 /home/aghosh01/uav_codebase/avionics_code_test/flight_software/source/vehicle_firmware_hal/imu_hal.o
 .debug_info    0x0000554d      0x25c /home/aghosh01/uav_codebase/avionics_code_test/flight_software/source/imu/imu.o
 .debug_info    0x000057a9      0x25d /home/aghosh01/uav_codebase/avionics_code_test/flight_software/source/interrupts/interrupts.o
 .debug_info    0x00005a06     0x19c2 testbed_sw_app_main.o
 .debug_info    0x000073c8      0x871 ../libopencm3/lib/libopencm3_stm32f3.a(rcc.o)
 .debug_info    0x00007c39      0xd1f ../libopencm3/lib/libopencm3_stm32f3.a(i2c.o)
 .debug_info    0x00008958      0x238 ../libopencm3/lib/libopencm3_stm32f3.a(gpio_common_all.o)
 .debug_info    0x00008b90      0x1dd ../libopencm3/lib/libopencm3_stm32f3.a(gpio_common_f0234.o)
 .debug_info    0x00008d6d      0x525 ../libopencm3/lib/libopencm3_stm32f3.a(usart_common_all.o)
 .debug_info    0x00009292      0x9e0 ../libopencm3/lib/libopencm3_stm32f3.a(spi_common_all.o)
 .debug_info    0x00009c72     0x12ce ../libopencm3/lib/libopencm3_stm32f3.a(timer_common_all.o)
 .debug_info    0x0000af40      0x134 ../libopencm3/lib/libopencm3_stm32f3.a(flash_common_f234.o)
 .debug_info    0x0000b074      0x53f ../libopencm3/lib/libopencm3_stm32f3.a(rcc_common_all.o)
 .debug_info    0x0000b5b3      0x270 ../libopencm3/lib/libopencm3_stm32f3.a(spi_common_f03.o)
 .debug_info    0x0000b823      0x2f0 ../libopencm3/lib/libopencm3_stm32f3.a(vector.o)
 .debug_info    0x0000bb13      0x232 ../libopencm3/lib/libopencm3_stm32f3.a(systick.o)
 .debug_info    0x0000bd45      0x1c1 ../libopencm3/lib/libopencm3_stm32f3.a(usart.o)

.debug_abbrev   0x00000000     0x263e
 .debug_abbrev  0x00000000       0x94 /home/aghosh01/uav_codebase/avionics_code_test/flight_software/source/comms_protocol_codebase/level0_comms_hal_stm32.o
 .debug_abbrev  0x00000094      0x3e6 /home/aghosh01/uav_codebase/avionics_code_test/flight_software/source/comms_protocol_codebase/level0_comms.o
 .debug_abbrev  0x0000047a      0x34e /home/aghosh01/uav_codebase/avionics_code_test/flight_software/source/comp_filter/comp_filter.o
 .debug_abbrev  0x000007c8      0x1c9 /home/aghosh01/uav_codebase/avionics_code_test/flight_software/source/timekeeping/mission_timekeeper.o
 .debug_abbrev  0x00000991      0x28e /home/aghosh01/uav_codebase/avionics_code_test/flight_software/source/newlib_stubs/newlib_stubs.o
 .debug_abbrev  0x00000c1f      0x1bc /home/aghosh01/uav_codebase/avionics_code_test/flight_software/source/vehicle_firmware_hal/pwm_input_hal.o
 .debug_abbrev  0x00000ddb      0x2da /home/aghosh01/uav_codebase/avionics_code_test/flight_software/source/vehicle_firmware_hal/imu_hal.o
 .debug_abbrev  0x000010b5       0xef /home/aghosh01/uav_codebase/avionics_code_test/flight_software/source/imu/imu.o
 .debug_abbrev  0x000011a4       0xe2 /home/aghosh01/uav_codebase/avionics_code_test/flight_software/source/interrupts/interrupts.o
 .debug_abbrev  0x00001286      0x324 testbed_sw_app_main.o
 .debug_abbrev  0x000015aa      0x2bc ../libopencm3/lib/libopencm3_stm32f3.a(rcc.o)
 .debug_abbrev  0x00001866      0x251 ../libopencm3/lib/libopencm3_stm32f3.a(i2c.o)
 .debug_abbrev  0x00001ab7      0x110 ../libopencm3/lib/libopencm3_stm32f3.a(gpio_common_all.o)
 .debug_abbrev  0x00001bc7       0xb9 ../libopencm3/lib/libopencm3_stm32f3.a(gpio_common_f0234.o)
 .debug_abbrev  0x00001c80      0x147 ../libopencm3/lib/libopencm3_stm32f3.a(usart_common_all.o)
 .debug_abbrev  0x00001dc7      0x1b1 ../libopencm3/lib/libopencm3_stm32f3.a(spi_common_all.o)
 .debug_abbrev  0x00001f78      0x169 ../libopencm3/lib/libopencm3_stm32f3.a(timer_common_all.o)
 .debug_abbrev  0x000020e1       0x8c ../libopencm3/lib/libopencm3_stm32f3.a(flash_common_f234.o)
 .debug_abbrev  0x0000216d       0xc3 ../libopencm3/lib/libopencm3_stm32f3.a(rcc_common_all.o)
 .debug_abbrev  0x00002230       0xf1 ../libopencm3/lib/libopencm3_stm32f3.a(spi_common_f03.o)
 .debug_abbrev  0x00002321      0x13c ../libopencm3/lib/libopencm3_stm32f3.a(vector.o)
 .debug_abbrev  0x0000245d      0x128 ../libopencm3/lib/libopencm3_stm32f3.a(systick.o)
 .debug_abbrev  0x00002585       0xb9 ../libopencm3/lib/libopencm3_stm32f3.a(usart.o)

.debug_loc      0x00000000     0x47ff
 .debug_loc     0x00000000       0x21 /home/aghosh01/uav_codebase/avionics_code_test/flight_software/source/comms_protocol_codebase/level0_comms_hal_stm32.o
 .debug_loc     0x00000021     0x15ba /home/aghosh01/uav_codebase/avionics_code_test/flight_software/source/comms_protocol_codebase/level0_comms.o
 .debug_loc     0x000015db      0x4cc /home/aghosh01/uav_codebase/avionics_code_test/flight_software/source/comp_filter/comp_filter.o
 .debug_loc     0x00001aa7      0x15f /home/aghosh01/uav_codebase/avionics_code_test/flight_software/source/timekeeping/mission_timekeeper.o
 .debug_loc     0x00001c06      0x422 /home/aghosh01/uav_codebase/avionics_code_test/flight_software/source/newlib_stubs/newlib_stubs.o
 .debug_loc     0x00002028      0x1b6 /home/aghosh01/uav_codebase/avionics_code_test/flight_software/source/vehicle_firmware_hal/pwm_input_hal.o
 .debug_loc     0x000021de      0x280 /home/aghosh01/uav_codebase/avionics_code_test/flight_software/source/vehicle_firmware_hal/imu_hal.o
 .debug_loc     0x0000245e       0x4a /home/aghosh01/uav_codebase/avionics_code_test/flight_software/source/imu/imu.o
 .debug_loc     0x000024a8       0x40 /home/aghosh01/uav_codebase/avionics_code_test/flight_software/source/interrupts/interrupts.o
 .debug_loc     0x000024e8       0x4b testbed_sw_app_main.o
 .debug_loc     0x00002533      0x642 ../libopencm3/lib/libopencm3_stm32f3.a(rcc.o)
 .debug_loc     0x00002b75      0x553 ../libopencm3/lib/libopencm3_stm32f3.a(i2c.o)
 .debug_loc     0x000030c8       0x97 ../libopencm3/lib/libopencm3_stm32f3.a(gpio_common_all.o)
 .debug_loc     0x0000315f       0xe7 ../libopencm3/lib/libopencm3_stm32f3.a(gpio_common_f0234.o)
 .debug_loc     0x00003246      0x1d8 ../libopencm3/lib/libopencm3_stm32f3.a(usart_common_all.o)
 .debug_loc     0x0000341e      0x1b2 ../libopencm3/lib/libopencm3_stm32f3.a(spi_common_all.o)
 .debug_loc     0x000035d0      0xcc4 ../libopencm3/lib/libopencm3_stm32f3.a(timer_common_all.o)
 .debug_loc     0x00004294       0x4a ../libopencm3/lib/libopencm3_stm32f3.a(flash_common_f234.o)
 .debug_loc     0x000042de      0x14a ../libopencm3/lib/libopencm3_stm32f3.a(rcc_common_all.o)
 .debug_loc     0x00004428      0x125 ../libopencm3/lib/libopencm3_stm32f3.a(spi_common_f03.o)
 .debug_loc     0x0000454d       0xcb ../libopencm3/lib/libopencm3_stm32f3.a(vector.o)
 .debug_loc     0x00004618      0x113 ../libopencm3/lib/libopencm3_stm32f3.a(systick.o)
 .debug_loc     0x0000472b       0xd4 ../libopencm3/lib/libopencm3_stm32f3.a(usart.o)

.debug_aranges  0x00000000      0xd80
 .debug_aranges
                0x00000000       0x20 /home/aghosh01/uav_codebase/avionics_code_test/flight_software/source/comms_protocol_codebase/level0_comms_hal_stm32.o
 .debug_aranges
                0x00000020      0x110 /home/aghosh01/uav_codebase/avionics_code_test/flight_software/source/comms_protocol_codebase/level0_comms.o
 .debug_aranges
                0x00000130       0x68 /home/aghosh01/uav_codebase/avionics_code_test/flight_software/source/comp_filter/comp_filter.o
 .debug_aranges
                0x00000198       0x58 /home/aghosh01/uav_codebase/avionics_code_test/flight_software/source/timekeeping/mission_timekeeper.o
 .debug_aranges
                0x000001f0       0xa0 /home/aghosh01/uav_codebase/avionics_code_test/flight_software/source/newlib_stubs/newlib_stubs.o
 .debug_aranges
                0x00000290       0x70 /home/aghosh01/uav_codebase/avionics_code_test/flight_software/source/vehicle_firmware_hal/pwm_input_hal.o
 .debug_aranges
                0x00000300       0x38 /home/aghosh01/uav_codebase/avionics_code_test/flight_software/source/vehicle_firmware_hal/imu_hal.o
 .debug_aranges
                0x00000338       0x20 /home/aghosh01/uav_codebase/avionics_code_test/flight_software/source/imu/imu.o
 .debug_aranges
                0x00000358       0x58 /home/aghosh01/uav_codebase/avionics_code_test/flight_software/source/interrupts/interrupts.o
 .debug_aranges
                0x000003b0       0x28 testbed_sw_app_main.o
 .debug_aranges
                0x000003d8      0x100 ../libopencm3/lib/libopencm3_stm32f3.a(rcc.o)
 .debug_aranges
                0x000004d8      0x178 ../libopencm3/lib/libopencm3_stm32f3.a(i2c.o)
 .debug_aranges
                0x00000650       0x50 ../libopencm3/lib/libopencm3_stm32f3.a(gpio_common_all.o)
 .debug_aranges
                0x000006a0       0x30 ../libopencm3/lib/libopencm3_stm32f3.a(gpio_common_f0234.o)
 .debug_aranges
                0x000006d0       0xb8 ../libopencm3/lib/libopencm3_stm32f3.a(usart_common_all.o)
 .debug_aranges
                0x00000788      0x178 ../libopencm3/lib/libopencm3_stm32f3.a(spi_common_all.o)
 .debug_aranges
                0x00000900      0x278 ../libopencm3/lib/libopencm3_stm32f3.a(timer_common_all.o)
 .debug_aranges
                0x00000b78       0x50 ../libopencm3/lib/libopencm3_stm32f3.a(flash_common_f234.o)
 .debug_aranges
                0x00000bc8       0x68 ../libopencm3/lib/libopencm3_stm32f3.a(rcc_common_all.o)
 .debug_aranges
                0x00000c30       0x60 ../libopencm3/lib/libopencm3_stm32f3.a(spi_common_f03.o)
 .debug_aranges
                0x00000c90       0x30 ../libopencm3/lib/libopencm3_stm32f3.a(vector.o)
 .debug_aranges
                0x00000cc0       0x78 ../libopencm3/lib/libopencm3_stm32f3.a(systick.o)
 .debug_aranges
                0x00000d38       0x48 ../libopencm3/lib/libopencm3_stm32f3.a(usart.o)

.debug_ranges   0x00000000      0xe38
 .debug_ranges  0x00000000       0x10 /home/aghosh01/uav_codebase/avionics_code_test/flight_software/source/comms_protocol_codebase/level0_comms_hal_stm32.o
 .debug_ranges  0x00000010      0x130 /home/aghosh01/uav_codebase/avionics_code_test/flight_software/source/comms_protocol_codebase/level0_comms.o
 .debug_ranges  0x00000140      0x208 /home/aghosh01/uav_codebase/avionics_code_test/flight_software/source/comp_filter/comp_filter.o
 .debug_ranges  0x00000348       0x48 /home/aghosh01/uav_codebase/avionics_code_test/flight_software/source/timekeeping/mission_timekeeper.o
 .debug_ranges  0x00000390       0x90 /home/aghosh01/uav_codebase/avionics_code_test/flight_software/source/newlib_stubs/newlib_stubs.o
 .debug_ranges  0x00000420       0x60 /home/aghosh01/uav_codebase/avionics_code_test/flight_software/source/vehicle_firmware_hal/pwm_input_hal.o
 .debug_ranges  0x00000480       0x40 /home/aghosh01/uav_codebase/avionics_code_test/flight_software/source/vehicle_firmware_hal/imu_hal.o
 .debug_ranges  0x000004c0       0x10 /home/aghosh01/uav_codebase/avionics_code_test/flight_software/source/imu/imu.o
 .debug_ranges  0x000004d0       0x48 /home/aghosh01/uav_codebase/avionics_code_test/flight_software/source/interrupts/interrupts.o
 .debug_ranges  0x00000518       0x30 testbed_sw_app_main.o
 .debug_ranges  0x00000548       0xf0 ../libopencm3/lib/libopencm3_stm32f3.a(rcc.o)
 .debug_ranges  0x00000638      0x180 ../libopencm3/lib/libopencm3_stm32f3.a(i2c.o)
 .debug_ranges  0x000007b8       0x40 ../libopencm3/lib/libopencm3_stm32f3.a(gpio_common_all.o)
 .debug_ranges  0x000007f8       0x20 ../libopencm3/lib/libopencm3_stm32f3.a(gpio_common_f0234.o)
 .debug_ranges  0x00000818       0xa8 ../libopencm3/lib/libopencm3_stm32f3.a(usart_common_all.o)
 .debug_ranges  0x000008c0      0x168 ../libopencm3/lib/libopencm3_stm32f3.a(spi_common_all.o)
 .debug_ranges  0x00000a28      0x268 ../libopencm3/lib/libopencm3_stm32f3.a(timer_common_all.o)
 .debug_ranges  0x00000c90       0x40 ../libopencm3/lib/libopencm3_stm32f3.a(flash_common_f234.o)
 .debug_ranges  0x00000cd0       0x58 ../libopencm3/lib/libopencm3_stm32f3.a(rcc_common_all.o)
 .debug_ranges  0x00000d28       0x50 ../libopencm3/lib/libopencm3_stm32f3.a(spi_common_f03.o)
 .debug_ranges  0x00000d78       0x20 ../libopencm3/lib/libopencm3_stm32f3.a(vector.o)
 .debug_ranges  0x00000d98       0x68 ../libopencm3/lib/libopencm3_stm32f3.a(systick.o)
 .debug_ranges  0x00000e00       0x38 ../libopencm3/lib/libopencm3_stm32f3.a(usart.o)

.debug_line     0x00000000     0x5848
 .debug_line    0x00000000      0x16b /home/aghosh01/uav_codebase/avionics_code_test/flight_software/source/comms_protocol_codebase/level0_comms_hal_stm32.o
 .debug_line    0x0000016b      0x6ca /home/aghosh01/uav_codebase/avionics_code_test/flight_software/source/comms_protocol_codebase/level0_comms.o
 .debug_line    0x00000835      0x4ee /home/aghosh01/uav_codebase/avionics_code_test/flight_software/source/comp_filter/comp_filter.o
 .debug_line    0x00000d23      0x356 /home/aghosh01/uav_codebase/avionics_code_test/flight_software/source/timekeeping/mission_timekeeper.o
 .debug_line    0x00001079      0x39a /home/aghosh01/uav_codebase/avionics_code_test/flight_software/source/newlib_stubs/newlib_stubs.o
 .debug_line    0x00001413      0x478 /home/aghosh01/uav_codebase/avionics_code_test/flight_software/source/vehicle_firmware_hal/pwm_input_hal.o
 .debug_line    0x0000188b      0x35d /home/aghosh01/uav_codebase/avionics_code_test/flight_software/source/vehicle_firmware_hal/imu_hal.o
 .debug_line    0x00001be8      0x201 /home/aghosh01/uav_codebase/avionics_code_test/flight_software/source/imu/imu.o
 .debug_line    0x00001de9      0x297 /home/aghosh01/uav_codebase/avionics_code_test/flight_software/source/interrupts/interrupts.o
 .debug_line    0x00002080      0x592 testbed_sw_app_main.o
 .debug_line    0x00002612      0x4ce ../libopencm3/lib/libopencm3_stm32f3.a(rcc.o)
 .debug_line    0x00002ae0      0x58f ../libopencm3/lib/libopencm3_stm32f3.a(i2c.o)
 .debug_line    0x0000306f      0x2b1 ../libopencm3/lib/libopencm3_stm32f3.a(gpio_common_all.o)
 .debug_line    0x00003320      0x2ac ../libopencm3/lib/libopencm3_stm32f3.a(gpio_common_f0234.o)
 .debug_line    0x000035cc      0x3ba ../libopencm3/lib/libopencm3_stm32f3.a(usart_common_all.o)
 .debug_line    0x00003986      0x575 ../libopencm3/lib/libopencm3_stm32f3.a(spi_common_all.o)
 .debug_line    0x00003efb      0x938 ../libopencm3/lib/libopencm3_stm32f3.a(timer_common_all.o)
 .debug_line    0x00004833      0x2a5 ../libopencm3/lib/libopencm3_stm32f3.a(flash_common_f234.o)
 .debug_line    0x00004ad8      0x2c0 ../libopencm3/lib/libopencm3_stm32f3.a(rcc_common_all.o)
 .debug_line    0x00004d98      0x300 ../libopencm3/lib/libopencm3_stm32f3.a(spi_common_f03.o)
 .debug_line    0x00005098      0x2d4 ../libopencm3/lib/libopencm3_stm32f3.a(vector.o)
 .debug_line    0x0000536c      0x24e ../libopencm3/lib/libopencm3_stm32f3.a(systick.o)
 .debug_line    0x000055ba      0x28e ../libopencm3/lib/libopencm3_stm32f3.a(usart.o)

.debug_str      0x00000000    0x156c1
 .debug_str     0x00000000      0x139 /home/aghosh01/uav_codebase/avionics_code_test/flight_software/source/comms_protocol_codebase/level0_comms_hal_stm32.o
                                0x1c7 (size before relaxing)
 .debug_str     0x00000139      0x82f /home/aghosh01/uav_codebase/avionics_code_test/flight_software/source/comms_protocol_codebase/level0_comms.o
                                0xa31 (size before relaxing)
 .debug_str     0x00000968      0x872 /home/aghosh01/uav_codebase/avionics_code_test/flight_software/source/comp_filter/comp_filter.o
                                0x9e4 (size before relaxing)
 .debug_str     0x000011da      0x1eb /home/aghosh01/uav_codebase/avionics_code_test/flight_software/source/timekeeping/mission_timekeeper.o
                                0x3b9 (size before relaxing)
 .debug_str     0x000013c5      0x222 /home/aghosh01/uav_codebase/avionics_code_test/flight_software/source/newlib_stubs/newlib_stubs.o
                                0x3f0 (size before relaxing)
 .debug_str     0x000015e7      0x65a /home/aghosh01/uav_codebase/avionics_code_test/flight_software/source/vehicle_firmware_hal/pwm_input_hal.o
                                0x7e4 (size before relaxing)
 .debug_str     0x00001c41      0x447 /home/aghosh01/uav_codebase/avionics_code_test/flight_software/source/vehicle_firmware_hal/imu_hal.o
                                0x960 (size before relaxing)
 .debug_str     0x00002088       0x59 /home/aghosh01/uav_codebase/avionics_code_test/flight_software/source/imu/imu.o
                                0x337 (size before relaxing)
 .debug_str     0x000020e1       0xff /home/aghosh01/uav_codebase/avionics_code_test/flight_software/source/interrupts/interrupts.o
                                0x2ec (size before relaxing)
 .debug_str     0x000021e0      0x739 testbed_sw_app_main.o
                               0x1360 (size before relaxing)
 .debug_str     0x00002919     0x7123 ../libopencm3/lib/libopencm3_stm32f3.a(rcc.o)
                               0x72fb (size before relaxing)
 .debug_str     0x00009a3c      0x2c3 ../libopencm3/lib/libopencm3_stm32f3.a(i2c.o)
                               0x6e10 (size before relaxing)
 .debug_str     0x00009cff      0xdc3 ../libopencm3/lib/libopencm3_stm32f3.a(gpio_common_all.o)
                               0x4872 (size before relaxing)
 .debug_str     0x0000aac2       0x61 ../libopencm3/lib/libopencm3_stm32f3.a(gpio_common_f0234.o)
                               0x486f (size before relaxing)
 .debug_str     0x0000ab23     0x1ab8 ../libopencm3/lib/libopencm3_stm32f3.a(usart_common_all.o)
                               0x7508 (size before relaxing)
 .debug_str     0x0000c5db     0x166b ../libopencm3/lib/libopencm3_stm32f3.a(spi_common_all.o)
                               0x70cd (size before relaxing)
 .debug_str     0x0000dc46     0x4bb1 ../libopencm3/lib/libopencm3_stm32f3.a(timer_common_all.o)
                               0xa8a6 (size before relaxing)
 .debug_str     0x000127f7       0x96 ../libopencm3/lib/libopencm3_stm32f3.a(flash_common_f234.o)
                               0x3fdc (size before relaxing)
 .debug_str     0x0001288d      0x10b ../libopencm3/lib/libopencm3_stm32f3.a(rcc_common_all.o)
                               0x5ec4 (size before relaxing)
 .debug_str     0x00012998       0xa8 ../libopencm3/lib/libopencm3_stm32f3.a(spi_common_f03.o)
                               0x6b96 (size before relaxing)
 .debug_str     0x00012a40     0x2956 ../libopencm3/lib/libopencm3_stm32f3.a(vector.o)
                               0x59c6 (size before relaxing)
 .debug_str     0x00015396      0x2f0 ../libopencm3/lib/libopencm3_stm32f3.a(systick.o)
                               0x33a0 (size before relaxing)
 .debug_str     0x00015686       0x3b ../libopencm3/lib/libopencm3_stm32f3.a(usart.o)
                               0x544f (size before relaxing)

.comment        0x00000000       0x70
 .comment       0x00000000       0x70 /home/aghosh01/uav_codebase/avionics_code_test/flight_software/source/comms_protocol_codebase/level0_comms_hal_stm32.o
                                 0x71 (size before relaxing)
 .comment       0x00000000       0x71 /home/aghosh01/uav_codebase/avionics_code_test/flight_software/source/comms_protocol_codebase/level0_comms.o
 .comment       0x00000000       0x71 /home/aghosh01/uav_codebase/avionics_code_test/flight_software/source/comp_filter/comp_filter.o
 .comment       0x00000000       0x71 /home/aghosh01/uav_codebase/avionics_code_test/flight_software/source/timekeeping/mission_timekeeper.o
 .comment       0x00000000       0x71 /home/aghosh01/uav_codebase/avionics_code_test/flight_software/source/newlib_stubs/newlib_stubs.o
 .comment       0x00000000       0x71 /home/aghosh01/uav_codebase/avionics_code_test/flight_software/source/vehicle_firmware_hal/pwm_input_hal.o
 .comment       0x00000000       0x71 /home/aghosh01/uav_codebase/avionics_code_test/flight_software/source/vehicle_firmware_hal/imu_hal.o
 .comment       0x00000000       0x71 /home/aghosh01/uav_codebase/avionics_code_test/flight_software/source/imu/imu.o
 .comment       0x00000000       0x71 /home/aghosh01/uav_codebase/avionics_code_test/flight_software/source/interrupts/interrupts.o
 .comment       0x00000000       0x71 testbed_sw_app_main.o
 .comment       0x00000000       0x71 ../libopencm3/lib/libopencm3_stm32f3.a(rcc.o)
 .comment       0x00000000       0x71 ../libopencm3/lib/libopencm3_stm32f3.a(i2c.o)
 .comment       0x00000000       0x71 ../libopencm3/lib/libopencm3_stm32f3.a(gpio_common_all.o)
 .comment       0x00000000       0x71 ../libopencm3/lib/libopencm3_stm32f3.a(gpio_common_f0234.o)
 .comment       0x00000000       0x71 ../libopencm3/lib/libopencm3_stm32f3.a(usart_common_all.o)
 .comment       0x00000000       0x71 ../libopencm3/lib/libopencm3_stm32f3.a(spi_common_all.o)
 .comment       0x00000000       0x71 ../libopencm3/lib/libopencm3_stm32f3.a(timer_common_all.o)
 .comment       0x00000000       0x71 ../libopencm3/lib/libopencm3_stm32f3.a(flash_common_f234.o)
 .comment       0x00000000       0x71 ../libopencm3/lib/libopencm3_stm32f3.a(rcc_common_all.o)
 .comment       0x00000000       0x71 ../libopencm3/lib/libopencm3_stm32f3.a(spi_common_f03.o)
 .comment       0x00000000       0x71 ../libopencm3/lib/libopencm3_stm32f3.a(vector.o)
 .comment       0x00000000       0x71 ../libopencm3/lib/libopencm3_stm32f3.a(systick.o)
 .comment       0x00000000       0x71 ../libopencm3/lib/libopencm3_stm32f3.a(usart.o)

.ARM.attributes
                0x00000000       0x3b
 .ARM.attributes
                0x00000000       0x3b /home/aghosh01/uav_codebase/avionics_code_test/flight_software/source/comms_protocol_codebase/level0_comms_hal_stm32.o
 .ARM.attributes
                0x0000003b       0x3b /home/aghosh01/uav_codebase/avionics_code_test/flight_software/source/comms_protocol_codebase/level0_comms.o
 .ARM.attributes
                0x00000076       0x3b /home/aghosh01/uav_codebase/avionics_code_test/flight_software/source/comp_filter/comp_filter.o
 .ARM.attributes
                0x000000b1       0x3b /home/aghosh01/uav_codebase/avionics_code_test/flight_software/source/timekeeping/mission_timekeeper.o
 .ARM.attributes
                0x000000ec       0x3b /home/aghosh01/uav_codebase/avionics_code_test/flight_software/source/newlib_stubs/newlib_stubs.o
 .ARM.attributes
                0x00000127       0x3b /home/aghosh01/uav_codebase/avionics_code_test/flight_software/source/vehicle_firmware_hal/pwm_input_hal.o
 .ARM.attributes
                0x00000162       0x3b /home/aghosh01/uav_codebase/avionics_code_test/flight_software/source/vehicle_firmware_hal/imu_hal.o
 .ARM.attributes
                0x0000019d       0x3b /home/aghosh01/uav_codebase/avionics_code_test/flight_software/source/imu/imu.o
 .ARM.attributes
                0x000001d8       0x3b /home/aghosh01/uav_codebase/avionics_code_test/flight_software/source/interrupts/interrupts.o
 .ARM.attributes
                0x00000213       0x3b testbed_sw_app_main.o
 .ARM.attributes
                0x0000024e       0x3b ../libopencm3/lib/libopencm3_stm32f3.a(rcc.o)
 .ARM.attributes
                0x00000289       0x3b ../libopencm3/lib/libopencm3_stm32f3.a(i2c.o)
 .ARM.attributes
                0x000002c4       0x3b ../libopencm3/lib/libopencm3_stm32f3.a(gpio_common_all.o)
 .ARM.attributes
                0x000002ff       0x3b ../libopencm3/lib/libopencm3_stm32f3.a(gpio_common_f0234.o)
 .ARM.attributes
                0x0000033a       0x3b ../libopencm3/lib/libopencm3_stm32f3.a(usart_common_all.o)
 .ARM.attributes
                0x00000375       0x3b ../libopencm3/lib/libopencm3_stm32f3.a(spi_common_all.o)
 .ARM.attributes
                0x000003b0       0x3b ../libopencm3/lib/libopencm3_stm32f3.a(timer_common_all.o)
 .ARM.attributes
                0x000003eb       0x3b ../libopencm3/lib/libopencm3_stm32f3.a(flash_common_f234.o)
 .ARM.attributes
                0x00000426       0x3b ../libopencm3/lib/libopencm3_stm32f3.a(rcc_common_all.o)
 .ARM.attributes
                0x00000461       0x3b ../libopencm3/lib/libopencm3_stm32f3.a(spi_common_f03.o)
 .ARM.attributes
                0x0000049c       0x3b ../libopencm3/lib/libopencm3_stm32f3.a(vector.o)
 .ARM.attributes
                0x000004d7       0x3b ../libopencm3/lib/libopencm3_stm32f3.a(systick.o)
 .ARM.attributes
                0x00000512       0x3b ../libopencm3/lib/libopencm3_stm32f3.a(usart.o)
 .ARM.attributes
                0x0000054d       0x36 /home/aghosh01/gcc-arm-none-eabi-4_7-2012q4/bin/../lib/gcc/arm-none-eabi/4.7.3/../../../../arm-none-eabi/lib/armv7e-m/fpu/libc.a(lib_a-impure.o)
 .ARM.attributes
                0x00000583       0x36 /home/aghosh01/gcc-arm-none-eabi-4_7-2012q4/bin/../lib/gcc/arm-none-eabi/4.7.3/../../../../arm-none-eabi/lib/armv7e-m/fpu/libc.a(lib_a-malloc.o)
 .ARM.attributes
                0x000005b9       0x36 /home/aghosh01/gcc-arm-none-eabi-4_7-2012q4/bin/../lib/gcc/arm-none-eabi/4.7.3/../../../../arm-none-eabi/lib/armv7e-m/fpu/libc.a(lib_a-mallocr.o)
 .ARM.attributes
                0x000005ef       0x36 /home/aghosh01/gcc-arm-none-eabi-4_7-2012q4/bin/../lib/gcc/arm-none-eabi/4.7.3/../../../../arm-none-eabi/lib/armv7e-m/fpu/libc.a(lib_a-memcpy.o)
 .ARM.attributes
                0x00000625       0x36 /home/aghosh01/gcc-arm-none-eabi-4_7-2012q4/bin/../lib/gcc/arm-none-eabi/4.7.3/../../../../arm-none-eabi/lib/armv7e-m/fpu/libc.a(lib_a-mlock.o)
 .ARM.attributes
                0x0000065b       0x36 /home/aghosh01/gcc-arm-none-eabi-4_7-2012q4/bin/../lib/gcc/arm-none-eabi/4.7.3/../../../../arm-none-eabi/lib/armv7e-m/fpu/libc.a(lib_a-printf.o)
 .ARM.attributes
                0x00000691       0x36 /home/aghosh01/gcc-arm-none-eabi-4_7-2012q4/bin/../lib/gcc/arm-none-eabi/4.7.3/../../../../arm-none-eabi/lib/armv7e-m/fpu/libc.a(lib_a-puts.o)
 .ARM.attributes
                0x000006c7       0x36 /home/aghosh01/gcc-arm-none-eabi-4_7-2012q4/bin/../lib/gcc/arm-none-eabi/4.7.3/../../../../arm-none-eabi/lib/armv7e-m/fpu/libc.a(lib_a-reent.o)
 .ARM.attributes
                0x000006fd       0x36 /home/aghosh01/gcc-arm-none-eabi-4_7-2012q4/bin/../lib/gcc/arm-none-eabi/4.7.3/../../../../arm-none-eabi/lib/armv7e-m/fpu/libc.a(lib_a-sbrkr.o)
 .ARM.attributes
                0x00000733       0x36 /home/aghosh01/gcc-arm-none-eabi-4_7-2012q4/bin/../lib/gcc/arm-none-eabi/4.7.3/../../../../arm-none-eabi/lib/armv7e-m/fpu/libc.a(lib_a-setvbuf.o)
 .ARM.attributes
                0x00000769       0x36 /home/aghosh01/gcc-arm-none-eabi-4_7-2012q4/bin/../lib/gcc/arm-none-eabi/4.7.3/../../../../arm-none-eabi/lib/armv7e-m/fpu/libc.a(lib_a-strlen.o)
 .ARM.attributes
                0x0000079f       0x36 /home/aghosh01/gcc-arm-none-eabi-4_7-2012q4/bin/../lib/gcc/arm-none-eabi/4.7.3/../../../../arm-none-eabi/lib/armv7e-m/fpu/libc.a(lib_a-vfprintf.o)
 .ARM.attributes
                0x000007d5       0x36 /home/aghosh01/gcc-arm-none-eabi-4_7-2012q4/bin/../lib/gcc/arm-none-eabi/4.7.3/../../../../arm-none-eabi/lib/armv7e-m/fpu/libc.a(lib_a-wsetup.o)
 .ARM.attributes
                0x0000080b       0x36 /home/aghosh01/gcc-arm-none-eabi-4_7-2012q4/bin/../lib/gcc/arm-none-eabi/4.7.3/../../../../arm-none-eabi/lib/armv7e-m/fpu/libc.a(lib_a-dtoa.o)
 .ARM.attributes
                0x00000841       0x36 /home/aghosh01/gcc-arm-none-eabi-4_7-2012q4/bin/../lib/gcc/arm-none-eabi/4.7.3/../../../../arm-none-eabi/lib/armv7e-m/fpu/libc.a(lib_a-fflush.o)
 .ARM.attributes
                0x00000877       0x36 /home/aghosh01/gcc-arm-none-eabi-4_7-2012q4/bin/../lib/gcc/arm-none-eabi/4.7.3/../../../../arm-none-eabi/lib/armv7e-m/fpu/libc.a(lib_a-findfp.o)
 .ARM.attributes
                0x000008ad       0x36 /home/aghosh01/gcc-arm-none-eabi-4_7-2012q4/bin/../lib/gcc/arm-none-eabi/4.7.3/../../../../arm-none-eabi/lib/armv7e-m/fpu/libc.a(lib_a-freer.o)
 .ARM.attributes
                0x000008e3       0x36 /home/aghosh01/gcc-arm-none-eabi-4_7-2012q4/bin/../lib/gcc/arm-none-eabi/4.7.3/../../../../arm-none-eabi/lib/armv7e-m/fpu/libc.a(lib_a-fvwrite.o)
 .ARM.attributes
                0x00000919       0x36 /home/aghosh01/gcc-arm-none-eabi-4_7-2012q4/bin/../lib/gcc/arm-none-eabi/4.7.3/../../../../arm-none-eabi/lib/armv7e-m/fpu/libc.a(lib_a-fwalk.o)
 .ARM.attributes
                0x0000094f       0x36 /home/aghosh01/gcc-arm-none-eabi-4_7-2012q4/bin/../lib/gcc/arm-none-eabi/4.7.3/../../../../arm-none-eabi/lib/armv7e-m/fpu/libc.a(lib_a-locale.o)
 .ARM.attributes
                0x00000985       0x36 /home/aghosh01/gcc-arm-none-eabi-4_7-2012q4/bin/../lib/gcc/arm-none-eabi/4.7.3/../../../../arm-none-eabi/lib/armv7e-m/fpu/libc.a(lib_a-makebuf.o)
 .ARM.attributes
                0x000009bb       0x36 /home/aghosh01/gcc-arm-none-eabi-4_7-2012q4/bin/../lib/gcc/arm-none-eabi/4.7.3/../../../../arm-none-eabi/lib/armv7e-m/fpu/libc.a(lib_a-memchr.o)
 .ARM.attributes
                0x000009f1       0x36 /home/aghosh01/gcc-arm-none-eabi-4_7-2012q4/bin/../lib/gcc/arm-none-eabi/4.7.3/../../../../arm-none-eabi/lib/armv7e-m/fpu/libc.a(lib_a-memmove.o)
 .ARM.attributes
                0x00000a27       0x36 /home/aghosh01/gcc-arm-none-eabi-4_7-2012q4/bin/../lib/gcc/arm-none-eabi/4.7.3/../../../../arm-none-eabi/lib/armv7e-m/fpu/libc.a(lib_a-memset.o)
 .ARM.attributes
                0x00000a5d       0x36 /home/aghosh01/gcc-arm-none-eabi-4_7-2012q4/bin/../lib/gcc/arm-none-eabi/4.7.3/../../../../arm-none-eabi/lib/armv7e-m/fpu/libc.a(lib_a-mprec.o)
 .ARM.attributes
                0x00000a93       0x36 /home/aghosh01/gcc-arm-none-eabi-4_7-2012q4/bin/../lib/gcc/arm-none-eabi/4.7.3/../../../../arm-none-eabi/lib/armv7e-m/fpu/libc.a(lib_a-reallocr.o)
 .ARM.attributes
                0x00000ac9       0x36 /home/aghosh01/gcc-arm-none-eabi-4_7-2012q4/bin/../lib/gcc/arm-none-eabi/4.7.3/../../../../arm-none-eabi/lib/armv7e-m/fpu/libc.a(lib_a-s_fpclassify.o)
 .ARM.attributes
                0x00000aff       0x36 /home/aghosh01/gcc-arm-none-eabi-4_7-2012q4/bin/../lib/gcc/arm-none-eabi/4.7.3/../../../../arm-none-eabi/lib/armv7e-m/fpu/libc.a(lib_a-stdio.o)
 .ARM.attributes
                0x00000b35       0x36 /home/aghosh01/gcc-arm-none-eabi-4_7-2012q4/bin/../lib/gcc/arm-none-eabi/4.7.3/../../../../arm-none-eabi/lib/armv7e-m/fpu/libc.a(lib_a-vfiprintf.o)
 .ARM.attributes